Component: ARM Compiler 5.06 update 7 (build 960) Tool: armlink [4d3601]

==============================================================================

Section Cross References

    startup_stm32f427xx.o(STACK) refers (Special) to heapauxi.o(.text) for __use_two_region_memory
    startup_stm32f427xx.o(HEAP) refers (Special) to heapauxi.o(.text) for __use_two_region_memory
    startup_stm32f427xx.o(RESET) refers (Special) to heapauxi.o(.text) for __use_two_region_memory
    startup_stm32f427xx.o(RESET) refers to startup_stm32f427xx.o(STACK) for __initial_sp
    startup_stm32f427xx.o(RESET) refers to startup_stm32f427xx.o(.text) for Reset_Handler
    startup_stm32f427xx.o(RESET) refers to stm32f4xx_it.o(i.NMI_Handler) for NMI_Handler
    startup_stm32f427xx.o(RESET) refers to stm32f4xx_it.o(i.HardFault_Handler) for HardFault_Handler
    startup_stm32f427xx.o(RESET) refers to stm32f4xx_it.o(i.MemManage_Handler) for MemManage_Handler
    startup_stm32f427xx.o(RESET) refers to stm32f4xx_it.o(i.BusFault_Handler) for BusFault_Handler
    startup_stm32f427xx.o(RESET) refers to stm32f4xx_it.o(i.UsageFault_Handler) for UsageFault_Handler
    startup_stm32f427xx.o(RESET) refers to stm32f4xx_it.o(i.SVC_Handler) for SVC_Handler
    startup_stm32f427xx.o(RESET) refers to stm32f4xx_it.o(i.DebugMon_Handler) for DebugMon_Handler
    startup_stm32f427xx.o(RESET) refers to stm32f4xx_it.o(i.PendSV_Handler) for PendSV_Handler
    startup_stm32f427xx.o(RESET) refers to stm32f4xx_it.o(i.SysTick_Handler) for SysTick_Handler
    startup_stm32f427xx.o(RESET) refers to stm32f4xx_it.o(i.EXTI2_IRQHandler) for EXTI2_IRQHandler
    startup_stm32f427xx.o(RESET) refers to stm32f4xx_it.o(i.DMA1_Stream1_IRQHandler) for DMA1_Stream1_IRQHandler
    startup_stm32f427xx.o(RESET) refers to stm32f4xx_it.o(i.DMA1_Stream3_IRQHandler) for DMA1_Stream3_IRQHandler
    startup_stm32f427xx.o(RESET) refers to stm32f4xx_it.o(i.DMA1_Stream5_IRQHandler) for DMA1_Stream5_IRQHandler
    startup_stm32f427xx.o(RESET) refers to stm32f4xx_it.o(i.DMA1_Stream6_IRQHandler) for DMA1_Stream6_IRQHandler
    startup_stm32f427xx.o(RESET) refers to stm32f4xx_it.o(i.CAN1_TX_IRQHandler) for CAN1_TX_IRQHandler
    startup_stm32f427xx.o(RESET) refers to stm32f4xx_it.o(i.CAN1_RX0_IRQHandler) for CAN1_RX0_IRQHandler
    startup_stm32f427xx.o(RESET) refers to stm32f4xx_it.o(i.TIM2_IRQHandler) for TIM2_IRQHandler
    startup_stm32f427xx.o(RESET) refers to stm32f4xx_it.o(i.TIM3_IRQHandler) for TIM3_IRQHandler
    startup_stm32f427xx.o(RESET) refers to stm32f4xx_it.o(i.USART1_IRQHandler) for USART1_IRQHandler
    startup_stm32f427xx.o(RESET) refers to stm32f4xx_it.o(i.USART2_IRQHandler) for USART2_IRQHandler
    startup_stm32f427xx.o(RESET) refers to stm32f4xx_it.o(i.USART3_IRQHandler) for USART3_IRQHandler
    startup_stm32f427xx.o(RESET) refers to stm32f4xx_it.o(i.TIM5_IRQHandler) for TIM5_IRQHandler
    startup_stm32f427xx.o(RESET) refers to stm32f4xx_it.o(i.TIM6_DAC_IRQHandler) for TIM6_DAC_IRQHandler
    startup_stm32f427xx.o(RESET) refers to stm32f4xx_it.o(i.DMA2_Stream1_IRQHandler) for DMA2_Stream1_IRQHandler
    startup_stm32f427xx.o(RESET) refers to stm32f4xx_it.o(i.DMA2_Stream2_IRQHandler) for DMA2_Stream2_IRQHandler
    startup_stm32f427xx.o(RESET) refers to stm32f4xx_it.o(i.CAN2_TX_IRQHandler) for CAN2_TX_IRQHandler
    startup_stm32f427xx.o(RESET) refers to stm32f4xx_it.o(i.CAN2_RX0_IRQHandler) for CAN2_RX0_IRQHandler
    startup_stm32f427xx.o(RESET) refers to stm32f4xx_it.o(i.DMA2_Stream6_IRQHandler) for DMA2_Stream6_IRQHandler
    startup_stm32f427xx.o(RESET) refers to stm32f4xx_it.o(i.DMA2_Stream7_IRQHandler) for DMA2_Stream7_IRQHandler
    startup_stm32f427xx.o(RESET) refers to stm32f4xx_it.o(i.USART6_IRQHandler) for USART6_IRQHandler
    startup_stm32f427xx.o(.text) refers (Special) to heapauxi.o(.text) for __use_two_region_memory
    startup_stm32f427xx.o(.text) refers to system_stm32f4xx.o(i.SystemInit) for SystemInit
    startup_stm32f427xx.o(.text) refers to __main.o(!!!main) for __main
    startup_stm32f427xx.o(.text) refers to startup_stm32f427xx.o(HEAP) for Heap_Mem
    startup_stm32f427xx.o(.text) refers to startup_stm32f427xx.o(STACK) for Stack_Mem
    stm32f4xx_hal_tim.o(i.HAL_TIM_Base_DeInit) refers to tim.o(i.HAL_TIM_Base_MspDeInit) for HAL_TIM_Base_MspDeInit
    stm32f4xx_hal_tim.o(i.HAL_TIM_Base_Init) refers to tim.o(i.HAL_TIM_Base_MspInit) for HAL_TIM_Base_MspInit
    stm32f4xx_hal_tim.o(i.HAL_TIM_Base_Init) refers to stm32f4xx_hal_tim.o(i.TIM_Base_SetConfig) for TIM_Base_SetConfig
    stm32f4xx_hal_tim.o(i.HAL_TIM_Base_Start_DMA) refers to stm32f4xx_hal_dma.o(i.HAL_DMA_Start_IT) for HAL_DMA_Start_IT
    stm32f4xx_hal_tim.o(i.HAL_TIM_Base_Start_DMA) refers to stm32f4xx_hal_tim.o(i.TIM_DMAPeriodElapsedCplt) for TIM_DMAPeriodElapsedCplt
    stm32f4xx_hal_tim.o(i.HAL_TIM_Base_Start_DMA) refers to stm32f4xx_hal_tim.o(i.TIM_DMAPeriodElapsedHalfCplt) for TIM_DMAPeriodElapsedHalfCplt
[...]
    __rt_lib_init_argv_1                     0x08000247   Thumb Code     0  libinit2.o(.ARM.Collect$$libinit$$0000002C)
    __rt_lib_init_atexit_1                   0x08000247   Thumb Code     0  libinit2.o(.ARM.Collect$$libinit$$0000001B)
    __rt_lib_init_clock_1                    0x08000247   Thumb Code     0  libinit2.o(.ARM.Collect$$libinit$$00000021)
    __rt_lib_init_cpp_1                      0x08000247   Thumb Code     0  libinit2.o(.ARM.Collect$$libinit$$00000032)
    __rt_lib_init_exceptions_1               0x08000247   Thumb Code     0  libinit2.o(.ARM.Collect$$libinit$$00000030)
    __rt_lib_init_fp_trap_1                  0x08000247   Thumb Code     0  libinit2.o(.ARM.Collect$$libinit$$0000001F)
    __rt_lib_init_getenv_1                   0x08000247   Thumb Code     0  libinit2.o(.ARM.Collect$$libinit$$00000023)
    __rt_lib_init_lc_numeric_1               0x08000247   Thumb Code     0  libinit2.o(.ARM.Collect$$libinit$$00000017)
    __rt_lib_init_lc_time_1                  0x08000247   Thumb Code     0  libinit2.o(.ARM.Collect$$libinit$$00000019)
    __rt_lib_init_return                     0x08000247   Thumb Code     0  libinit2.o(.ARM.Collect$$libinit$$00000033)
    __rt_lib_init_signal_1                   0x08000247   Thumb Code     0  libinit2.o(.ARM.Collect$$libinit$$0000001D)
    __rt_lib_init_stdio_1                    0x08000247   Thumb Code     0  libinit2.o(.ARM.Collect$$libinit$$00000025)
    __rt_lib_shutdown                        0x08000249   Thumb Code     0  libshutdown.o(.ARM.Collect$$libshutdown$$00000000)
    __rt_lib_shutdown_cpp_1                  0x0800024b   Thumb Code     0  libshutdown2.o(.ARM.Collect$$libshutdown$$00000004)
    __rt_lib_shutdown_fini_1                 0x0800024b   Thumb Code     0  libshutdown2.o(.ARM.Collect$$libshutdown$$00000002)
    __rt_lib_shutdown_fp_trap_1              0x0800024b   Thumb Code     0  libshutdown2.o(.ARM.Collect$$libshutdown$$00000009)
    __rt_lib_shutdown_heap_1                 0x0800024b   Thumb Code     0  libshutdown2.o(.ARM.Collect$$libshutdown$$00000011)
    __rt_lib_shutdown_return                 0x0800024b   Thumb Code     0  libshutdown2.o(.ARM.Collect$$libshutdown$$00000012)
    __rt_lib_shutdown_signal_1               0x0800024b   Thumb Code     0  libshutdown2.o(.ARM.Collect$$libshutdown$$0000000C)
    __rt_lib_shutdown_stdio_1                0x0800024b   Thumb Code     0  libshutdown2.o(.ARM.Collect$$libshutdown$$00000006)
    __rt_lib_shutdown_user_alloc_1           0x0800024b   Thumb Code     0  libshutdown2.o(.ARM.Collect$$libshutdown$$0000000E)
    __rt_entry                               0x0800024d   Thumb Code     0  __rtentry.o(.ARM.Collect$$rtentry$$00000000)
    __rt_entry_presh_1                       0x0800024d   Thumb Code     0  __rtentry2.o(.ARM.Collect$$rtentry$$00000002)
    __rt_entry_sh                            0x0800024d   Thumb Code     0  __rtentry4.o(.ARM.Collect$$rtentry$$00000004)
    __rt_entry_li                            0x08000253   Thumb Code     0  __rtentry2.o(.ARM.Collect$$rtentry$$0000000A)
    __rt_entry_postsh_1                      0x08000253   Thumb Code     0  __rtentry2.o(.ARM.Collect$$rtentry$$00000009)
    __rt_entry_main                          0x08000257   Thumb Code     0  __rtentry2.o(.ARM.Collect$$rtentry$$0000000D)
    __rt_entry_postli_1                      0x08000257   Thumb Code     0  __rtentry2.o(.ARM.Collect$$rtentry$$0000000C)
    __rt_exit                                0x0800025f   Thumb Code     0  rtexit.o(.ARM.Collect$$rtexit$$00000000)
    __rt_exit_ls                             0x08000261   Thumb Code     0  rtexit2.o(.ARM.Collect$$rtexit$$00000003)
    __rt_exit_prels_1                        0x08000261   Thumb Code     0  rtexit2.o(.ARM.Collect$$rtexit$$00000002)
    __rt_exit_exit                           0x08000265   Thumb Code     0  rtexit2.o(.ARM.Collect$$rtexit$$00000004)
    Reset_Handler                            0x0800026d   Thumb Code     8  startup_stm32f427xx.o(.text)
    ADC_IRQHandler                           0x08000287   Thumb Code     0  startup_stm32f427xx.o(.text)
    CAN1_RX1_IRQHandler                      0x08000287   Thumb Code     0  startup_stm32f427xx.o(.text)
    CAN1_SCE_IRQHandler                      0x08000287   Thumb Code     0  startup_stm32f427xx.o(.text)
    CAN2_RX1_IRQHandler                      0x08000287   Thumb Code     0  startup_stm32f427xx.o(.text)
    CAN2_SCE_IRQHandler                      0x08000287   Thumb Code     0  startup_stm32f427xx.o(.text)
    DCMI_IRQHandler                          0x08000287   Thumb Code     0  startup_stm32f427xx.o(.text)
    DMA1_Stream0_IRQHandler                  0x08000287   Thumb Code     0  startup_stm32f427xx.o(.text)
    DMA1_Stream2_IRQHandler                  0x08000287   Thumb Code     0  startup_stm32f427xx.o(.text)
    DMA1_Stream4_IRQHandler                  0x08000287   Thumb Code     0  startup_stm32f427xx.o(.text)
    DMA1_Stream7_IRQHandler                  0x08000287   Thumb Code     0  startup_stm32f427xx.o(.text)
    DMA2D_IRQHandler                         0x08000287   Thumb Code     0  startup_stm32f427xx.o(.text)
    DMA2_Stream0_IRQHandler                  0x08000287   Thumb Code     0  startup_stm32f427xx.o(.text)
    DMA2_Stream3_IRQHandler                  0x08000287   Thumb Code     0  startup_stm32f427xx.o(.text)
    DMA2_Stream4_IRQHandler                  0x08000287   Thumb Code     0  startup_stm32f427xx.o(.text)
    DMA2_Stream5_IRQHandler                  0x08000287   Thumb Code     0  startup_stm32f427xx.o(.text)
    ETH_IRQHandler                           0x08000287   Thumb Code     0  startup_stm32f427xx.o(.text)
    ETH_WKUP_IRQHandler                      0x08000287   Thumb Code     0  startup_stm32f427xx.o(.text)
    EXTI0_IRQHandler                         0x08000287   Thumb Code     0  startup_stm32f427xx.o(.text)
    EXTI15_10_IRQHandler                     0x08000287   Thumb Code     0  startup_stm32f427xx.o(.text)
    EXTI1_IRQHandler                         0x08000287   Thumb Code     0  startup_stm32f427xx.o(.text)
    EXTI3_IRQHandler                         0x08000287   Thumb Code     0  startup_stm32f427xx.o(.text)
    EXTI4_IRQHandler                         0x08000287   Thumb Code     0  startup_stm32f427xx.o(.text)
    EXTI9_5_IRQHandler                       0x08000287   Thumb Code     0  startup_stm32f427xx.o(.text)
    FLASH_IRQHandler                         0x08000287   Thumb Code     0  startup_stm32f427xx.o(.text)
    FMC_IRQHandler                           0x08000287   Thumb Code     0  startup_stm32f427xx.o(.text)
    FPU_IRQHandler                           0x08000287   Thumb Code     0  startup_stm32f427xx.o(.text)
    HASH_RNG_IRQHandler                      0x08000287   Thumb Code     0  startup_stm32f427xx.o(.text)
    I2C1_ER_IRQHandler                       0x08000287   Thumb Code     0  startup_stm32f427xx.o(.text)
    I2C1_EV_IRQHandler                       0x08000287   Thumb Code     0  startup_stm32f427xx.o(.text)
    I2C2_ER_IRQHandler                       0x08000287   Thumb Code     0  startup_stm32f427xx.o(.text)
    I2C2_EV_IRQHandler                       0x08000287   Thumb Code     0  startup_stm32f427xx.o(.text)
    I2C3_ER_IRQHandler                       0x08000287   Thumb Code     0  startup_stm32f427xx.o(.text)
    I2C3_EV_IRQHandler                       0x08000287   Thumb Code     0  startup_stm32f427xx.o(.text)
    OTG_FS_IRQHandler                        0x08000287   Thumb Code     0  startup_stm32f427xx.o(.text)
    OTG_FS_WKUP_IRQHandler                   0x08000287   Thumb Code     0  startup_stm32f427xx.o(.text)
    OTG_HS_EP1_IN_IRQHandler                 0x08000287   Thumb Code     0  startup_stm32f427xx.o(.text)
    OTG_HS_EP1_OUT_IRQHandler                0x08000287   Thumb Code     0  startup_stm32f427xx.o(.text)
    OTG_HS_IRQHandler                        0x08000287   Thumb Code     0  startup_stm32f427xx.o(.text)
    OTG_HS_WKUP_IRQHandler                   0x08000287   Thumb Code     0  startup_stm32f427xx.o(.text)
    PVD_IRQHandler                           0x08000287   Thumb Code     0  startup_stm32f427xx.o(.text)
    RCC_IRQHandler                           0x08000287   Thumb Code     0  startup_stm32f427xx.o(.text)
    RTC_Alarm_IRQHandler                     0x08000287   Thumb Code     0  startup_stm32f427xx.o(.text)
    RTC_WKUP_IRQHandler                      0x08000287   Thumb Code     0  startup_stm32f427xx.o(.text)
    SAI1_IRQHandler                          0x08000287   Thumb Code     0  startup_stm32f427xx.o(.text)
    SDIO_IRQHandler                          0x08000287   Thumb Code     0  startup_stm32f427xx.o(.text)
    SPI1_IRQHandler                          0x08000287   Thumb Code     0  startup_stm32f427xx.o(.text)
    SPI2_IRQHandler                          0x08000287   Thumb Code     0  startup_stm32f427xx.o(.text)
    SPI3_IRQHandler                          0x08000287   Thumb Code     0  startup_stm32f427xx.o(.text)
    SPI4_IRQHandler                          0x08000287   Thumb Code     0  startup_stm32f427xx.o(.text)
    SPI5_IRQHandler                          0x08000287   Thumb Code     0  startup_stm32f427xx.o(.text)
    SPI6_IRQHandler                          0x08000287   Thumb Code     0  startup_stm32f427xx.o(.text)
    TAMP_STAMP_IRQHandler                    0x08000287   Thumb Code     0  startup_stm32f427xx.o(.text)
    TIM1_BRK_TIM9_IRQHandler                 0x08000287   Thumb Code     0  startup_stm32f427xx.o(.text)
    TIM1_CC_IRQHandler                       0x08000287   Thumb Code     0  startup_stm32f427xx.o(.text)
    TIM1_TRG_COM_TIM11_IRQHandler            0x08000287   Thumb Code     0  startup_stm32f427xx.o(.text)
    TIM1_UP_TIM10_IRQHandler                 0x08000287   Thumb Code     0  startup_stm32f427xx.o(.text)
    TIM4_IRQHandler                          0x08000287   Thumb Code     0  startup_stm32f427xx.o(.text)
    TIM7_IRQHandler                          0x08000287   Thumb Code     0  startup_stm32f427xx.o(.text)
    TIM8_BRK_TIM12_IRQHandler                0x08000287   Thumb Code     0  startup_stm32f427xx.o(.text)
    TIM8_CC_IRQHandler                       0x08000287   Thumb Code     0  startup_stm32f427xx.o(.text)
    TIM8_TRG_COM_TIM14_IRQHandler            0x08000287   Thumb Code     0  startup_stm32f427xx.o(.text)
    TIM8_UP_TIM13_IRQHandler                 0x08000287   Thumb Code     0  startup_stm32f427xx.o(.text)
    UART4_IRQHandler                         0x08000287   Thumb Code     0  startup_stm32f427xx.o(.text)
    UART5_IRQHandler                         0x08000287   Thumb Code     0  startup_stm32f427xx.o(.text)
    UART7_IRQHandler                         0x08000287   Thumb Code     0  startup_stm32f427xx.o(.text)
    UART8_IRQHandler                         0x08000287   Thumb Code     0  startup_stm32f427xx.o(.text)
    WWDG_IRQHandler                          0x08000287   Thumb Code     0  startup_stm32f427xx.o(.text)
    __user_initial_stackheap                 0x08000289   Thumb Code     0  startup_stm32f427xx.o(.text)
    __use_no_semihosting                     0x080002ad   Thumb Code     2  use_no_semi_2.o(.text)
    __aeabi_uldivmod                         0x080002af   Thumb Code     0  lludivv7m.o(.text)
    _ll_udiv                                 0x080002af   Thumb Code   238  lludivv7m.o(.text)
    __2printf                                0x0800039d   Thumb Code    20  __2printf.o(.text)
    _printf_int_dec                          0x080003b5   Thumb Code   104  _printf_dec.o(.text)
    __printf                                 0x0800042d   Thumb Code   270  __printf_wp.o(.text)
    __aeabi_memcpy                           0x0800053b   Thumb Code     0  rt_memcpy_v6.o(.text)
    __rt_memcpy                              0x0800053b   Thumb Code   138  rt_memcpy_v6.o(.text)
    _memcpy_lastbytes                        0x080005a1   Thumb Code     0  rt_memcpy_v6.o(.text)
    __aeabi_memclr                           0x080005c5   Thumb Code     0  rt_memclr.o(.text)
    __rt_memclr                              0x080005c5   Thumb Code    68  rt_memclr.o(.text)
    _memset                                  0x080005c9   Thumb Code     0  rt_memclr.o(.text)
    __aeabi_memclr4                          0x08000609   Thumb Code     0  rt_memclr_w.o(.text)
    __aeabi_memclr8                          0x08000609   Thumb Code     0  rt_memclr_w.o(.text)
    __rt_memclr_w                            0x08000609   Thumb Code    78  rt_memclr_w.o(.text)
    _memset_w                                0x0800060d   Thumb Code     0  rt_memclr_w.o(.text)
    __use_two_region_memory                  0x08000657   Thumb Code     2  heapauxi.o(.text)
    __rt_heap_escrow$2region                 0x08000659   Thumb Code     2  heapauxi.o(.text)
    __rt_heap_expand$2region                 0x0800065b   Thumb Code     2  heapauxi.o(.text)
    __semihosting$guard                      0x0800065d   Thumb Code     0  use_no_semi.o(.text)
    __use_no_semihosting_swi                 0x0800065d   Thumb Code     2  use_no_semi.o(.text)
    _printf_int_common                       0x0800065f   Thumb Code   178  _printf_intcommon.o(.text)
    __lib_sel_fp_printf                      0x08000711   Thumb Code     2  _printf_fp_dec.o(.text)
    _printf_fp_dec_real                      0x080008c3   Thumb Code   620  _printf_fp_dec.o(.text)
    _printf_char_common                      0x08000b3b   Thumb Code    32  _printf_char_common.o(.text)
    _printf_char_file                        0x08000b61   Thumb Code    32  _printf_char_file.o(.text)
    __aeabi_memcpy4                          0x08000b85   Thumb Code     0  rt_memcpy_w.o(.text)
    __aeabi_memcpy8                          0x08000b85   Thumb Code     0  rt_memcpy_w.o(.text)
    __rt_memcpy_w                            0x08000b85   Thumb Code   100  rt_memcpy_w.o(.text)
    _memcpy_lastbytes_aligned                0x08000bcd   Thumb Code     0  rt_memcpy_w.o(.text)
    __rt_locale                              0x08000be9   Thumb Code     8  rt_locale_intlibspace.o(.text)
    _ll_udiv10                               0x08000bf1   Thumb Code   138  lludiv10.o(.text)
    _printf_fp_infnan                        0x08000c7d   Thumb Code   112  _printf_fp_infnan.o(.text)
    _btod_etento                             0x08000cfd   Thumb Code   224  bigflt0.o(.text)
    ferror                                   0x08000de1   Thumb Code     8  ferror.o(.text)
    __user_libspace                          0x08000de9   Thumb Code     8  libspace.o(.text)
    __user_perproc_libspace                  0x08000de9   Thumb Code     0  libspace.o(.text)
    __user_perthread_libspace                0x08000de9   Thumb Code     0  libspace.o(.text)
    __user_setup_stackheap                   0x08000df1   Thumb Code    74  sys_stackheap_outer.o(.text)
    exit                                     0x08000e3b   Thumb Code    18  exit.o(.text)
    strcmp                                   0x08000e4d   Thumb Code   128  strcmpv7m.o(.text)
    _btod_d2e                                0x08000ecd   Thumb Code    62  btod.o(CL$$btod_d2e)
    _d2e_denorm_low                          0x08000f0b   Thumb Code    70  btod.o(CL$$btod_d2e_denorm_low)
    _d2e_norm_op1                            0x08000f51   Thumb Code    96  btod.o(CL$$btod_d2e_norm_op1)
    __btod_div_common                        0x08000fb1   Thumb Code   696  btod.o(CL$$btod_div_common)
    _e2e                                     0x080012e9   Thumb Code   220  btod.o(CL$$btod_e2e)
    _btod_ediv                               0x080013c5   Thumb Code    42  btod.o(CL$$btod_ediv)
    _btod_emul                               0x080013ef   Thumb Code    42  btod.o(CL$$btod_emul)
    __btod_mult_common                       0x08001419   Thumb Code   580  btod.o(CL$$btod_mult_common)
    BT_Init                                  0x0800165d   Thumb Code    28  bluetooth_motor.o(i.BT_Init)
    BusFault_Handler                         0x08001685   Thumb Code     2  stm32f4xx_it.o(i.BusFault_Handler)
    Buzzer_Init                              0x08001689   Thumb Code    18  buzzer.o(i.Buzzer_Init)
    Buzzer_Off                               0x080016a1   Thumb Code    12  buzzer.o(i.Buzzer_Off)
    Buzzer_On                                0x080016b1   Thumb Code    28  buzzer.o(i.Buzzer_On)
    Buzzer_SetFreq                           0x080016d1   Thumb Code    38  buzzer.o(i.Buzzer_SetFreq)
    Buzzer_StartUp_Sound                     0x08001701   Thumb Code    98  buzzer.o(i.Buzzer_StartUp_Sound)
    CAN1_RX0_IRQHandler                      0x08001765   Thumb Code     6  stm32f4xx_it.o(i.CAN1_RX0_IRQHandler)
    CAN1_TX_IRQHandler                       0x08001771   Thumb Code     6  stm32f4xx_it.o(i.CAN1_TX_IRQHandler)
    CAN2_RX0_IRQHandler                      0x0800177d   Thumb Code     6  stm32f4xx_it.o(i.CAN2_RX0_IRQHandler)
    CAN2_TX_IRQHandler                       0x08001789   Thumb Code     6  stm32f4xx_it.o(i.CAN2_TX_IRQHandler)
    CAN_cmd_chassis                          0x08001795   Thumb Code    60  can_receive.o(i.CAN_cmd_chassis)
    DMA1_Stream1_IRQHandler                  0x080017dd   Thumb Code     6  stm32f4xx_it.o(i.DMA1_Stream1_IRQHandler)
    DMA1_Stream3_IRQHandler                  0x080017e9   Thumb Code     6  stm32f4xx_it.o(i.DMA1_Stream3_IRQHandler)
    DMA1_Stream5_IRQHandler                  0x080017f5   Thumb Code     6  stm32f4xx_it.o(i.DMA1_Stream5_IRQHandler)
    DMA1_Stream6_IRQHandler                  0x08001801   Thumb Code     6  stm32f4xx_it.o(i.DMA1_Stream6_IRQHandler)
    DMA2_Stream1_IRQHandler                  0x0800180d   Thumb Code     6  stm32f4xx_it.o(i.DMA2_Stream1_IRQHandler)
    DMA2_Stream2_IRQHandler                  0x08001819   Thumb Code     6  stm32f4xx_it.o(i.DMA2_Stream2_IRQHandler)
    DMA2_Stream6_IRQHandler                  0x08001825   Thumb Code     6  stm32f4xx_it.o(i.DMA2_Stream6_IRQHandler)
    DMA2_Stream7_IRQHandler                  0x08001831   Thumb Code     6  stm32f4xx_it.o(i.DMA2_Stream7_IRQHandler)
    DebugMon_Handler                         0x080018e1   Thumb Code     2  stm32f4xx_it.o(i.DebugMon_Handler)
    EXTI2_IRQHandler                         0x080018e3   Thumb Code     6  stm32f4xx_it.o(i.EXTI2_IRQHandler)
    Encoder_Counter_Init                     0x080018e9   Thumb Code    64  encoder_counter.o(i.Encoder_Counter_Init)
    Encoder_Counter_Reset                    0x0800192d   Thumb Code    36  encoder_counter.o(i.Encoder_Counter_Reset)
    Encoder_Counter_Update                   0x08001955   Thumb Code    78  encoder_counter.o(i.Encoder_Counter_Update)
    Encoder_Get_Turn_Count                   0x080019a9   Thumb Code    22  encoder_counter.o(i.Encoder_Get_Turn_Count)
    Error_Handler                            0x080019c5   Thumb Code     4  main.o(i.Error_Handler)
    HAL_CAN_ActivateNotification             0x080019c9   Thumb Code    36  stm32f4xx_hal_can.o(i.HAL_CAN_ActivateNotification)
    HAL_CAN_AddTxMessage                     0x080019ed   Thumb Code   208  stm32f4xx_hal_can.o(i.HAL_CAN_AddTxMessage)
    HAL_CAN_ConfigFilter                     0x08001abd   Thumb Code   262  stm32f4xx_hal_can.o(i.HAL_CAN_ConfigFilter)
    HAL_CAN_ErrorCallback                    0x08001bc9   Thumb Code     2  stm32f4xx_hal_can.o(i.HAL_CAN_ErrorCallback)
    HAL_CAN_GetRxMessage                     0x08001bcb   Thumb Code   244  stm32f4xx_hal_can.o(i.HAL_CAN_GetRxMessage)
    HAL_CAN_IRQHandler                       0x08001cbf   Thumb Code   508  stm32f4xx_hal_can.o(i.HAL_CAN_IRQHandler)
    HAL_CAN_Init                             0x08001ebb   Thumb Code   282  stm32f4xx_hal_can.o(i.HAL_CAN_Init)
    HAL_CAN_MspInit                          0x08001fd5   Thumb Code   260  can.o(i.HAL_CAN_MspInit)
    HAL_CAN_RxFifo0FullCallback              0x080020f1   Thumb Code     2  stm32f4xx_hal_can.o(i.HAL_CAN_RxFifo0FullCallback)
    HAL_CAN_RxFifo0MsgPendingCallback        0x080020f5   Thumb Code   104  can_receive.o(i.HAL_CAN_RxFifo0MsgPendingCallback)
    HAL_CAN_RxFifo1FullCallback              0x08002165   Thumb Code     2  stm32f4xx_hal_can.o(i.HAL_CAN_RxFifo1FullCallback)
    HAL_CAN_RxFifo1MsgPendingCallback        0x08002167   Thumb Code     2  stm32f4xx_hal_can.o(i.HAL_CAN_RxFifo1MsgPendingCallback)
    HAL_CAN_SleepCallback                    0x08002169   Thumb Code     2  stm32f4xx_hal_can.o(i.HAL_CAN_SleepCallback)
    HAL_CAN_Start                            0x0800216d   Thumb Code    88  stm32f4xx_hal_can.o(i.HAL_CAN_Start)
    HAL_CAN_TxMailbox0AbortCallback          0x080021c5   Thumb Code     2  stm32f4xx_hal_can.o(i.HAL_CAN_TxMailbox0AbortCallback)
    HAL_CAN_TxMailbox0CompleteCallback       0x080021c7   Thumb Code     2  stm32f4xx_hal_can.o(i.HAL_CAN_TxMailbox0CompleteCallback)
    HAL_CAN_TxMailbox1AbortCallback          0x080021c9   Thumb Code     2  stm32f4xx_hal_can.o(i.HAL_CAN_TxMailbox1AbortCallback)
    HAL_CAN_TxMailbox1CompleteCallback       0x080021cb   Thumb Code     2  stm32f4xx_hal_can.o(i.HAL_CAN_TxMailbox1CompleteCallback)
    HAL_CAN_TxMailbox2AbortCallback          0x080021cd   Thumb Code     2  stm32f4xx_hal_can.o(i.HAL_CAN_TxMailbox2AbortCallback)
    HAL_CAN_TxMailbox2CompleteCallback       0x080021cf   Thumb Code     2  stm32f4xx_hal_can.o(i.HAL_CAN_TxMailbox2CompleteCallback)
    HAL_CAN_WakeUpFromRxMsgCallback          0x080021d1   Thumb Code     2  stm32f4xx_hal_can.o(i.HAL_CAN_WakeUpFromRxMsgCallback)
    HAL_DMA_Abort                            0x080021d3   Thumb Code   146  stm32f4xx_hal_dma.o(i.HAL_DMA_Abort)
    HAL_DMA_Abort_IT                         0x08002265   Thumb Code    36  stm32f4xx_hal_dma.o(i.HAL_DMA_Abort_IT)
    HAL_DMA_IRQHandler                       0x08002289   Thumb Code   412  stm32f4xx_hal_dma.o(i.HAL_DMA_IRQHandler)
    HAL_DMA_Init                             0x08002429   Thumb Code   206  stm32f4xx_hal_dma.o(i.HAL_DMA_Init)
    HAL_DMA_Start_IT                         0x080024fd   Thumb Code   110  stm32f4xx_hal_dma.o(i.HAL_DMA_Start_IT)
    HAL_Delay                                0x0800256d   Thumb Code    32  stm32f4xx_hal.o(i.HAL_Delay)
    HAL_GPIO_EXTI_Callback                   0x08002591   Thumb Code     2  stm32f4xx_hal_gpio.o(i.HAL_GPIO_EXTI_Callback)
    HAL_GPIO_EXTI_IRQHandler                 0x08002595   Thumb Code    18  stm32f4xx_hal_gpio.o(i.HAL_GPIO_EXTI_IRQHandler)
    HAL_GPIO_Init                            0x080025ad   Thumb Code   510  stm32f4xx_hal_gpio.o(i.HAL_GPIO_Init)
    HAL_GPIO_ReadPin                         0x080027e1   Thumb Code    10  stm32f4xx_hal_gpio.o(i.HAL_GPIO_ReadPin)
    HAL_GPIO_TogglePin                       0x080027eb   Thumb Code    16  stm32f4xx_hal_gpio.o(i.HAL_GPIO_TogglePin)
    HAL_GPIO_WritePin                        0x080027fb   Thumb Code    10  stm32f4xx_hal_gpio.o(i.HAL_GPIO_WritePin)
    HAL_GetTick                              0x08002805   Thumb Code     6  stm32f4xx_hal.o(i.HAL_GetTick)
    HAL_IncTick                              0x08002811   Thumb Code    12  stm32f4xx_hal.o(i.HAL_IncTick)
    HAL_Init                                 0x08002821   Thumb Code    48  stm32f4xx_hal.o(i.HAL_Init)
    HAL_InitTick                             0x08002855   Thumb Code   132  stm32f4xx_hal_timebase_tim.o(i.HAL_InitTick)
    HAL_MspInit                              0x080028ed   Thumb Code    42  stm32f4xx_hal_msp.o(i.HAL_MspInit)
    HAL_NVIC_EnableIRQ                       0x0800291d   Thumb Code    26  stm32f4xx_hal_cortex.o(i.HAL_NVIC_EnableIRQ)
    HAL_NVIC_SetPriority                     0x08002939   Thumb Code    60  stm32f4xx_hal_cortex.o(i.HAL_NVIC_SetPriority)
    HAL_NVIC_SetPriorityGrouping             0x08002979   Thumb Code    26  stm32f4xx_hal_cortex.o(i.HAL_NVIC_SetPriorityGrouping)
    HAL_PWREx_EnableOverDrive                0x0800299d   Thumb Code    98  stm32f4xx_hal_pwr_ex.o(i.HAL_PWREx_EnableOverDrive)
    HAL_RCC_ClockConfig                      0x08002a0d   Thumb Code   288  stm32f4xx_hal_rcc.o(i.HAL_RCC_ClockConfig)
    HAL_RCC_GetClockConfig                   0x08002b41   Thumb Code    54  stm32f4xx_hal_rcc.o(i.HAL_RCC_GetClockConfig)
    HAL_RCC_GetPCLK1Freq                     0x08002b81   Thumb Code    20  stm32f4xx_hal_rcc.o(i.HAL_RCC_GetPCLK1Freq)
    HAL_RCC_GetPCLK2Freq                     0x08002ba1   Thumb Code    20  stm32f4xx_hal_rcc.o(i.HAL_RCC_GetPCLK2Freq)
    HAL_RCC_GetSysClockFreq                  0x08002bc1   Thumb Code    88  stm32f4xx_hal_rcc.o(i.HAL_RCC_GetSysClockFreq)
    HAL_RCC_OscConfig                        0x08002c25   Thumb Code   856  stm32f4xx_hal_rcc.o(i.HAL_RCC_OscConfig)
    HAL_TIMEx_BreakCallback                  0x08002f91   Thumb Code     2  stm32f4xx_hal_tim_ex.o(i.HAL_TIMEx_BreakCallback)
    HAL_TIMEx_CommutCallback                 0x08002f93   Thumb Code     2  stm32f4xx_hal_tim_ex.o(i.HAL_TIMEx_CommutCallback)
    HAL_TIMEx_MasterConfigSynchronization    0x08002f95   Thumb Code   116  stm32f4xx_hal_tim_ex.o(i.HAL_TIMEx_MasterConfigSynchronization)
    HAL_TIM_Base_Init                        0x08003025   Thumb Code    90  stm32f4xx_hal_tim.o(i.HAL_TIM_Base_Init)
    HAL_TIM_Base_MspInit                     0x08003081   Thumb Code   122  tim.o(i.HAL_TIM_Base_MspInit)
    HAL_TIM_Base_Start_IT                    0x08003109   Thumb Code   100  stm32f4xx_hal_tim.o(i.HAL_TIM_Base_Start_IT)
    HAL_TIM_ConfigClockSource                0x08003189   Thumb Code   220  stm32f4xx_hal_tim.o(i.HAL_TIM_ConfigClockSource)
    HAL_TIM_IC_CaptureCallback               0x08003265   Thumb Code     2  stm32f4xx_hal_tim.o(i.HAL_TIM_IC_CaptureCallback)
    HAL_TIM_IRQHandler                       0x08003267   Thumb Code   304  stm32f4xx_hal_tim.o(i.HAL_TIM_IRQHandler)
    HAL_TIM_MspPostInit                      0x08003399   Thumb Code   112  tim.o(i.HAL_TIM_MspPostInit)
    HAL_TIM_OC_DelayElapsedCallback          0x08003419   Thumb Code     2  stm32f4xx_hal_tim.o(i.HAL_TIM_OC_DelayElapsedCallback)
    HAL_TIM_PWM_ConfigChannel                0x0800341b   Thumb Code   204  stm32f4xx_hal_tim.o(i.HAL_TIM_PWM_ConfigChannel)
    HAL_TIM_PWM_Init                         0x080034e7   Thumb Code    90  stm32f4xx_hal_tim.o(i.HAL_TIM_PWM_Init)
    HAL_TIM_PWM_MspInit                      0x08003541   Thumb Code    30  tim.o(i.HAL_TIM_PWM_MspInit)
    HAL_TIM_PWM_PulseFinishedCallback        0x08003569   Thumb Code     2  stm32f4xx_hal_tim.o(i.HAL_TIM_PWM_PulseFinishedCallback)
    HAL_TIM_PWM_Start                        0x0800356d   Thumb Code   172  stm32f4xx_hal_tim.o(i.HAL_TIM_PWM_Start)
    HAL_TIM_PeriodElapsedCallback            0x08003635   Thumb Code    52  user_tim.o(i.HAL_TIM_PeriodElapsedCallback)
    HAL_TIM_TriggerCallback                  0x08003679   Thumb Code     2  stm32f4xx_hal_tim.o(i.HAL_TIM_TriggerCallback)
    HAL_UARTEx_RxEventCallback               0x0800367b   Thumb Code     2  stm32f4xx_hal_uart.o(i.HAL_UARTEx_RxEventCallback)
    HAL_UART_ErrorCallback                   0x0800367d   Thumb Code     2  stm32f4xx_hal_uart.o(i.HAL_UART_ErrorCallback)
    HAL_UART_IRQHandler                      0x08003681   Thumb Code   636  stm32f4xx_hal_uart.o(i.HAL_UART_IRQHandler)
    HAL_UART_Init                            0x08003901   Thumb Code   100  stm32f4xx_hal_uart.o(i.HAL_UART_Init)
    HAL_UART_MspInit                         0x08003965   Thumb Code   964  usart.o(i.HAL_UART_MspInit)
    HAL_UART_Receive_DMA                     0x08003d69   Thumb Code    28  stm32f4xx_hal_uart.o(i.HAL_UART_Receive_DMA)
    HAL_UART_Receive_IT                      0x08003d85   Thumb Code    28  stm32f4xx_hal_uart.o(i.HAL_UART_Receive_IT)
    HAL_UART_RxCpltCallback                  0x08003da1   Thumb Code   100  user_usart.o(i.HAL_UART_RxCpltCallback)
    HAL_UART_RxHalfCpltCallback              0x08003e19   Thumb Code     2  stm32f4xx_hal_uart.o(i.HAL_UART_RxHalfCpltCallback)
    HAL_UART_TxCpltCallback                  0x08003e1b   Thumb Code     2  stm32f4xx_hal_uart.o(i.HAL_UART_TxCpltCallback)
    HardFault_Handler                        0x08003e1d   Thumb Code     2  stm32f4xx_it.o(i.HardFault_Handler)
    IMU_DMA_RxCpltHandler                    0x08003e21   Thumb Code    16  usart6.o(i.IMU_DMA_RxCpltHandler)
    IMU_GetOutputInfo                        0x08003e39   Thumb Code     4  usart6.o(i.IMU_GetOutputInfo)
    IMU_Process_Task                         0x08003e41   Thumb Code     4  usart6.o(i.IMU_Process_Task)
    IMU_USART_Init                           0x08003e45   Thumb Code    34  usart6.o(i.IMU_USART_Init)
    IMU_USART_ProcessData                    0x08003e75   Thumb Code   116  usart6.o(i.IMU_USART_ProcessData)
    IMU_USART_StartReceive                   0x08003ef1   Thumb Code    18  usart6.o(i.IMU_USART_StartReceive)
    MX_CAN1_Init                             0x08003f0d   Thumb Code    58  can.o(i.MX_CAN1_Init)
    MX_CAN2_Init                             0x08003f51   Thumb Code    62  can.o(i.MX_CAN2_Init)
    MX_DMA_Init                              0x08003f99   Thumb Code   168  dma.o(i.MX_DMA_Init)
    MX_GPIO_Init                             0x08004045   Thumb Code   458  gpio.o(i.MX_GPIO_Init)
    MX_TIM12_Init                            0x08004235   Thumb Code    80  tim.o(i.MX_TIM12_Init)
    MX_TIM2_Init                             0x0800428d   Thumb Code   194  tim.o(i.MX_TIM2_Init)
    MX_TIM3_Init                             0x08004355   Thumb Code    96  tim.o(i.MX_TIM3_Init)
    MX_TIM5_Init                             0x080043bd   Thumb Code    94  tim.o(i.MX_TIM5_Init)
    MX_UART7_Init                            0x08004425   Thumb Code    48  usart.o(i.MX_UART7_Init)
    MX_UART8_Init                            0x0800445d   Thumb Code    48  usart.o(i.MX_UART8_Init)
    MX_USART1_UART_Init                      0x08004495   Thumb Code    46  usart.o(i.MX_USART1_UART_Init)
    MX_USART2_UART_Init                      0x080044d1   Thumb Code    48  usart.o(i.MX_USART2_UART_Init)
    MX_USART3_UART_Init                      0x08004509   Thumb Code    48  usart.o(i.MX_USART3_UART_Init)
    MX_USART6_UART_Init                      0x08004541   Thumb Code    48  usart.o(i.MX_USART6_UART_Init)
    MemManage_Handler                        0x08004579   Thumb Code     2  stm32f4xx_it.o(i.MemManage_Handler)
    Motor_Emergency_Stop                     0x0800457d   Thumb Code   148  pwm_motor.o(i.Motor_Emergency_Stop)
    Motor_Init                               0x08004621   Thumb Code    64  pwm_motor.o(i.Motor_Init)
    Motor_Init_All                           0x08004669   Thumb Code    30  pwm_motor.o(i.Motor_Init_All)
    Motor_Is_Locked                          0x08004689   Thumb Code     6  pwm_motor.o(i.Motor_Is_Locked)
    Motor_Lock_All                           0x08004695   Thumb Code     4  pwm_motor.o(i.Motor_Lock_All)
    Motor_SetDirection                       0x08004699   Thumb Code    40  pwm_motor.o(i.Motor_SetDirection)
    Motor_SetSpeed                           0x080046c5   Thumb Code   164  pwm_motor.o(i.Motor_SetSpeed)
    Motor_Stop                               0x08004781   Thumb Code    74  pwm_motor.o(i.Motor_Stop)
    Motor_Stop_All                           0x080047d9   Thumb Code    30  pwm_motor.o(i.Motor_Stop_All)
    Motor_Unlock_All                         0x080047f9   Thumb Code    10  pwm_motor.o(i.Motor_Unlock_All)
    NMI_Handler                              0x08004809   Thumb Code     2  stm32f4xx_it.o(i.NMI_Handler)
    PID_Init                                 0x0800480d   Thumb Code    22  pid.o(i.PID_Init)
    PID_Loop_1ms                             0x08004829   Thumb Code   312  pid.o(i.PID_Loop_1ms)
    PID_SetTargetSpeed                       0x08004991   Thumb Code    16  pid.o(i.PID_SetTargetSpeed)
    PS2_Cmd                                  0x080049a5   Thumb Code   118  ps2.o(i.PS2_Cmd)
    PS2_Control_Init                         0x08004a29   Thumb Code    38  ps2_control.o(i.PS2_Control_Init)
    PS2_Control_TIM3_Callback                0x08004a55   Thumb Code   124  ps2_control.o(i.PS2_Control_TIM3_Callback)
    PS2_Delay_US                             0x08004add   Thumb Code    20  ps2.o(i.PS2_Delay_US)
    PS2_EnterConfing                         0x08004af1   Thumb Code    94  ps2.o(i.PS2_EnterConfing)
    PS2_ExitConfing                          0x08004b55   Thumb Code    94  ps2.o(i.PS2_ExitConfing)
    PS2_Filter_Get_LX                        0x08004bb9   Thumb Code    10  ps2_filter.o(i.PS2_Filter_Get_LX)
    PS2_Filter_Get_LY                        0x08004bc9   Thumb Code    10  ps2_filter.o(i.PS2_Filter_Get_LY)
    PS2_Filter_Get_RX                        0x08004bdd   Thumb Code    10  ps2_filter.o(i.PS2_Filter_Get_RX)
    PS2_Filter_Get_RY                        0x08004bf1   Thumb Code    10  ps2_filter.o(i.PS2_Filter_Get_RY)
    PS2_Filter_Init                          0x08004c01   Thumb Code    72  ps2_filter.o(i.PS2_Filter_Init)
    PS2_Init                                 0x08004c4d   Thumb Code    82  ps2.o(i.PS2_Init)
    PS2_ReadData                             0x08004ca9   Thumb Code    74  ps2.o(i.PS2_ReadData)
    PS2_ShortPoll                            0x08004d01   Thumb Code    70  ps2.o(i.PS2_ShortPoll)
    PS2_TurnOnAnalogMode                     0x08004d4d   Thumb Code    94  ps2.o(i.PS2_TurnOnAnalogMode)
    PendSV_Handler                           0x08004db1   Thumb Code     2  stm32f4xx_it.o(i.PendSV_Handler)
    Print_Task                               0x08004db5   Thumb Code   246  user_usart.o(i.Print_Task)
    SVC_Handler                              0x08004fad   Thumb Code     2  stm32f4xx_it.o(i.SVC_Handler)
    SysTick_Handler                          0x08004faf   Thumb Code     2  stm32f4xx_it.o(i.SysTick_Handler)
    SystemClock_Config                       0x08004fb1   Thumb Code   150  main.o(i.SystemClock_Config)
    SystemInit                               0x08005051   Thumb Code    12  system_stm32f4xx.o(i.SystemInit)
    TIM2_IRQHandler                          0x08005061   Thumb Code     6  stm32f4xx_it.o(i.TIM2_IRQHandler)
    TIM3_IRQHandler                          0x0800506d   Thumb Code     6  stm32f4xx_it.o(i.TIM3_IRQHandler)
    TIM3_PeriodElapsed_Handler               0x08005079   Thumb Code    54  user_tim.o(i.TIM3_PeriodElapsed_Handler)
    TIM3_Task_Execute                        0x080050b5   Thumb Code    50  user_tim.o(i.TIM3_Task_Execute)
    TIM5_IRQHandler                          0x080050ed   Thumb Code     6  stm32f4xx_it.o(i.TIM5_IRQHandler)
    TIM6_DAC_IRQHandler                      0x080050f9   Thumb Code     6  stm32f4xx_it.o(i.TIM6_DAC_IRQHandler)
    TIM_Base_SetConfig                       0x08005105   Thumb Code   164  stm32f4xx_hal_tim.o(i.TIM_Base_SetConfig)
    TIM_CCxChannelCmd                        0x080051d5   Thumb Code    26  stm32f4xx_hal_tim.o(i.TIM_CCxChannelCmd)
    TIM_ETR_SetConfig                        0x080051ef   Thumb Code    20  stm32f4xx_hal_tim.o(i.TIM_ETR_SetConfig)
    TIM_OC2_SetConfig                        0x08005275   Thumb Code    98  stm32f4xx_hal_tim.o(i.TIM_OC2_SetConfig)
    UART_Start_Receive_DMA                   0x08005715   Thumb Code   146  stm32f4xx_hal_uart.o(i.UART_Start_Receive_DMA)
    UART_Start_Receive_IT                    0x080057b5   Thumb Code    54  stm32f4xx_hal_uart.o(i.UART_Start_Receive_IT)
    USART1_IRQHandler                        0x080057ed   Thumb Code     6  stm32f4xx_it.o(i.USART1_IRQHandler)
    USART2_IRQHandler                        0x080057f9   Thumb Code     6  stm32f4xx_it.o(i.USART2_IRQHandler)
    USART2_init                              0x08005805   Thumb Code    10  user_usart.o(i.USART2_init)
    USART3_IRQHandler                        0x08005819   Thumb Code     6  stm32f4xx_it.o(i.USART3_IRQHandler)
    USART6_IRQHandler                        0x08005825   Thumb Code     6  stm32f4xx_it.o(i.USART6_IRQHandler)
    UsageFault_Handler                       0x08005831   Thumb Code     2  stm32f4xx_it.o(i.UsageFault_Handler)
    __ARM_fpclassify                         0x08005833   Thumb Code    48  fpclassify.o(i.__ARM_fpclassify)
    _is_digit                                0x08005883   Thumb Code    14  __printf_wp.o(i._is_digit)
    _sys_exit                                0x08005891   Thumb Code     2  user_usart.o(i._sys_exit)
    analysis_data                            0x08005893   Thumb Code   138  analysis_data.o(i.analysis_data)
    calc_checksum                            0x0800591d   Thumb Code    50  analysis_data.o(i.calc_checksum)
    can_filter_init                          0x08005951   Thumb Code    52  bsp_can.o(i.can_filter_init)
    check_data_len_by_id                     0x08005989   Thumb Code   760  analysis_data.o(i.check_data_len_by_id)
    fputc                                    0x08005d3d   Thumb Code    18  user_usart.o(i.fputc)
    get_chassis_motor_measure_point          0x08005d55   Thumb Code    16  can_receive.o(i.get_chassis_motor_measure_point)
    get_signed_int                           0x08005d91   Thumb Code    22  analysis_data.o(i.get_signed_int)
    main                                     0x08005e49   Thumb Code   146  main.o(i.main)
    ps2_get_anolog_data                      0x08006251   Thumb Code     6  ps2.o(i.ps2_get_anolog_data)
    ps2_get_key_state                        0x0800625d   Thumb Code    16  ps2.o(i.ps2_get_key_state)
    ps2_key_serch                            0x08006271   Thumb Code    68  ps2.o(i.ps2_key_serch)
    ps2_mode_get                             0x080062bd   Thumb Code    30  ps2.o(i.ps2_mode_get)
    _get_lc_numeric                          0x08006429   Thumb Code    44  lc_numeric_c.o(locale$$code)
    __aeabi_i2d                              0x08006455   Thumb Code     0  dflt_clz.o(x$fpl$dflt)
    _dflt                                    0x08006455   Thumb Code    46  dflt_clz.o(x$fpl$dflt)
    __aeabi_dmul                             0x08006485   Thumb Code     0  dmul.o(x$fpl$dmul)
    _dmul                                    0x08006485   Thumb Code   332  dmul.o(x$fpl$dmul)
    __fpl_dnaninf                            0x080065d9   Thumb Code   156  dnaninf.o(x$fpl$dnaninf)
    __fpl_dretinf                            0x08006675   Thumb Code    12  dretinf.o(x$fpl$dretinf)
    __aeabi_f2d                              0x08006681   Thumb Code     0  f2d.o(x$fpl$f2d)
    _f2d                                     0x08006681   Thumb Code    86  f2d.o(x$fpl$f2d)
    __fpl_fnaninf                            0x080066d7   Thumb Code   140  fnaninf.o(x$fpl$fnaninf)
    _fp_init                                 0x08006763   Thumb Code    10  fpinit.o(x$fpl$fpinit)
    __fplib_config_fpu_vfp                   0x0800676b   Thumb Code     0  fpinit.o(x$fpl$fpinit)
    __fplib_config_pureend_doubles           0x0800676b   Thumb Code     0  fpinit.o(x$fpl$fpinit)
    _printf_fp_dec                           0x0800676d   Thumb Code     4  printf1.o(x$fpl$printf1)
    __I$use$fp                               0x08006770   Number         0  usenofp.o(x$fpl$usenofp)
    AHBPrescTable                            0x08006778   Data          16  system_stm32f4xx.o(.constdata)
    APBPrescTable                            0x08006788   Data           8  system_stm32f4xx.o(.constdata)
    Region$$Table$$Base                      0x08006834   Number         0  anon$$obj.o(Region$$Table)
    Region$$Table$$Limit                     0x08006854   Number         0  anon$$obj.o(Region$$Table)
    uwTickFreq                               0x20000000   Data           1  stm32f4xx_hal.o(.data)
    uwTickPrio                               0x20000004   Data           4  stm32f4xx_hal.o(.data)
    uwTick                                   0x20000008   Data           4  stm32f4xx_hal.o(.data)
    SystemCoreClock                          0x2000000c   Data           4  system_stm32f4xx.o(.data)
    motor_A                                  0x2000001d   Data           4  pwm_motor.o(.data)
    motor_B                                  0x20000021   Data           4  pwm_motor.o(.data)
    motor_C                                  0x20000025   Data           4  pwm_motor.o(.data)
    motor_D                                  0x20000029   Data           4  pwm_motor.o(.data)
    tim3_flag                                0x2000002d   Data           1  user_tim.o(.data)
    g_rx_buffer                              0x2000002e   Data           1  user_usart.o(.data)
    g_usart_rx_sta                           0x20000030   Data           2  user_usart.o(.data)
    __stdout                                 0x20000034   Data           4  user_usart.o(.data)
    ps2_mode                                 0x20000038   Data           1  ps2.o(.data)
    Handkey                                  0x2000003c   Data           4  ps2.o(.data)
    Comd                                     0x20000040   Data           9  ps2.o(.data)
    MASK                                     0x2000004c   Data         128  ps2.o(.data)
    print_mode                               0x200000cf   Data           1  ps2_control.o(.data)
    CAN_MOTOR_SPEED                          0x200000e0   Data           4  ps2_control.o(.data)
    PWM_MOTOR_SPEED                          0x200000e4   Data           4  ps2_control.o(.data)
    g_imu_frame_ready                        0x20000110   Data           1  usart6.o(.data)
    hcan1                                    0x20000124   Data          40  can.o(.bss)
    hcan2                                    0x2000014c   Data          40  can.o(.bss)
    htim2                                    0x20000174   Data          72  tim.o(.bss)
    htim3                                    0x200001bc   Data          72  tim.o(.bss)
    htim5                                    0x20000204   Data          72  tim.o(.bss)
    htim12                                   0x2000024c   Data          72  tim.o(.bss)
    huart7                                   0x20000294   Data          72  usart.o(.bss)
    huart8                                   0x200002dc   Data          72  usart.o(.bss)
    huart1                                   0x20000324   Data          72  usart.o(.bss)
    huart2                                   0x2000036c   Data          72  usart.o(.bss)
    huart3                                   0x200003b4   Data          72  usart.o(.bss)
    huart6                                   0x200003fc   Data          72  usart.o(.bss)
    hdma_usart1_rx                           0x20000444   Data          96  usart.o(.bss)
    hdma_usart1_tx                           0x200004a4   Data          96  usart.o(.bss)
    hdma_usart2_rx                           0x20000504   Data          96  usart.o(.bss)
    hdma_usart2_tx                           0x20000564   Data          96  usart.o(.bss)
    hdma_usart3_rx                           0x200005c4   Data          96  usart.o(.bss)
    hdma_usart3_tx                           0x20000624   Data          96  usart.o(.bss)
    hdma_usart6_rx                           0x20000684   Data          96  usart.o(.bss)
    hdma_usart6_tx                           0x200006e4   Data          96  usart.o(.bss)
    htim6                                    0x20000744   Data          72  stm32f4xx_hal_timebase_tim.o(.bss)
    tim3_mgr                                 0x2000078c   Data          16  user_tim.o(.bss)
    g_usart_rx_buf                           0x2000079c   Data         200  user_usart.o(.bss)
    Data                                     0x20000864   Data           9  ps2.o(.bss)
    g_uart_rx_buf                            0x2000086d   Data         130  analysis_data.o(.bss)
    g_output_info                            0x200008ef   Data         116  analysis_data.o(.bss)
    g_imu_rx                                 0x20000964   Data         138  usart6.o(.bss)
    motor_chassis                            0x20000a34   Data          40  can_receive.o(.bss)
    __libspace_start                         0x20000acc   Data          96  libspace.o(.bss)
    __temporary_stack_top$libspace           0x20000b2c   Data           0  libspace.o(.bss)



==============================================================================

Memory Map of the image

  Image Entry point : 0x080001ad

  Load Region LR_IROM1 (Base: 0x08000000, Size: 0x00006994, Max: 0x00200000, ABSOLUTE)

    Execution Region ER_IROM1 (Exec base: 0x08000000, Load base: 0x08000000, Size: 0x00006870, Max: 0x00200000, ABSOLUTE)

    Exec Addr    Load Addr    Size         Type   Attr      Idx    E Section Name        Object

    0x08000000   0x08000000   0x000001ac   Data   RO            3    RESET               startup_stm32f427xx.o
    0x080001ac   0x080001ac   0x00000008   Code   RO         4716  * !!!main             c_w.l(__main.o)
    0x080001b4   0x080001b4   0x00000034   Code   RO         4963    !!!scatter          c_w.l(__scatter.o)
    0x080001e8   0x080001e8   0x0000001a   Code   RO         4965    !!handler_copy      c_w.l(__scatter_copy.o)
    0x08000202   0x08000202   0x00000002   PAD
    0x08000204   0x08000204   0x0000001c   Code   RO         4967    !!handler_zi        c_w.l(__scatter_zi.o)
    0x08000220   0x08000220   0x00000000   Code   RO         4707    .ARM.Collect$$_printf_percent$$00000000  c_w.l(_printf_percent.o)
    0x08000220   0x08000220   0x00000006   Code   RO         4706    .ARM.Collect$$_printf_percent$$00000003  c_w.l(_printf_f.o)
    0x08000226   0x08000226   0x00000006   Code   RO         4704    .ARM.Collect$$_printf_percent$$00000009  c_w.l(_printf_d.o)
    0x0800022c   0x0800022c   0x00000004   Code   RO         4751    .ARM.Collect$$_printf_percent$$00000017  c_w.l(_printf_percent_end.o)
    0x08000230   0x08000230   0x00000002   Code   RO         4843    .ARM.Collect$$libinit$$00000000  c_w.l(libinit.o)
    0x08000232   0x08000232   0x00000004   Code   RO         4844    .ARM.Collect$$libinit$$00000001  c_w.l(libinit2.o)
    0x08000236   0x08000236   0x00000000   Code   RO         4847    .ARM.Collect$$libinit$$00000004  c_w.l(libinit2.o)
    0x08000236   0x08000236   0x00000000   Code   RO         4850    .ARM.Collect$$libinit$$0000000A  c_w.l(libinit2.o)
    0x08000236   0x08000236   0x00000000   Code   RO         4852    .ARM.Collect$$libinit$$0000000C  c_w.l(libinit2.o)
    0x08000236   0x08000236   0x00000000   Code   RO         4854    .ARM.Collect$$libinit$$0000000E  c_w.l(libinit2.o)
    0x08000236   0x08000236   0x00000006   Code   RO         4855    .ARM.Collect$$libinit$$0000000F  c_w.l(libinit2.o)
    0x0800023c   0x0800023c   0x00000000   Code   RO         4857    .ARM.Collect$$libinit$$00000011  c_w.l(libinit2.o)
    0x0800023c   0x0800023c   0x00000000   Code   RO         4859    .ARM.Collect$$libinit$$00000013  c_w.l(libinit2.o)
    0x0800023c   0x0800023c   0x00000000   Code   RO         4861    .ARM.Collect$$libinit$$00000015  c_w.l(libinit2.o)
    0x0800023c   0x0800023c   0x0000000a   Code   RO         4862    .ARM.Collect$$libinit$$00000016  c_w.l(libinit2.o)
    0x08000246   0x08000246   0x00000000   Code   RO         4863    .ARM.Collect$$libinit$$00000017  c_w.l(libinit2.o)
    0x08000246   0x08000246   0x00000000   Code   RO         4865    .ARM.Collect$$libinit$$00000019  c_w.l(libinit2.o)
    0x08000246   0x08000246   0x00000000   Code   RO         4867    .ARM.Collect$$libinit$$0000001B  c_w.l(libinit2.o)
    0x08000246   0x08000246   0x00000000   Code   RO         4869    .ARM.Collect$$libinit$$0000001D  c_w.l(libinit2.o)
    0x08000246   0x08000246   0x00000000   Code   RO         4871    .ARM.Collect$$libinit$$0000001F  c_w.l(libinit2.o)
    0x08000246   0x08000246   0x00000000   Code   RO         4873    .ARM.Collect$$libinit$$00000021  c_w.l(libinit2.o)
    0x08000246   0x08000246   0x00000000   Code   RO         4875    .ARM.Collect$$libinit$$00000023  c_w.l(libinit2.o)
    0x08000246   0x08000246   0x00000000   Code   RO         4877    .ARM.Collect$$libinit$$00000025  c_w.l(libinit2.o)
    0x08000246   0x08000246   0x00000000   Code   RO         4881    .ARM.Collect$$libinit$$0000002C  c_w.l(libinit2.o)
    0x08000246   0x08000246   0x00000000   Code   RO         4883    .ARM.Collect$$libinit$$0000002E  c_w.l(libinit2.o)
    0x08000246   0x08000246   0x00000000   Code   RO         4885    .ARM.Collect$$libinit$$00000030  c_w.l(libinit2.o)
    0x08000246   0x08000246   0x00000000   Code   RO         4887    .ARM.Collect$$libinit$$00000032  c_w.l(libinit2.o)
    0x08000246   0x08000246   0x00000002   Code   RO         4888    .ARM.Collect$$libinit$$00000033  c_w.l(libinit2.o)
    0x08000248   0x08000248   0x00000002   Code   RO         4926    .ARM.Collect$$libshutdown$$00000000  c_w.l(libshutdown.o)
    0x0800024a   0x0800024a   0x00000000   Code   RO         4944    .ARM.Collect$$libshutdown$$00000002  c_w.l(libshutdown2.o)
    0x0800024a   0x0800024a   0x00000000   Code   RO         4946    .ARM.Collect$$libshutdown$$00000004  c_w.l(libshutdown2.o)
    0x0800024a   0x0800024a   0x00000000   Code   RO         4948    .ARM.Collect$$libshutdown$$00000006  c_w.l(libshutdown2.o)
    0x0800024a   0x0800024a   0x00000000   Code   RO         4951    .ARM.Collect$$libshutdown$$00000009  c_w.l(libshutdown2.o)
    0x0800024a   0x0800024a   0x00000000   Code   RO         4954    .ARM.Collect$$libshutdown$$0000000C  c_w.l(libshutdown2.o)
    0x0800024a   0x0800024a   0x00000000   Code   RO         4956    .ARM.Collect$$libshutdown$$0000000E  c_w.l(libshutdown2.o)
    0x0800024a   0x0800024a   0x00000000   Code   RO         4959    .ARM.Collect$$libshutdown$$00000011  c_w.l(libshutdown2.o)
    0x0800024a   0x0800024a   0x00000002   Code   RO         4960    .ARM.Collect$$libshutdown$$00000012  c_w.l(libshutdown2.o)
    0x0800024c   0x0800024c   0x00000000   Code   RO         4732    .ARM.Collect$$rtentry$$00000000  c_w.l(__rtentry.o)
    0x0800024c   0x0800024c   0x00000000   Code   RO         4762    .ARM.Collect$$rtentry$$00000002  c_w.l(__rtentry2.o)
    0x0800024c   0x0800024c   0x00000006   Code   RO         4774    .ARM.Collect$$rtentry$$00000004  c_w.l(__rtentry4.o)
    0x08000252   0x08000252   0x00000000   Code   RO         4764    .ARM.Collect$$rtentry$$00000009  c_w.l(__rtentry2.o)
    0x08000252   0x08000252   0x00000004   Code   RO         4765    .ARM.Collect$$rtentry$$0000000A  c_w.l(__rtentry2.o)
    0x08000256   0x08000256   0x00000000   Code   RO         4767    .ARM.Collect$$rtentry$$0000000C  c_w.l(__rtentry2.o)
    0x08000256   0x08000256   0x00000008   Code   RO         4768    .ARM.Collect$$rtentry$$0000000D  c_w.l(__rtentry2.o)
    0x0800025e   0x0800025e   0x00000002   Code   RO         4889    .ARM.Collect$$rtexit$$00000000  c_w.l(rtexit.o)
    0x08000260   0x08000260   0x00000000   Code   RO         4902    .ARM.Collect$$rtexit$$00000002  c_w.l(rtexit2.o)
    0x08000260   0x08000260   0x00000004   Code   RO         4903    .ARM.Collect$$rtexit$$00000003  c_w.l(rtexit2.o)
    0x08000264   0x08000264   0x00000006   Code   RO         4904    .ARM.Collect$$rtexit$$00000004  c_w.l(rtexit2.o)
    0x0800026a   0x0800026a   0x00000002   PAD
    0x0800026c   0x0800026c   0x00000040   Code   RO            4    .text               startup_stm32f427xx.o
    0x080002ac   0x080002ac   0x00000002   Code   RO         4665    .text               c_w.l(use_no_semi_2.o)
    0x080002ae   0x080002ae   0x000000ee   Code   RO         4667    .text               c_w.l(lludivv7m.o)
    0x0800039c   0x0800039c   0x00000018   Code   RO         4669    .text               c_w.l(__2printf.o)
    0x080003b4   0x080003b4   0x00000078   Code   RO         4681    .text               c_w.l(_printf_dec.o)
    0x0800042c   0x0800042c   0x0000010e   Code   RO         4691    .text               c_w.l(__printf_wp.o)
    0x0800053a   0x0800053a   0x0000008a   Code   RO         4708    .text               c_w.l(rt_memcpy_v6.o)
    0x080005c4   0x080005c4   0x00000044   Code   RO         4710    .text               c_w.l(rt_memclr.o)
    0x08000608   0x08000608   0x0000004e   Code   RO         4712    .text               c_w.l(rt_memclr_w.o)
    0x08000656   0x08000656   0x00000006   Code   RO         4714    .text               c_w.l(heapauxi.o)
    0x0800065c   0x0800065c   0x00000002   Code   RO         4730    .text               c_w.l(use_no_semi.o)
    0x0800065e   0x0800065e   0x000000b2   Code   RO         4737    .text               c_w.l(_printf_intcommon.o)
    0x08000710   0x08000710   0x0000041e   Code   RO         4739    .text               c_w.l(_printf_fp_dec.o)
    0x08000b2e   0x08000b2e   0x00000002   PAD
    0x08000b30   0x08000b30   0x00000030   Code   RO         4741    .text               c_w.l(_printf_char_common.o)
    0x08000b60   0x08000b60   0x00000024   Code   RO         4749    .text               c_w.l(_printf_char_file.o)
    0x08000b84   0x08000b84   0x00000064   Code   RO         4752    .text               c_w.l(rt_memcpy_w.o)
    0x08000be8   0x08000be8   0x00000008   Code   RO         4781    .text               c_w.l(rt_locale_intlibspace.o)
    0x08000bf0   0x08000bf0   0x0000008a   Code   RO         4783    .text               c_w.l(lludiv10.o)
    0x08000c7a   0x08000c7a   0x00000002   PAD
    0x08000c7c   0x08000c7c   0x00000080   Code   RO         4785    .text               c_w.l(_printf_fp_infnan.o)
    0x08000cfc   0x08000cfc   0x000000e4   Code   RO         4789    .text               c_w.l(bigflt0.o)
    0x08000de0   0x08000de0   0x00000008   Code   RO         4814    .text               c_w.l(ferror.o)
    0x08000de8   0x08000de8   0x00000008   Code   RO         4825    .text               c_w.l(libspace.o)
    0x08000df0   0x08000df0   0x0000004a   Code   RO         4828    .text               c_w.l(sys_stackheap_outer.o)
    0x08000e3a   0x08000e3a   0x00000012   Code   RO         4830    .text               c_w.l(exit.o)
    0x08000e4c   0x08000e4c   0x00000080   Code   RO         4836    .text               c_w.l(strcmpv7m.o)
    0x08000ecc   0x08000ecc   0x0000003e   Code   RO         4792    CL$$btod_d2e        c_w.l(btod.o)
    0x08000f0a   0x08000f0a   0x00000046   Code   RO         4794    CL$$btod_d2e_denorm_low  c_w.l(btod.o)
    0x08000f50   0x08000f50   0x00000060   Code   RO         4793    CL$$btod_d2e_norm_op1  c_w.l(btod.o)
    0x08000fb0   0x08000fb0   0x00000338   Code   RO         4802    CL$$btod_div_common  c_w.l(btod.o)
    0x080012e8   0x080012e8   0x000000dc   Code   RO         4799    CL$$btod_e2e        c_w.l(btod.o)
    0x080013c4   0x080013c4   0x0000002a   Code   RO         4796    CL$$btod_ediv       c_w.l(btod.o)
    0x080013ee   0x080013ee   0x0000002a   Code   RO         4795    CL$$btod_emul       c_w.l(btod.o)
    0x08001418   0x08001418   0x00000244   Code   RO         4801    CL$$btod_mult_common  c_w.l(btod.o)
    0x0800165c   0x0800165c   0x00000028   Code   RO         3590    i.BT_Init           bluetooth_motor.o
    0x08001684   0x08001684   0x00000002   Code   RO         3325    i.BusFault_Handler  stm32f4xx_it.o
    0x08001686   0x08001686   0x00000002   PAD
    0x08001688   0x08001688   0x00000018   Code   RO         3645    i.Buzzer_Init       buzzer.o
    0x080016a0   0x080016a0   0x00000010   Code   RO         3646    i.Buzzer_Off        buzzer.o
    0x080016b0   0x080016b0   0x00000020   Code   RO         3647    i.Buzzer_On         buzzer.o
    0x080016d0   0x080016d0   0x00000030   Code   RO         3648    i.Buzzer_SetFreq    buzzer.o
    0x08001700   0x08001700   0x00000062   Code   RO         3650    i.Buzzer_StartUp_Sound  buzzer.o
    0x08001762   0x08001762   0x00000002   PAD
    0x08001764   0x08001764   0x0000000c   Code   RO         3326    i.CAN1_RX0_IRQHandler  stm32f4xx_it.o
    0x08001770   0x08001770   0x0000000c   Code   RO         3327    i.CAN1_TX_IRQHandler  stm32f4xx_it.o
    0x0800177c   0x0800177c   0x0000000c   Code   RO         3328    i.CAN2_RX0_IRQHandler  stm32f4xx_it.o
    0x08001788   0x08001788   0x0000000c   Code   RO         3329    i.CAN2_TX_IRQHandler  stm32f4xx_it.o
    0x08001794   0x08001794   0x00000048   Code   RO         4513    i.CAN_cmd_chassis   can_receive.o
    0x080017dc   0x080017dc   0x0000000c   Code   RO         3330    i.DMA1_Stream1_IRQHandler  stm32f4xx_it.o
    0x080017e8   0x080017e8   0x0000000c   Code   RO         3331    i.DMA1_Stream3_IRQHandler  stm32f4xx_it.o
    0x080017f4   0x080017f4   0x0000000c   Code   RO         3332    i.DMA1_Stream5_IRQHandler  stm32f4xx_it.o
    0x08001800   0x08001800   0x0000000c   Code   RO         3333    i.DMA1_Stream6_IRQHandler  stm32f4xx_it.o
    0x0800180c   0x0800180c   0x0000000c   Code   RO         3334    i.DMA2_Stream1_IRQHandler  stm32f4xx_it.o
    0x08001818   0x08001818   0x0000000c   Code   RO         3335    i.DMA2_Stream2_IRQHandler  stm32f4xx_it.o
    0x08001824   0x08001824   0x0000000c   Code   RO         3336    i.DMA2_Stream6_IRQHandler  stm32f4xx_it.o
    0x08001830   0x08001830   0x0000000c   Code   RO         3337    i.DMA2_Stream7_IRQHandler  stm32f4xx_it.o
    0x0800183c   0x0800183c   0x00000028   Code   RO         1828    i.DMA_CalcBaseAndBitshift  stm32f4xx_hal_dma.o
    0x08001864   0x08001864   0x00000054   Code   RO         1829    i.DMA_CheckFifoParam  stm32f4xx_hal_dma.o
    0x080018b8   0x080018b8   0x00000028   Code   RO         1830    i.DMA_SetConfig     stm32f4xx_hal_dma.o
    0x080018e0   0x080018e0   0x00000002   Code   RO         3338    i.DebugMon_Handler  stm32f4xx_it.o
    0x080018e2   0x080018e2   0x00000006   Code   RO         3339    i.EXTI2_IRQHandler  stm32f4xx_it.o
    0x080018e8   0x080018e8   0x00000044   Code   RO         4563    i.Encoder_Counter_Init  encoder_counter.o
    0x0800192c   0x0800192c   0x00000028   Code   RO         4564    i.Encoder_Counter_Reset  encoder_counter.o
    0x08001954   0x08001954   0x00000054   Code   RO         4565    i.Encoder_Counter_Update  encoder_counter.o
    0x080019a8   0x080019a8   0x0000001c   Code   RO         4568    i.Encoder_Get_Turn_Count  encoder_counter.o
    0x080019c4   0x080019c4   0x00000004   Code   RO         2950    i.Error_Handler     main.o
    0x080019c8   0x080019c8   0x00000024   Code   RO         1084    i.HAL_CAN_ActivateNotification  stm32f4xx_hal_can.o
    0x080019ec   0x080019ec   0x000000d0   Code   RO         1085    i.HAL_CAN_AddTxMessage  stm32f4xx_hal_can.o
    0x08001abc   0x08001abc   0x0000010c   Code   RO         1086    i.HAL_CAN_ConfigFilter  stm32f4xx_hal_can.o
    0x08001bc8   0x08001bc8   0x00000002   Code   RO         1089    i.HAL_CAN_ErrorCallback  stm32f4xx_hal_can.o
    0x08001bca   0x08001bca   0x000000f4   Code   RO         1092    i.HAL_CAN_GetRxMessage  stm32f4xx_hal_can.o
    0x08001cbe   0x08001cbe   0x000001fc   Code   RO         1096    i.HAL_CAN_IRQHandler  stm32f4xx_hal_can.o
    0x08001eba   0x08001eba   0x0000011a   Code   RO         1097    i.HAL_CAN_Init      stm32f4xx_hal_can.o
    0x08001fd4   0x08001fd4   0x0000011c   Code   RO         3103    i.HAL_CAN_MspInit   can.o
    0x080020f0   0x080020f0   0x00000002   Code   RO         1104    i.HAL_CAN_RxFifo0FullCallback  stm32f4xx_hal_can.o
    0x080020f2   0x080020f2   0x00000002   PAD
    0x080020f4   0x080020f4   0x00000070   Code   RO         4515    i.HAL_CAN_RxFifo0MsgPendingCallback  can_receive.o
    0x08002164   0x08002164   0x00000002   Code   RO         1106    i.HAL_CAN_RxFifo1FullCallback  stm32f4xx_hal_can.o
    0x08002166   0x08002166   0x00000002   Code   RO         1107    i.HAL_CAN_RxFifo1MsgPendingCallback  stm32f4xx_hal_can.o
    0x08002168   0x08002168   0x00000002   Code   RO         1108    i.HAL_CAN_SleepCallback  stm32f4xx_hal_can.o
    0x0800216a   0x0800216a   0x00000002   PAD
    0x0800216c   0x0800216c   0x00000058   Code   RO         1109    i.HAL_CAN_Start     stm32f4xx_hal_can.o
    0x080021c4   0x080021c4   0x00000002   Code   RO         1111    i.HAL_CAN_TxMailbox0AbortCallback  stm32f4xx_hal_can.o
    0x080021c6   0x080021c6   0x00000002   Code   RO         1112    i.HAL_CAN_TxMailbox0CompleteCallback  stm32f4xx_hal_can.o
    0x080021c8   0x080021c8   0x00000002   Code   RO         1113    i.HAL_CAN_TxMailbox1AbortCallback  stm32f4xx_hal_can.o
    0x080021ca   0x080021ca   0x00000002   Code   RO         1114    i.HAL_CAN_TxMailbox1CompleteCallback  stm32f4xx_hal_can.o
    0x080021cc   0x080021cc   0x00000002   Code   RO         1115    i.HAL_CAN_TxMailbox2AbortCallback  stm32f4xx_hal_can.o
    0x080021ce   0x080021ce   0x00000002   Code   RO         1116    i.HAL_CAN_TxMailbox2CompleteCallback  stm32f4xx_hal_can.o
    0x080021d0   0x080021d0   0x00000002   Code   RO         1118    i.HAL_CAN_WakeUpFromRxMsgCallback  stm32f4xx_hal_can.o
    0x080021d2   0x080021d2   0x00000092   Code   RO         1831    i.HAL_DMA_Abort     stm32f4xx_hal_dma.o
    0x08002264   0x08002264   0x00000024   Code   RO         1832    i.HAL_DMA_Abort_IT  stm32f4xx_hal_dma.o
    0x08002288   0x08002288   0x000001a0   Code   RO         1836    i.HAL_DMA_IRQHandler  stm32f4xx_hal_dma.o
    0x08002428   0x08002428   0x000000d4   Code   RO         1837    i.HAL_DMA_Init      stm32f4xx_hal_dma.o
    0x080024fc   0x080024fc   0x0000006e   Code   RO         1841    i.HAL_DMA_Start_IT  stm32f4xx_hal_dma.o
    0x0800256a   0x0800256a   0x00000002   PAD
    0x0800256c   0x0800256c   0x00000024   Code   RO         2286    i.HAL_Delay         stm32f4xx_hal.o
    0x08002590   0x08002590   0x00000002   Code   RO         1722    i.HAL_GPIO_EXTI_Callback  stm32f4xx_hal_gpio.o
    0x08002592   0x08002592   0x00000002   PAD
    0x08002594   0x08002594   0x00000018   Code   RO         1723    i.HAL_GPIO_EXTI_IRQHandler  stm32f4xx_hal_gpio.o
    0x080025ac   0x080025ac   0x00000234   Code   RO         1724    i.HAL_GPIO_Init     stm32f4xx_hal_gpio.o
    0x080027e0   0x080027e0   0x0000000a   Code   RO         1726    i.HAL_GPIO_ReadPin  stm32f4xx_hal_gpio.o
    0x080027ea   0x080027ea   0x00000010   Code   RO         1727    i.HAL_GPIO_TogglePin  stm32f4xx_hal_gpio.o
    0x080027fa   0x080027fa   0x0000000a   Code   RO         1728    i.HAL_GPIO_WritePin  stm32f4xx_hal_gpio.o
    0x08002804   0x08002804   0x0000000c   Code   RO         2294    i.HAL_GetTick       stm32f4xx_hal.o
    0x08002810   0x08002810   0x00000010   Code   RO         2300    i.HAL_IncTick       stm32f4xx_hal.o
    0x08002820   0x08002820   0x00000034   Code   RO         2301    i.HAL_Init          stm32f4xx_hal.o
    0x08002854   0x08002854   0x00000098   Code   RO         3551    i.HAL_InitTick      stm32f4xx_hal_timebase_tim.o
    0x080028ec   0x080028ec   0x00000030   Code   RO         3527    i.HAL_MspInit       stm32f4xx_hal_msp.o
    0x0800291c   0x0800291c   0x0000001a   Code   RO         2134    i.HAL_NVIC_EnableIRQ  stm32f4xx_hal_cortex.o
    0x08002936   0x08002936   0x00000002   PAD
    0x08002938   0x08002938   0x00000040   Code   RO         2140    i.HAL_NVIC_SetPriority  stm32f4xx_hal_cortex.o
    0x08002978   0x08002978   0x00000024   Code   RO         2141    i.HAL_NVIC_SetPriorityGrouping  stm32f4xx_hal_cortex.o
    0x0800299c   0x0800299c   0x00000070   Code   RO         2060    i.HAL_PWREx_EnableOverDrive  stm32f4xx_hal_pwr_ex.o
    0x08002a0c   0x08002a0c   0x00000134   Code   RO         1318    i.HAL_RCC_ClockConfig  stm32f4xx_hal_rcc.o
    0x08002b40   0x08002b40   0x00000040   Code   RO         1322    i.HAL_RCC_GetClockConfig  stm32f4xx_hal_rcc.o
    0x08002b80   0x08002b80   0x00000020   Code   RO         1325    i.HAL_RCC_GetPCLK1Freq  stm32f4xx_hal_rcc.o
    0x08002ba0   0x08002ba0   0x00000020   Code   RO         1326    i.HAL_RCC_GetPCLK2Freq  stm32f4xx_hal_rcc.o
    0x08002bc0   0x08002bc0   0x00000064   Code   RO         1327    i.HAL_RCC_GetSysClockFreq  stm32f4xx_hal_rcc.o
    0x08002c24   0x08002c24   0x0000036c   Code   RO         1330    i.HAL_RCC_OscConfig  stm32f4xx_hal_rcc.o
    0x08002f90   0x08002f90   0x00000002   Code   RO          816    i.HAL_TIMEx_BreakCallback  stm32f4xx_hal_tim_ex.o
    0x08002f92   0x08002f92   0x00000002   Code   RO          817    i.HAL_TIMEx_CommutCallback  stm32f4xx_hal_tim_ex.o
    0x08002f94   0x08002f94   0x00000090   Code   RO          835    i.HAL_TIMEx_MasterConfigSynchronization  stm32f4xx_hal_tim_ex.o
    0x08003024   0x08003024   0x0000005a   Code   RO           15    i.HAL_TIM_Base_Init  stm32f4xx_hal_tim.o
    0x0800307e   0x0800307e   0x00000002   PAD
    0x08003080   0x08003080   0x00000088   Code   RO         3176    i.HAL_TIM_Base_MspInit  tim.o
    0x08003108   0x08003108   0x00000080   Code   RO           20    i.HAL_TIM_Base_Start_IT  stm32f4xx_hal_tim.o
    0x08003188   0x08003188   0x000000dc   Code   RO           24    i.HAL_TIM_ConfigClockSource  stm32f4xx_hal_tim.o
    0x08003264   0x08003264   0x00000002   Code   RO           49    i.HAL_TIM_IC_CaptureCallback  stm32f4xx_hal_tim.o
    0x08003266   0x08003266   0x00000130   Code   RO           63    i.HAL_TIM_IRQHandler  stm32f4xx_hal_tim.o
    0x08003396   0x08003396   0x00000002   PAD
    0x08003398   0x08003398   0x00000080   Code   RO         3177    i.HAL_TIM_MspPostInit  tim.o
    0x08003418   0x08003418   0x00000002   Code   RO           66    i.HAL_TIM_OC_DelayElapsedCallback  stm32f4xx_hal_tim.o
    0x0800341a   0x0800341a   0x000000cc   Code   RO           87    i.HAL_TIM_PWM_ConfigChannel  stm32f4xx_hal_tim.o
    0x080034e6   0x080034e6   0x0000005a   Code   RO           90    i.HAL_TIM_PWM_Init  stm32f4xx_hal_tim.o
    0x08003540   0x08003540   0x00000028   Code   RO         3179    i.HAL_TIM_PWM_MspInit  tim.o
    0x08003568   0x08003568   0x00000002   Code   RO           93    i.HAL_TIM_PWM_PulseFinishedCallback  stm32f4xx_hal_tim.o
    0x0800356a   0x0800356a   0x00000002   PAD
    0x0800356c   0x0800356c   0x000000c8   Code   RO           95    i.HAL_TIM_PWM_Start  stm32f4xx_hal_tim.o
    0x08003634   0x08003634   0x00000044   Code   RO         3905    i.HAL_TIM_PeriodElapsedCallback  user_tim.o
    0x08003678   0x08003678   0x00000002   Code   RO          106    i.HAL_TIM_TriggerCallback  stm32f4xx_hal_tim.o
    0x0800367a   0x0800367a   0x00000002   Code   RO         2561    i.HAL_UARTEx_RxEventCallback  stm32f4xx_hal_uart.o
    0x0800367c   0x0800367c   0x00000002   Code   RO         2575    i.HAL_UART_ErrorCallback  stm32f4xx_hal_uart.o
    0x0800367e   0x0800367e   0x00000002   PAD
    0x08003680   0x08003680   0x00000280   Code   RO         2578    i.HAL_UART_IRQHandler  stm32f4xx_hal_uart.o
    0x08003900   0x08003900   0x00000064   Code   RO         2579    i.HAL_UART_Init     stm32f4xx_hal_uart.o
    0x08003964   0x08003964   0x00000404   Code   RO         3254    i.HAL_UART_MspInit  usart.o
    0x08003d68   0x08003d68   0x0000001c   Code   RO         2583    i.HAL_UART_Receive_DMA  stm32f4xx_hal_uart.o
    0x08003d84   0x08003d84   0x0000001c   Code   RO         2584    i.HAL_UART_Receive_IT  stm32f4xx_hal_uart.o
    0x08003da0   0x08003da0   0x00000078   Code   RO         3948    i.HAL_UART_RxCpltCallback  user_usart.o
    0x08003e18   0x08003e18   0x00000002   Code   RO         2586    i.HAL_UART_RxHalfCpltCallback  stm32f4xx_hal_uart.o
    0x08003e1a   0x08003e1a   0x00000002   Code   RO         2590    i.HAL_UART_TxCpltCallback  stm32f4xx_hal_uart.o
    0x08003e1c   0x08003e1c   0x00000002   Code   RO         3340    i.HardFault_Handler  stm32f4xx_it.o
    0x08003e1e   0x08003e1e   0x00000002   PAD
    0x08003e20   0x08003e20   0x00000018   Code   RO         4327    i.IMU_DMA_RxCpltHandler  usart6.o
    0x08003e38   0x08003e38   0x00000008   Code   RO         4328    i.IMU_GetOutputInfo  usart6.o
    0x08003e40   0x08003e40   0x00000004   Code   RO         4330    i.IMU_Process_Task  usart6.o
    0x08003e44   0x08003e44   0x00000030   Code   RO         4332    i.IMU_USART_Init    usart6.o
    0x08003e74   0x08003e74   0x0000007c   Code   RO         4333    i.IMU_USART_ProcessData  usart6.o
    0x08003ef0   0x08003ef0   0x0000001c   Code   RO         4334    i.IMU_USART_StartReceive  usart6.o
    0x08003f0c   0x08003f0c   0x00000044   Code   RO         3104    i.MX_CAN1_Init      can.o
    0x08003f50   0x08003f50   0x00000048   Code   RO         3105    i.MX_CAN2_Init      can.o
    0x08003f98   0x08003f98   0x000000ac   Code   RO         3151    i.MX_DMA_Init       dma.o
    0x08004044   0x08004044   0x000001f0   Code   RO         3078    i.MX_GPIO_Init      gpio.o
    0x08004234   0x08004234   0x00000058   Code   RO         3180    i.MX_TIM12_Init     tim.o
    0x0800428c   0x0800428c   0x000000c8   Code   RO         3181    i.MX_TIM2_Init      tim.o
    0x08004354   0x08004354   0x00000068   Code   RO         3182    i.MX_TIM3_Init      tim.o
    0x080043bc   0x080043bc   0x00000068   Code   RO         3183    i.MX_TIM5_Init      tim.o
    0x08004424   0x08004424   0x00000038   Code   RO         3255    i.MX_UART7_Init     usart.o
    0x0800445c   0x0800445c   0x00000038   Code   RO         3256    i.MX_UART8_Init     usart.o
    0x08004494   0x08004494   0x0000003c   Code   RO         3257    i.MX_USART1_UART_Init  usart.o
    0x080044d0   0x080044d0   0x00000038   Code   RO         3258    i.MX_USART2_UART_Init  usart.o
    0x08004508   0x08004508   0x00000038   Code   RO         3259    i.MX_USART3_UART_Init  usart.o
    0x08004540   0x08004540   0x00000038   Code   RO         3260    i.MX_USART6_UART_Init  usart.o
    0x08004578   0x08004578   0x00000002   Code   RO         3341    i.MemManage_Handler  stm32f4xx_it.o
    0x0800457a   0x0800457a   0x00000002   PAD
    0x0800457c   0x0800457c   0x000000a4   Code   RO         3774    i.Motor_Emergency_Stop  pwm_motor.o
    0x08004620   0x08004620   0x00000048   Code   RO         3777    i.Motor_Init        pwm_motor.o
    0x08004668   0x08004668   0x0000001e   Code   RO         3778    i.Motor_Init_All    pwm_motor.o
    0x08004686   0x08004686   0x00000002   PAD
    0x08004688   0x08004688   0x0000000c   Code   RO         3779    i.Motor_Is_Locked   pwm_motor.o
    0x08004694   0x08004694   0x00000004   Code   RO         3780    i.Motor_Lock_All    pwm_motor.o
    0x08004698   0x08004698   0x0000002c   Code   RO         3782    i.Motor_SetDirection  pwm_motor.o
    0x080046c4   0x080046c4   0x000000bc   Code   RO         3783    i.Motor_SetSpeed    pwm_motor.o
    0x08004780   0x08004780   0x00000058   Code   RO         3787    i.Motor_Stop        pwm_motor.o
    0x080047d8   0x080047d8   0x0000001e   Code   RO         3788    i.Motor_Stop_All    pwm_motor.o
    0x080047f6   0x080047f6   0x00000002   PAD
    0x080047f8   0x080047f8   0x00000010   Code   RO         3789    i.Motor_Unlock_All  pwm_motor.o
    0x08004808   0x08004808   0x00000002   Code   RO         3342    i.NMI_Handler       stm32f4xx_it.o
    0x0800480a   0x0800480a   0x00000002   PAD
    0x0800480c   0x0800480c   0x0000001c   Code   RO         4619    i.PID_Init          pid.o
    0x08004828   0x08004828   0x00000168   Code   RO         4620    i.PID_Loop_1ms      pid.o
    0x08004990   0x08004990   0x00000014   Code   RO         4621    i.PID_SetTargetSpeed  pid.o
    0x080049a4   0x080049a4   0x00000084   Code   RO         4025    i.PS2_Cmd           ps2.o
    0x08004a28   0x08004a28   0x0000002c   Code   RO         4146    i.PS2_Control_Init  ps2_control.o
    0x08004a54   0x08004a54   0x00000088   Code   RO         4147    i.PS2_Control_TIM3_Callback  ps2_control.o
    0x08004adc   0x08004adc   0x00000014   Code   RO         4027    i.PS2_Delay_US      ps2.o
    0x08004af0   0x08004af0   0x00000064   Code   RO         4028    i.PS2_EnterConfing  ps2.o
    0x08004b54   0x08004b54   0x00000064   Code   RO         4029    i.PS2_ExitConfing   ps2.o
    0x08004bb8   0x08004bb8   0x00000010   Code   RO         4220    i.PS2_Filter_Get_LX  ps2_filter.o
    0x08004bc8   0x08004bc8   0x00000014   Code   RO         4221    i.PS2_Filter_Get_LY  ps2_filter.o
    0x08004bdc   0x08004bdc   0x00000014   Code   RO         4222    i.PS2_Filter_Get_RX  ps2_filter.o
    0x08004bf0   0x08004bf0   0x00000010   Code   RO         4223    i.PS2_Filter_Get_RY  ps2_filter.o
    0x08004c00   0x08004c00   0x0000004c   Code   RO         4224    i.PS2_Filter_Init   ps2_filter.o
    0x08004c4c   0x08004c4c   0x0000005c   Code   RO         4030    i.PS2_Init          ps2.o
    0x08004ca8   0x08004ca8   0x00000058   Code   RO         4031    i.PS2_ReadData      ps2.o
    0x08004d00   0x08004d00   0x0000004c   Code   RO         4032    i.PS2_ShortPoll     ps2.o
    0x08004d4c   0x08004d4c   0x00000064   Code   RO         4033    i.PS2_TurnOnAnalogMode  ps2.o
    0x08004db0   0x08004db0   0x00000002   Code   RO         3343    i.PendSV_Handler    stm32f4xx_it.o
    0x08004db2   0x08004db2   0x00000002   PAD
    0x08004db4   0x08004db4   0x000001f8   Code   RO         3949    i.Print_Task        user_usart.o
    0x08004fac   0x08004fac   0x00000002   Code   RO         3344    i.SVC_Handler       stm32f4xx_it.o
    0x08004fae   0x08004fae   0x00000002   Code   RO         3345    i.SysTick_Handler   stm32f4xx_it.o
    0x08004fb0   0x08004fb0   0x000000a0   Code   RO         2951    i.SystemClock_Config  main.o
    0x08005050   0x08005050   0x00000010   Code   RO         2913    i.SystemInit        system_stm32f4xx.o
    0x08005060   0x08005060   0x0000000c   Code   RO         3346    i.TIM2_IRQHandler   stm32f4xx_it.o
    0x0800506c   0x0800506c   0x0000000c   Code   RO         3347    i.TIM3_IRQHandler   stm32f4xx_it.o
    0x08005078   0x08005078   0x0000003c   Code   RO         3906    i.TIM3_PeriodElapsed_Handler  user_tim.o
    0x080050b4   0x080050b4   0x00000038   Code   RO         3907    i.TIM3_Task_Execute  user_tim.o
    0x080050ec   0x080050ec   0x0000000c   Code   RO         3348    i.TIM5_IRQHandler   stm32f4xx_it.o
    0x080050f8   0x080050f8   0x0000000c   Code   RO         3349    i.TIM6_DAC_IRQHandler  stm32f4xx_it.o
    0x08005104   0x08005104   0x000000d0   Code   RO          108    i.TIM_Base_SetConfig  stm32f4xx_hal_tim.o
    0x080051d4   0x080051d4   0x0000001a   Code   RO          109    i.TIM_CCxChannelCmd  stm32f4xx_hal_tim.o
    0x080051ee   0x080051ee   0x00000014   Code   RO          119    i.TIM_ETR_SetConfig  stm32f4xx_hal_tim.o
    0x08005202   0x08005202   0x00000010   Code   RO          120    i.TIM_ITRx_SetConfig  stm32f4xx_hal_tim.o
    0x08005212   0x08005212   0x00000002   PAD
    0x08005214   0x08005214   0x00000060   Code   RO          121    i.TIM_OC1_SetConfig  stm32f4xx_hal_tim.o
    0x08005274   0x08005274   0x0000006c   Code   RO          122    i.TIM_OC2_SetConfig  stm32f4xx_hal_tim.o
    0x080052e0   0x080052e0   0x00000068   Code   RO          123    i.TIM_OC3_SetConfig  stm32f4xx_hal_tim.o
    0x08005348   0x08005348   0x00000050   Code   RO          124    i.TIM_OC4_SetConfig  stm32f4xx_hal_tim.o
    0x08005398   0x08005398   0x00000022   Code   RO          126    i.TIM_TI1_ConfigInputStage  stm32f4xx_hal_tim.o
    0x080053ba   0x080053ba   0x00000024   Code   RO          128    i.TIM_TI2_ConfigInputStage  stm32f4xx_hal_tim.o
    0x080053de   0x080053de   0x0000000e   Code   RO         2592    i.UART_DMAAbortOnError  stm32f4xx_hal_uart.o
    0x080053ec   0x080053ec   0x0000004a   Code   RO         2593    i.UART_DMAError     stm32f4xx_hal_uart.o
    0x08005436   0x08005436   0x00000086   Code   RO         2594    i.UART_DMAReceiveCplt  stm32f4xx_hal_uart.o
    0x080054bc   0x080054bc   0x0000001e   Code   RO         2596    i.UART_DMARxHalfCplt  stm32f4xx_hal_uart.o
    0x080054da   0x080054da   0x0000004e   Code   RO         2602    i.UART_EndRxTransfer  stm32f4xx_hal_uart.o
    0x08005528   0x08005528   0x0000001c   Code   RO         2603    i.UART_EndTxTransfer  stm32f4xx_hal_uart.o
    0x08005544   0x08005544   0x000000c2   Code   RO         2604    i.UART_Receive_IT   stm32f4xx_hal_uart.o
    0x08005606   0x08005606   0x00000002   PAD
    0x08005608   0x08005608   0x0000010c   Code   RO         2605    i.UART_SetConfig    stm32f4xx_hal_uart.o
    0x08005714   0x08005714   0x000000a0   Code   RO         2606    i.UART_Start_Receive_DMA  stm32f4xx_hal_uart.o
    0x080057b4   0x080057b4   0x00000036   Code   RO         2607    i.UART_Start_Receive_IT  stm32f4xx_hal_uart.o
    0x080057ea   0x080057ea   0x00000002   PAD
    0x080057ec   0x080057ec   0x0000000c   Code   RO         3350    i.USART1_IRQHandler  stm32f4xx_it.o
    0x080057f8   0x080057f8   0x0000000c   Code   RO         3351    i.USART2_IRQHandler  stm32f4xx_it.o
    0x08005804   0x08005804   0x00000014   Code   RO         3950    i.USART2_init       user_usart.o
    0x08005818   0x08005818   0x0000000c   Code   RO         3352    i.USART3_IRQHandler  stm32f4xx_it.o
    0x08005824   0x08005824   0x0000000c   Code   RO         3353    i.USART6_IRQHandler  stm32f4xx_it.o
    0x08005830   0x08005830   0x00000002   Code   RO         3354    i.UsageFault_Handler  stm32f4xx_it.o
    0x08005832   0x08005832   0x00000030   Code   RO         4823    i.__ARM_fpclassify  m_wm.l(fpclassify.o)
    0x08005862   0x08005862   0x00000020   Code   RO         2147    i.__NVIC_SetPriority  stm32f4xx_hal_cortex.o
    0x08005882   0x08005882   0x0000000e   Code   RO         4693    i._is_digit         c_w.l(__printf_wp.o)
    0x08005890   0x08005890   0x00000002   Code   RO         3952    i._sys_exit         user_usart.o
    0x08005892   0x08005892   0x0000008a   Code   RO         4279    i.analysis_data     analysis_data.o
    0x0800591c   0x0800591c   0x00000032   Code   RO         4280    i.calc_checksum     analysis_data.o
    0x0800594e   0x0800594e   0x00000002   PAD
    0x08005950   0x08005950   0x00000038   Code   RO         4419    i.can_filter_init   bsp_can.o
    0x08005988   0x08005988   0x0000030c   Code   RO         4281    i.check_data_len_by_id  analysis_data.o
    0x08005c94   0x08005c94   0x0000000a   Code   RO         4335    i.copy_frame        usart6.o
    0x08005c9e   0x08005c9e   0x0000009e   Code   RO         4225    i.filter_update     ps2_filter.o
    0x08005d3c   0x08005d3c   0x00000018   Code   RO         3954    i.fputc             user_usart.o
    0x08005d54   0x08005d54   0x00000014   Code   RO         4516    i.get_chassis_motor_measure_point  can_receive.o
    0x08005d68   0x08005d68   0x00000028   Code   RO         3790    i.get_motor_instance  pwm_motor.o
    0x08005d90   0x08005d90   0x00000016   Code   RO         4282    i.get_signed_int    analysis_data.o
    0x08005da6   0x08005da6   0x00000002   PAD
    0x08005da8   0x08005da8   0x00000064   Code   RO         4149    i.handle_mode_switch  ps2_control.o
    0x08005e0c   0x08005e0c   0x00000020   Code   RO         4226    i.is_ly_anomaly     ps2_filter.o
    0x08005e2c   0x08005e2c   0x0000001a   Code   RO         4227    i.is_rx_anomaly     ps2_filter.o
    0x08005e46   0x08005e46   0x00000002   PAD
    0x08005e48   0x08005e48   0x000000a0   Code   RO         2952    i.main              main.o
    0x08005ee8   0x08005ee8   0x0000004c   Code   RO         4150    i.printmode_switch  ps2_control.o
    0x08005f34   0x08005f34   0x00000100   Code   RO         4151    i.process_can_control  ps2_control.o
    0x08006034   0x08006034   0x0000021c   Code   RO         4152    i.process_motor_control  ps2_control.o
    0x08006250   0x08006250   0x0000000c   Code   RO         4036    i.ps2_get_anolog_data  ps2.o
    0x0800625c   0x0800625c   0x00000014   Code   RO         4037    i.ps2_get_key_state  ps2.o
    0x08006270   0x08006270   0x0000004c   Code   RO         4038    i.ps2_key_serch     ps2.o
    0x080062bc   0x080062bc   0x00000028   Code   RO         4039    i.ps2_mode_get      ps2.o
    0x080062e4   0x080062e4   0x00000026   Code   RO         4153    i.stick_to_speed    ps2_control.o
    0x0800630a   0x0800630a   0x00000002   PAD
    0x0800630c   0x0800630c   0x0000011c   Code   RO         3791    i.update_motor_gpio  pwm_motor.o
    0x08006428   0x08006428   0x0000002c   Code   RO         4819    locale$$code        c_w.l(lc_numeric_c.o)
    0x08006454   0x08006454   0x0000002e   Code   RO         4719    x$fpl$dflt          fz_wm.l(dflt_clz.o)
    0x08006482   0x08006482   0x00000002   PAD
    0x08006484   0x08006484   0x00000154   Code   RO         4724    x$fpl$dmul          fz_wm.l(dmul.o)
    0x080065d8   0x080065d8   0x0000009c   Code   RO         4754    x$fpl$dnaninf       fz_wm.l(dnaninf.o)
    0x08006674   0x08006674   0x0000000c   Code   RO         4756    x$fpl$dretinf       fz_wm.l(dretinf.o)
    0x08006680   0x08006680   0x00000056   Code   RO         4726    x$fpl$f2d           fz_wm.l(f2d.o)
    0x080066d6   0x080066d6   0x0000008c   Code   RO         4758    x$fpl$fnaninf       fz_wm.l(fnaninf.o)
    0x08006762   0x08006762   0x0000000a   Code   RO         4899    x$fpl$fpinit        fz_wm.l(fpinit.o)
    0x0800676c   0x0800676c   0x00000004   Code   RO         4728    x$fpl$printf1       fz_wm.l(printf1.o)
    0x08006770   0x08006770   0x00000000   Code   RO         4760    x$fpl$usenofp       fz_wm.l(usenofp.o)
    0x08006770   0x08006770   0x00000008   Data   RO         1843    .constdata          stm32f4xx_hal_dma.o
    0x08006778   0x08006778   0x00000010   Data   RO         2914    .constdata          system_stm32f4xx.o
    0x08006788   0x08006788   0x00000008   Data   RO         2915    .constdata          system_stm32f4xx.o
    0x08006790   0x08006790   0x00000010   Data   RO         3792    .constdata          pwm_motor.o
    0x080067a0   0x080067a0   0x00000094   Data   RO         4790    .constdata          c_w.l(bigflt0.o)
    0x08006834   0x08006834   0x00000020   Data   RO         4961    Region$$Table       anon$$obj.o
    0x08006854   0x08006854   0x0000001c   Data   RO         4818    locale$$data        c_w.l(lc_numeric_c.o)


    Execution Region RW_IRAM2 (Exec base: 0x10000000, Load base: 0x08006994, Size: 0x00000000, Max: 0x00010000, ABSOLUTE)

    **** No section assigned to this execution region ****


    Execution Region RW_IRAM1 (Exec base: 0x20000000, Load base: 0x08006870, Size: 0x00001130, Max: 0x00030000, ABSOLUTE)

    Exec Addr    Load Addr    Size         Type   Attr      Idx    E Section Name        Object

    0x20000000   0x08006870   0x0000000c   Data   RW         2308    .data               stm32f4xx_hal.o
    0x2000000c   0x0800687c   0x00000004   Data   RW         2916    .data               system_stm32f4xx.o
    0x20000010   0x08006880   0x00000004   Data   RW         3107    .data               can.o
    0x20000014   0x08006884   0x00000008   Data   RW         3596    .data               bluetooth_motor.o
    0x2000001c   0x0800688c   0x00000011   Data   RW         3793    .data               pwm_motor.o
    0x2000002d   0x0800689d   0x00000001   Data   RW         3909    .data               user_tim.o
    0x2000002e   0x0800689e   0x00000004   Data   RW         3956    .data               user_usart.o
    0x20000032   0x080068a2   0x00000002   PAD
    0x20000034   0x080068a4   0x00000004   Data   RW         3957    .data               user_usart.o
    0x20000038   0x080068a8   0x00000094   Data   RW         4042    .data               ps2.o
    0x200000cc   0x0800693c   0x00000024   Data   RW         4154    .data               ps2_control.o
    0x200000f0   0x08006960   0x00000020   Data   RW         4228    .data               ps2_filter.o
    0x20000110   0x08006980   0x00000008   Data   RW         4337    .data               usart6.o
    0x20000118   0x08006988   0x00000009   Data   RW         4518    .data               can_receive.o
    0x20000121   0x08006991   0x00000001   PAD
    0x20000122   0x08006992   0x00000002   Data   RW         4623    .data               pid.o
    0x20000124        -       0x00000050   Zero   RW         3106    .bss                can.o
    0x20000174        -       0x00000120   Zero   RW         3184    .bss                tim.o
    0x20000294        -       0x000004b0   Zero   RW         3261    .bss                usart.o
    0x20000744        -       0x00000048   Zero   RW         3554    .bss                stm32f4xx_hal_timebase_tim.o
    0x2000078c        -       0x00000010   Zero   RW         3908    .bss                user_tim.o
    0x2000079c        -       0x000000c8   Zero   RW         3955    .bss                user_usart.o
    0x20000864        -       0x00000009   Zero   RW         4040    .bss                ps2.o
    0x2000086d        -       0x000000f6   Zero   RW         4284    .bss                analysis_data.o
    0x20000963   0x08006994   0x00000001   PAD
    0x20000964        -       0x000000cd   Zero   RW         4336    .bss                usart6.o
    0x20000a31   0x08006994   0x00000003   PAD
    0x20000a34        -       0x00000040   Zero   RW         4517    .bss                can_receive.o
    0x20000a74        -       0x00000030   Zero   RW         4569    .bss                encoder_counter.o
    0x20000aa4        -       0x00000028   Zero   RW         4622    .bss                pid.o
    0x20000acc        -       0x00000060   Zero   RW         4826    .bss                c_w.l(libspace.o)
    0x20000b2c   0x08006994   0x00000004   PAD
    0x20000b30        -       0x00000200   Zero   RW            2    HEAP                startup_stm32f427xx.o
    0x20000d30        -       0x00000400   Zero   RW            1    STACK               startup_stm32f427xx.o


==============================================================================

Image component sizes


      Code (inc. data)   RO Data    RW Data    ZI Data      Debug   Object Name

       990         20          0          0        246       6834   analysis_data.o
        40         12          0          8          0       1270   bluetooth_motor.o
        56          4          0          0          0     612082   bsp_can.o
       218         24          0          0          0       2919   buzzer.o
       424         44          0          4         80       2454   can.o
       204         24          0          9         64       3488   can_receive.o
       172          4          0          0          0        850   dma.o
       220         20          0          0         48       4205   encoder_counter.o
       496         38          0          0          0       1207   gpio.o
       324         24          0          0          0       4580   main.o
       408         58          0          2         40       3563   pid.o
       856         90          0        148          9       8209   ps2.o
      1190         56          0         36          0       6756   ps2_control.o
       364         36          0         32          0       6122   ps2_filter.o
       972         94         16         17          0       8981   pwm_motor.o
        64         26        428          0       1536        836   startup_stm32f427xx.o
       116         18          0         12          0       8802   stm32f4xx_hal.o
      1658          6          0          0          0      14131   stm32f4xx_hal_can.o
       158         14          0          0          0      32998   stm32f4xx_hal_cortex.o
      1084         16          8          0          0       7266   stm32f4xx_hal_dma.o
       626         60          0          0          0       4632   stm32f4xx_hal_gpio.o
        48          6          0          0          0        842   stm32f4xx_hal_msp.o
       112         14          0          0          0       1268   stm32f4xx_hal_pwr_ex.o
      1412         86          0          0          0       5853   stm32f4xx_hal_rcc.o
      1972        136          0          0          0     768048   stm32f4xx_hal_tim.o
       148         28          0          0          0       2449   stm32f4xx_hal_tim_ex.o
       152         20          0          0         72       1451   stm32f4xx_hal_timebase_tim.o
      1838         28          0          0          0      13890   stm32f4xx_hal_uart.o
       264        120          0          0          0      13807   stm32f4xx_it.o
        16          4         24          4          0       1103   system_stm32f4xx.o
       800         72          0          0        288       5059   tim.o
      1368        118          0          0       1200       5967   usart.o
       246         44          0          8        205       6822   usart6.o
       184         28          0          1         16       3042   user_tim.o
       670        294          0          8        200       5225   user_usart.o

    ----------------------------------------------------------------------
     19918       1686        508        292       4008    1577011   Object Totals
         0          0         32          0          0          0   (incl. Generated)
        48          0          0          3          4          0   (incl. Padding)

    ----------------------------------------------------------------------

      Code (inc. data)   RO Data    RW Data    ZI Data      Debug   Library Member Name

        24          4          0          0          0         84   __2printf.o
         8          0          0          0          0         68   __main.o
       284          0          0          0          0        156   __printf_wp.o
         0          0          0          0          0          0   __rtentry.o
        12          0          0          0          0          0   __rtentry2.o
         6          0          0          0          0          0   __rtentry4.o
        52          8          0          0          0          0   __scatter.o
        26          0          0          0          0          0   __scatter_copy.o
        28          0          0          0          0          0   __scatter_zi.o
        48          6          0          0          0         96   _printf_char_common.o
        36          4          0          0          0         80   _printf_char_file.o
         6          0          0          0          0          0   _printf_d.o
       120         16          0          0          0         92   _printf_dec.o
         6          0          0          0          0          0   _printf_f.o
      1054          0          0          0          0        216   _printf_fp_dec.o
       128         16          0          0          0         84   _printf_fp_infnan.o
       178          0          0          0          0         88   _printf_intcommon.o
         0          0          0          0          0          0   _printf_percent.o
         4          0          0          0          0          0   _printf_percent_end.o
       228          4        148          0          0         96   bigflt0.o
      1936        128          0          0          0        672   btod.o
        18          0          0          0          0         80   exit.o
         8          0          0          0          0         68   ferror.o
         6          0          0          0          0        152   heapauxi.o
        44         10         28          0          0         76   lc_numeric_c.o
         2          0          0          0          0          0   libinit.o
        22          0          0          0          0          0   libinit2.o
         2          0          0          0          0          0   libshutdown.o
         2          0          0          0          0          0   libshutdown2.o
         8          4          0          0         96         68   libspace.o
       138          0          0          0          0         80   lludiv10.o
       238          0          0          0          0        100   lludivv7m.o
         8          4          0          0          0         68   rt_locale_intlibspace.o
        68          0          0          0          0         68   rt_memclr.o
        78          0          0          0          0         80   rt_memclr_w.o
       138          0          0          0          0         68   rt_memcpy_v6.o
       100          0          0          0          0         80   rt_memcpy_w.o
         2          0          0          0          0          0   rtexit.o
        10          0          0          0          0          0   rtexit2.o
       128          0          0          0          0         68   strcmpv7m.o
        74          0          0          0          0         80   sys_stackheap_outer.o
         2          0          0          0          0         68   use_no_semi.o
         2          0          0          0          0         68   use_no_semi_2.o
        46          0          0          0          0        116   dflt_clz.o
       340         12          0          0          0        152   dmul.o
       156          4          0          0          0        140   dnaninf.o
        12          0          0          0          0        116   dretinf.o
        86          4          0          0          0        132   f2d.o
       140          4          0          0          0        132   fnaninf.o
        10          0          0          0          0        116   fpinit.o
         4          0          0          0          0        116   printf1.o
         0          0          0          0          0          0   usenofp.o
        48          0          0          0          0        124   fpclassify.o

    ----------------------------------------------------------------------
      6134        228        176          0        100       4148   Library Totals
        10          0          0          0          4          0   (incl. Padding)

    ----------------------------------------------------------------------

      Code (inc. data)   RO Data    RW Data    ZI Data      Debug   Library Name

      5282        204        176          0         96       3004   c_w.l
       794         24          0          0          0       1020   fz_wm.l
        48          0          0          0          0        124   m_wm.l

    ----------------------------------------------------------------------
      6134        228        176          0        100       4148   Library Totals

    ----------------------------------------------------------------------

==============================================================================


      Code (inc. data)   RO Data    RW Data    ZI Data      Debug   

     26052       1914        684        292       4108    1557495   Grand Totals
     26052       1914        684        292       4108    1557495   ELF Image Totals
     26052       1914        684        292          0          0   ROM Totals

==============================================================================

    Total RO  Size (Code + RO Data)                26736 (  26.11kB)
    Total RW  Size (RW Data + ZI Data)              4400 (   4.30kB)
    Total ROM Size (Code + RO Data + RW Data)      27028 (  26.39kB)

==============================================================================

