Component: ARM Compiler 5.06 update 7 (build 960) Tool: armlink [4d3601]

==============================================================================

Section Cross References

    startup_stm32f427xx.o(STACK) refers (Special) to heapauxi.o(.text) for __use_two_region_memory
    startup_stm32f427xx.o(HEAP) refers (Special) to heapauxi.o(.text) for __use_two_region_memory
    startup_stm32f427xx.o(RESET) refers (Special) to heapauxi.o(.text) for __use_two_region_memory
    startup_stm32f427xx.o(RESET) refers to startup_stm32f427xx.o(STACK) for __initial_sp
    startup_stm32f427xx.o(RESET) refers to startup_stm32f427xx.o(.text) for Reset_Handler
    startup_stm32f427xx.o(RESET) refers to stm32f4xx_it.o(i.NMI_Handler) for NMI_Handler
    startup_stm32f427xx.o(RESET) refers to stm32f4xx_it.o(i.HardFault_Handler) for HardFault_Handler
    startup_stm32f427xx.o(RESET) refers to stm32f4xx_it.o(i.MemManage_Handler) for MemManage_Handler
    startup_stm32f427xx.o(RESET) refers to stm32f4xx_it.o(i.BusFault_Handler) for BusFault_Handler
    startup_stm32f427xx.o(RESET) refers to stm32f4xx_it.o(i.UsageFault_Handler) for UsageFault_Handler
    startup_stm32f427xx.o(RESET) refers to stm32f4xx_it.o(i.SVC_Handler) for SVC_Handler
    startup_stm32f427xx.o(RESET) refers to stm32f4xx_it.o(i.DebugMon_Handler) for DebugMon_Handler
    startup_stm32f427xx.o(RESET) refers to stm32f4xx_it.o(i.PendSV_Handler) for PendSV_Handler
    startup_stm32f427xx.o(RESET) refers to stm32f4xx_it.o(i.SysTick_Handler) for SysTick_Handler
    startup_stm32f427xx.o(RESET) refers to stm32f4xx_it.o(i.EXTI2_IRQHandler) for EXTI2_IRQHandler
    startup_stm32f427xx.o(RESET) refers to stm32f4xx_it.o(i.DMA1_Stream1_IRQHandler) for DMA1_Stream1_IRQHandler
    startup_stm32f427xx.o(RESET) refers to stm32f4xx_it.o(i.DMA1_Stream3_IRQHandler) for DMA1_Stream3_IRQHandler
    startup_stm32f427xx.o(RESET) refers to stm32f4xx_it.o(i.DMA1_Stream5_IRQHandler) for DMA1_Stream5_IRQHandler
    startup_stm32f427xx.o(RESET) refers to stm32f4xx_it.o(i.DMA1_Stream6_IRQHandler) for DMA1_Stream6_IRQHandler
    startup_stm32f427xx.o(RESET) refers to stm32f4xx_it.o(i.CAN1_TX_IRQHandler) for CAN1_TX_IRQHandler
    startup_stm32f427xx.o(RESET) refers to stm32f4xx_it.o(i.CAN1_RX0_IRQHandler) for CAN1_RX0_IRQHandler
    startup_stm32f427xx.o(RESET) refers to stm32f4xx_it.o(i.TIM2_IRQHandler) for TIM2_IRQHandler
    startup_stm32f427xx.o(RESET) refers to stm32f4xx_it.o(i.TIM3_IRQHandler) for TIM3_IRQHandler
    startup_stm32f427xx.o(RESET) refers to stm32f4xx_it.o(i.USART1_IRQHandler) for USART1_IRQHandler
    startup_stm32f427xx.o(RESET) refers to stm32f4xx_it.o(i.USART2_IRQHandler) for USART2_IRQHandler
    startup_stm32f427xx.o(RESET) refers to stm32f4xx_it.o(i.USART3_IRQHandler) for USART3_IRQHandler
    startup_stm32f427xx.o(RESET) refers to stm32f4xx_it.o(i.TIM5_IRQHandler) for TIM5_IRQHandler
    startup_stm32f427xx.o(RESET) refers to stm32f4xx_it.o(i.TIM6_DAC_IRQHandler) for TIM6_DAC_IRQHandler
    startup_stm32f427xx.o(RESET) refers to stm32f4xx_it.o(i.DMA2_Stream1_IRQHandler) for DMA2_Stream1_IRQHandler
    startup_stm32f427xx.o(RESET) refers to stm32f4xx_it.o(i.DMA2_Stream2_IRQHandler) for DMA2_Stream2_IRQHandler
    startup_stm32f427xx.o(RESET) refers to stm32f4xx_it.o(i.CAN2_TX_IRQHandler) for CAN2_TX_IRQHandler
    startup_stm32f427xx.o(RESET) refers to stm32f4xx_it.o(i.CAN2_RX0_IRQHandler) for CAN2_RX0_IRQHandler
    startup_stm32f427xx.o(RESET) refers to stm32f4xx_it.o(i.DMA2_Stream6_IRQHandler) for DMA2_Stream6_IRQHandler
    startup_stm32f427xx.o(RESET) refers to stm32f4xx_it.o(i.DMA2_Stream7_IRQHandler) for DMA2_Stream7_IRQHandler
    startup_stm32f427xx.o(RESET) refers to stm32f4xx_it.o(i.USART6_IRQHandler) for USART6_IRQHandler
    startup_stm32f427xx.o(.text) refers (Special) to heapauxi.o(.text) for __use_two_region_memory
    startup_stm32f427xx.o(.text) refers to system_stm32f4xx.o(i.SystemInit) for SystemInit
    startup_stm32f427xx.o(.text) refers to __main.o(!!!main) for __main
    startup_stm32f427xx.o(.text) refers to startup_stm32f427xx.o(HEAP) for Heap_Mem
    startup_stm32f427xx.o(.text) refers to startup_stm32f427xx.o(STACK) for Stack_Mem
    stm32f4xx_hal_tim.o(i.HAL_TIM_Base_DeInit) refers to tim.o(i.HAL_TIM_Base_MspDeInit) for HAL_TIM_Base_MspDeInit
    stm32f4xx_hal_tim.o(i.HAL_TIM_Base_Init) refers to tim.o(i.HAL_TIM_Base_MspInit) for HAL_TIM_Base_MspInit
    stm32f4xx_hal_tim.o(i.HAL_TIM_Base_Init) refers to stm32f4xx_hal_tim.o(i.TIM_Base_SetConfig) for TIM_Base_SetConfig
    stm32f4xx_hal_tim.o(i.HAL_TIM_Base_Start_DMA) refers to stm32f4xx_hal_dma.o(i.HAL_DMA_Start_IT) for HAL_DMA_Start_IT
    stm32f4xx_hal_tim.o(i.HAL_TIM_Base_Start_DMA) refers to stm32f4xx_hal_tim.o(i.TIM_DMAPeriodElapsedCplt) for TIM_DMAPeriodElapsedCplt
    stm32f4xx_hal_tim.o(i.HAL_TIM_Base_Start_DMA) refers to stm32f4xx_hal_tim.o(i.TIM_DMAPeriodElapsedHalfCplt) for TIM_DMAPeriodElapsedHalfCplt
[...]
    __rt_lib_shutdown_fp_trap_1              0x0800024b   Thumb Code     0  libshutdown2.o(.ARM.Collect$$libshutdown$$00000009)
    __rt_lib_shutdown_heap_1                 0x0800024b   Thumb Code     0  libshutdown2.o(.ARM.Collect$$libshutdown$$00000011)
    __rt_lib_shutdown_return                 0x0800024b   Thumb Code     0  libshutdown2.o(.ARM.Collect$$libshutdown$$00000012)
    __rt_lib_shutdown_signal_1               0x0800024b   Thumb Code     0  libshutdown2.o(.ARM.Collect$$libshutdown$$0000000C)
    __rt_lib_shutdown_stdio_1                0x0800024b   Thumb Code     0  libshutdown2.o(.ARM.Collect$$libshutdown$$00000006)
    __rt_lib_shutdown_user_alloc_1           0x0800024b   Thumb Code     0  libshutdown2.o(.ARM.Collect$$libshutdown$$0000000E)
    __rt_entry                               0x0800024d   Thumb Code     0  __rtentry.o(.ARM.Collect$$rtentry$$00000000)
    __rt_entry_presh_1                       0x0800024d   Thumb Code     0  __rtentry2.o(.ARM.Collect$$rtentry$$00000002)
    __rt_entry_sh                            0x0800024d   Thumb Code     0  __rtentry4.o(.ARM.Collect$$rtentry$$00000004)
    __rt_entry_li                            0x08000253   Thumb Code     0  __rtentry2.o(.ARM.Collect$$rtentry$$0000000A)
    __rt_entry_postsh_1                      0x08000253   Thumb Code     0  __rtentry2.o(.ARM.Collect$$rtentry$$00000009)
    __rt_entry_main                          0x08000257   Thumb Code     0  __rtentry2.o(.ARM.Collect$$rtentry$$0000000D)
    __rt_entry_postli_1                      0x08000257   Thumb Code     0  __rtentry2.o(.ARM.Collect$$rtentry$$0000000C)
    __rt_exit                                0x0800025f   Thumb Code     0  rtexit.o(.ARM.Collect$$rtexit$$00000000)
    __rt_exit_ls                             0x08000261   Thumb Code     0  rtexit2.o(.ARM.Collect$$rtexit$$00000003)
    __rt_exit_prels_1                        0x08000261   Thumb Code     0  rtexit2.o(.ARM.Collect$$rtexit$$00000002)
    __rt_exit_exit                           0x08000265   Thumb Code     0  rtexit2.o(.ARM.Collect$$rtexit$$00000004)
    Reset_Handler                            0x0800026d   Thumb Code     8  startup_stm32f427xx.o(.text)
    ADC_IRQHandler                           0x08000287   Thumb Code     0  startup_stm32f427xx.o(.text)
    CAN1_RX1_IRQHandler                      0x08000287   Thumb Code     0  startup_stm32f427xx.o(.text)
    CAN1_SCE_IRQHandler                      0x08000287   Thumb Code     0  startup_stm32f427xx.o(.text)
    CAN2_RX1_IRQHandler                      0x08000287   Thumb Code     0  startup_stm32f427xx.o(.text)
    CAN2_SCE_IRQHandler                      0x08000287   Thumb Code     0  startup_stm32f427xx.o(.text)
    DCMI_IRQHandler                          0x08000287   Thumb Code     0  startup_stm32f427xx.o(.text)
    DMA1_Stream0_IRQHandler                  0x08000287   Thumb Code     0  startup_stm32f427xx.o(.text)
    DMA1_Stream2_IRQHandler                  0x08000287   Thumb Code     0  startup_stm32f427xx.o(.text)
    DMA1_Stream4_IRQHandler                  0x08000287   Thumb Code     0  startup_stm32f427xx.o(.text)
    DMA1_Stream7_IRQHandler                  0x08000287   Thumb Code     0  startup_stm32f427xx.o(.text)
    DMA2D_IRQHandler                         0x08000287   Thumb Code     0  startup_stm32f427xx.o(.text)
    DMA2_Stream0_IRQHandler                  0x08000287   Thumb Code     0  startup_stm32f427xx.o(.text)
    DMA2_Stream3_IRQHandler                  0x08000287   Thumb Code     0  startup_stm32f427xx.o(.text)
    DMA2_Stream4_IRQHandler                  0x08000287   Thumb Code     0  startup_stm32f427xx.o(.text)
    DMA2_Stream5_IRQHandler                  0x08000287   Thumb Code     0  startup_stm32f427xx.o(.text)
    ETH_IRQHandler                           0x08000287   Thumb Code     0  startup_stm32f427xx.o(.text)
    ETH_WKUP_IRQHandler                      0x08000287   Thumb Code     0  startup_stm32f427xx.o(.text)
    EXTI0_IRQHandler                         0x08000287   Thumb Code     0  startup_stm32f427xx.o(.text)
    EXTI15_10_IRQHandler                     0x08000287   Thumb Code     0  startup_stm32f427xx.o(.text)
    EXTI1_IRQHandler                         0x08000287   Thumb Code     0  startup_stm32f427xx.o(.text)
    EXTI3_IRQHandler                         0x08000287   Thumb Code     0  startup_stm32f427xx.o(.text)
    EXTI4_IRQHandler                         0x08000287   Thumb Code     0  startup_stm32f427xx.o(.text)
    EXTI9_5_IRQHandler                       0x08000287   Thumb Code     0  startup_stm32f427xx.o(.text)
    FLASH_IRQHandler                         0x08000287   Thumb Code     0  startup_stm32f427xx.o(.text)
    FMC_IRQHandler                           0x08000287   Thumb Code     0  startup_stm32f427xx.o(.text)
    FPU_IRQHandler                           0x08000287   Thumb Code     0  startup_stm32f427xx.o(.text)
    HASH_RNG_IRQHandler                      0x08000287   Thumb Code     0  startup_stm32f427xx.o(.text)
    I2C1_ER_IRQHandler                       0x08000287   Thumb Code     0  startup_stm32f427xx.o(.text)
    I2C1_EV_IRQHandler                       0x08000287   Thumb Code     0  startup_stm32f427xx.o(.text)
    I2C2_ER_IRQHandler                       0x08000287   Thumb Code     0  startup_stm32f427xx.o(.text)
    I2C2_EV_IRQHandler                       0x08000287   Thumb Code     0  startup_stm32f427xx.o(.text)
    I2C3_ER_IRQHandler                       0x08000287   Thumb Code     0  startup_stm32f427xx.o(.text)
    I2C3_EV_IRQHandler                       0x08000287   Thumb Code     0  startup_stm32f427xx.o(.text)
    OTG_FS_IRQHandler                        0x08000287   Thumb Code     0  startup_stm32f427xx.o(.text)
    OTG_FS_WKUP_IRQHandler                   0x08000287   Thumb Code     0  startup_stm32f427xx.o(.text)
    OTG_HS_EP1_IN_IRQHandler                 0x08000287   Thumb Code     0  startup_stm32f427xx.o(.text)
    OTG_HS_EP1_OUT_IRQHandler                0x08000287   Thumb Code     0  startup_stm32f427xx.o(.text)
    OTG_HS_IRQHandler                        0x08000287   Thumb Code     0  startup_stm32f427xx.o(.text)
    OTG_HS_WKUP_IRQHandler                   0x08000287   Thumb Code     0  startup_stm32f427xx.o(.text)
    PVD_IRQHandler                           0x08000287   Thumb Code     0  startup_stm32f427xx.o(.text)
    RCC_IRQHandler                           0x08000287   Thumb Code     0  startup_stm32f427xx.o(.text)
    RTC_Alarm_IRQHandler                     0x08000287   Thumb Code     0  startup_stm32f427xx.o(.text)
    RTC_WKUP_IRQHandler                      0x08000287   Thumb Code     0  startup_stm32f427xx.o(.text)
    SAI1_IRQHandler                          0x08000287   Thumb Code     0  startup_stm32f427xx.o(.text)
    SDIO_IRQHandler                          0x08000287   Thumb Code     0  startup_stm32f427xx.o(.text)
    SPI1_IRQHandler                          0x08000287   Thumb Code     0  startup_stm32f427xx.o(.text)
    SPI2_IRQHandler                          0x08000287   Thumb Code     0  startup_stm32f427xx.o(.text)
    SPI3_IRQHandler                          0x08000287   Thumb Code     0  startup_stm32f427xx.o(.text)
    SPI4_IRQHandler                          0x08000287   Thumb Code     0  startup_stm32f427xx.o(.text)
    SPI5_IRQHandler                          0x08000287   Thumb Code     0  startup_stm32f427xx.o(.text)
    SPI6_IRQHandler                          0x08000287   Thumb Code     0  startup_stm32f427xx.o(.text)
    TAMP_STAMP_IRQHandler                    0x08000287   Thumb Code     0  startup_stm32f427xx.o(.text)
    TIM1_BRK_TIM9_IRQHandler                 0x08000287   Thumb Code     0  startup_stm32f427xx.o(.text)
    TIM1_CC_IRQHandler                       0x08000287   Thumb Code     0  startup_stm32f427xx.o(.text)
    TIM1_TRG_COM_TIM11_IRQHandler            0x08000287   Thumb Code     0  startup_stm32f427xx.o(.text)
    TIM1_UP_TIM10_IRQHandler                 0x08000287   Thumb Code     0  startup_stm32f427xx.o(.text)
    TIM4_IRQHandler                          0x08000287   Thumb Code     0  startup_stm32f427xx.o(.text)
    TIM7_IRQHandler                          0x08000287   Thumb Code     0  startup_stm32f427xx.o(.text)
    TIM8_BRK_TIM12_IRQHandler                0x08000287   Thumb Code     0  startup_stm32f427xx.o(.text)
    TIM8_CC_IRQHandler                       0x08000287   Thumb Code     0  startup_stm32f427xx.o(.text)
    TIM8_TRG_COM_TIM14_IRQHandler            0x08000287   Thumb Code     0  startup_stm32f427xx.o(.text)
    TIM8_UP_TIM13_IRQHandler                 0x08000287   Thumb Code     0  startup_stm32f427xx.o(.text)
    UART4_IRQHandler                         0x08000287   Thumb Code     0  startup_stm32f427xx.o(.text)
    UART5_IRQHandler                         0x08000287   Thumb Code     0  startup_stm32f427xx.o(.text)
    UART7_IRQHandler                         0x08000287   Thumb Code     0  startup_stm32f427xx.o(.text)
    UART8_IRQHandler                         0x08000287   Thumb Code     0  startup_stm32f427xx.o(.text)
    WWDG_IRQHandler                          0x08000287   Thumb Code     0  startup_stm32f427xx.o(.text)
    __user_initial_stackheap                 0x08000289   Thumb Code     0  startup_stm32f427xx.o(.text)
    __use_no_semihosting                     0x080002ad   Thumb Code     2  use_no_semi_2.o(.text)
    __aeabi_uldivmod                         0x080002af   Thumb Code     0  lludivv7m.o(.text)
    _ll_udiv                                 0x080002af   Thumb Code   238  lludivv7m.o(.text)
    __2printf                                0x0800039d   Thumb Code    20  __2printf.o(.text)
    _printf_int_dec                          0x080003b5   Thumb Code   104  _printf_dec.o(.text)
    __printf                                 0x0800042d   Thumb Code   270  __printf_wp.o(.text)
    __aeabi_memcpy                           0x0800053b   Thumb Code     0  rt_memcpy_v6.o(.text)
    __rt_memcpy                              0x0800053b   Thumb Code   138  rt_memcpy_v6.o(.text)
    _memcpy_lastbytes                        0x080005a1   Thumb Code     0  rt_memcpy_v6.o(.text)
    __aeabi_memclr                           0x080005c5   Thumb Code     0  rt_memclr.o(.text)
    __rt_memclr                              0x080005c5   Thumb Code    68  rt_memclr.o(.text)
    _memset                                  0x080005c9   Thumb Code     0  rt_memclr.o(.text)
    __aeabi_memclr4                          0x08000609   Thumb Code     0  rt_memclr_w.o(.text)
    __aeabi_memclr8                          0x08000609   Thumb Code     0  rt_memclr_w.o(.text)
    __rt_memclr_w                            0x08000609   Thumb Code    78  rt_memclr_w.o(.text)
    _memset_w                                0x0800060d   Thumb Code     0  rt_memclr_w.o(.text)
    __use_two_region_memory                  0x08000657   Thumb Code     2  heapauxi.o(.text)
    __rt_heap_escrow$2region                 0x08000659   Thumb Code     2  heapauxi.o(.text)
    __rt_heap_expand$2region                 0x0800065b   Thumb Code     2  heapauxi.o(.text)
    __semihosting$guard                      0x0800065d   Thumb Code     0  use_no_semi.o(.text)
    __use_no_semihosting_swi                 0x0800065d   Thumb Code     2  use_no_semi.o(.text)
    _printf_int_common                       0x0800065f   Thumb Code   178  _printf_intcommon.o(.text)
    __lib_sel_fp_printf                      0x08000711   Thumb Code     2  _printf_fp_dec.o(.text)
    _printf_fp_dec_real                      0x080008c3   Thumb Code   620  _printf_fp_dec.o(.text)
    _printf_char_common                      0x08000b3b   Thumb Code    32  _printf_char_common.o(.text)
    _printf_char_file                        0x08000b61   Thumb Code    32  _printf_char_file.o(.text)
    __aeabi_memcpy4                          0x08000b85   Thumb Code     0  rt_memcpy_w.o(.text)
    __aeabi_memcpy8                          0x08000b85   Thumb Code     0  rt_memcpy_w.o(.text)
    __rt_memcpy_w                            0x08000b85   Thumb Code   100  rt_memcpy_w.o(.text)
    _memcpy_lastbytes_aligned                0x08000bcd   Thumb Code     0  rt_memcpy_w.o(.text)
    __rt_locale                              0x08000be9   Thumb Code     8  rt_locale_intlibspace.o(.text)
    _ll_udiv10                               0x08000bf1   Thumb Code   138  lludiv10.o(.text)
    _printf_fp_infnan                        0x08000c7d   Thumb Code   112  _printf_fp_infnan.o(.text)
    _btod_etento                             0x08000cfd   Thumb Code   224  bigflt0.o(.text)
    ferror                                   0x08000de1   Thumb Code     8  ferror.o(.text)
    __user_libspace                          0x08000de9   Thumb Code     8  libspace.o(.text)
    __user_perproc_libspace                  0x08000de9   Thumb Code     0  libspace.o(.text)
    __user_perthread_libspace                0x08000de9   Thumb Code     0  libspace.o(.text)
    __user_setup_stackheap                   0x08000df1   Thumb Code    74  sys_stackheap_outer.o(.text)
    exit                                     0x08000e3b   Thumb Code    18  exit.o(.text)
    strcmp                                   0x08000e4d   Thumb Code   128  strcmpv7m.o(.text)
    _btod_d2e                                0x08000ecd   Thumb Code    62  btod.o(CL$$btod_d2e)
    _d2e_denorm_low                          0x08000f0b   Thumb Code    70  btod.o(CL$$btod_d2e_denorm_low)
    _d2e_norm_op1                            0x08000f51   Thumb Code    96  btod.o(CL$$btod_d2e_norm_op1)
    __btod_div_common                        0x08000fb1   Thumb Code   696  btod.o(CL$$btod_div_common)
    _e2e                                     0x080012e9   Thumb Code   220  btod.o(CL$$btod_e2e)
    _btod_ediv                               0x080013c5   Thumb Code    42  btod.o(CL$$btod_ediv)
    _btod_emul                               0x080013ef   Thumb Code    42  btod.o(CL$$btod_emul)
    __btod_mult_common                       0x08001419   Thumb Code   580  btod.o(CL$$btod_mult_common)
    BT_Init                                  0x0800165d   Thumb Code    28  bluetooth_motor.o(i.BT_Init)
    BusFault_Handler                         0x08001685   Thumb Code     2  stm32f4xx_it.o(i.BusFault_Handler)
    Buzzer_Init                              0x08001689   Thumb Code    18  buzzer.o(i.Buzzer_Init)
    Buzzer_Off                               0x080016a1   Thumb Code    12  buzzer.o(i.Buzzer_Off)
    Buzzer_On                                0x080016b1   Thumb Code    28  buzzer.o(i.Buzzer_On)
    Buzzer_SetFreq                           0x080016d1   Thumb Code    38  buzzer.o(i.Buzzer_SetFreq)
    Buzzer_StartUp_Sound                     0x08001701   Thumb Code    98  buzzer.o(i.Buzzer_StartUp_Sound)
    CAN1_RX0_IRQHandler                      0x08001765   Thumb Code     6  stm32f4xx_it.o(i.CAN1_RX0_IRQHandler)
    CAN1_TX_IRQHandler                       0x08001771   Thumb Code     6  stm32f4xx_it.o(i.CAN1_TX_IRQHandler)
    CAN2_RX0_IRQHandler                      0x0800177d   Thumb Code     6  stm32f4xx_it.o(i.CAN2_RX0_IRQHandler)
    CAN2_TX_IRQHandler                       0x08001789   Thumb Code     6  stm32f4xx_it.o(i.CAN2_TX_IRQHandler)
    CAN_cmd_chassis                          0x08001795   Thumb Code    60  can_receive.o(i.CAN_cmd_chassis)
    DMA1_Stream1_IRQHandler                  0x080017dd   Thumb Code     6  stm32f4xx_it.o(i.DMA1_Stream1_IRQHandler)
    DMA1_Stream3_IRQHandler                  0x080017e9   Thumb Code     6  stm32f4xx_it.o(i.DMA1_Stream3_IRQHandler)
    DMA1_Stream5_IRQHandler                  0x080017f5   Thumb Code     6  stm32f4xx_it.o(i.DMA1_Stream5_IRQHandler)
    DMA1_Stream6_IRQHandler                  0x08001801   Thumb Code     6  stm32f4xx_it.o(i.DMA1_Stream6_IRQHandler)
    DMA2_Stream1_IRQHandler                  0x0800180d   Thumb Code     6  stm32f4xx_it.o(i.DMA2_Stream1_IRQHandler)
    DMA2_Stream2_IRQHandler                  0x08001819   Thumb Code     6  stm32f4xx_it.o(i.DMA2_Stream2_IRQHandler)
    DMA2_Stream6_IRQHandler                  0x08001825   Thumb Code     6  stm32f4xx_it.o(i.DMA2_Stream6_IRQHandler)
    DMA2_Stream7_IRQHandler                  0x08001831   Thumb Code     6  stm32f4xx_it.o(i.DMA2_Stream7_IRQHandler)
    DebugMon_Handler                         0x080018e1   Thumb Code     2  stm32f4xx_it.o(i.DebugMon_Handler)
    EXTI2_IRQHandler                         0x080018e3   Thumb Code     6  stm32f4xx_it.o(i.EXTI2_IRQHandler)
    Encoder_Counter_Init                     0x080018e9   Thumb Code    64  encoder_counter.o(i.Encoder_Counter_Init)
    Encoder_Counter_Reset                    0x0800192d   Thumb Code    36  encoder_counter.o(i.Encoder_Counter_Reset)
    Encoder_Counter_Update                   0x08001955   Thumb Code    78  encoder_counter.o(i.Encoder_Counter_Update)
    Encoder_Get_Turn_Count                   0x080019a9   Thumb Code    22  encoder_counter.o(i.Encoder_Get_Turn_Count)
    Error_Handler                            0x080019c5   Thumb Code     4  main.o(i.Error_Handler)
    HAL_CAN_ActivateNotification             0x080019c9   Thumb Code    36  stm32f4xx_hal_can.o(i.HAL_CAN_ActivateNotification)
    HAL_CAN_AddTxMessage                     0x080019ed   Thumb Code   208  stm32f4xx_hal_can.o(i.HAL_CAN_AddTxMessage)
    HAL_CAN_ConfigFilter                     0x08001abd   Thumb Code   262  stm32f4xx_hal_can.o(i.HAL_CAN_ConfigFilter)
    HAL_CAN_ErrorCallback                    0x08001bc9   Thumb Code     2  stm32f4xx_hal_can.o(i.HAL_CAN_ErrorCallback)
    HAL_CAN_GetRxMessage                     0x08001bcb   Thumb Code   244  stm32f4xx_hal_can.o(i.HAL_CAN_GetRxMessage)
    HAL_CAN_IRQHandler                       0x08001cbf   Thumb Code   508  stm32f4xx_hal_can.o(i.HAL_CAN_IRQHandler)
    HAL_CAN_Init                             0x08001ebb   Thumb Code   282  stm32f4xx_hal_can.o(i.HAL_CAN_Init)
    HAL_CAN_MspInit                          0x08001fd5   Thumb Code   260  can.o(i.HAL_CAN_MspInit)
    HAL_CAN_RxFifo0FullCallback              0x080020f1   Thumb Code     2  stm32f4xx_hal_can.o(i.HAL_CAN_RxFifo0FullCallback)
    HAL_CAN_RxFifo0MsgPendingCallback        0x080020f5   Thumb Code   104  can_receive.o(i.HAL_CAN_RxFifo0MsgPendingCallback)
    HAL_CAN_RxFifo1FullCallback              0x08002165   Thumb Code     2  stm32f4xx_hal_can.o(i.HAL_CAN_RxFifo1FullCallback)
    HAL_CAN_RxFifo1MsgPendingCallback        0x08002167   Thumb Code     2  stm32f4xx_hal_can.o(i.HAL_CAN_RxFifo1MsgPendingCallback)
    HAL_CAN_SleepCallback                    0x08002169   Thumb Code     2  stm32f4xx_hal_can.o(i.HAL_CAN_SleepCallback)
    HAL_CAN_Start                            0x0800216d   Thumb Code    88  stm32f4xx_hal_can.o(i.HAL_CAN_Start)
    HAL_CAN_TxMailbox0AbortCallback          0x080021c5   Thumb Code     2  stm32f4xx_hal_can.o(i.HAL_CAN_TxMailbox0AbortCallback)
    HAL_CAN_TxMailbox0CompleteCallback       0x080021c7   Thumb Code     2  stm32f4xx_hal_can.o(i.HAL_CAN_TxMailbox0CompleteCallback)
    HAL_CAN_TxMailbox1AbortCallback          0x080021c9   Thumb Code     2  stm32f4xx_hal_can.o(i.HAL_CAN_TxMailbox1AbortCallback)
    HAL_CAN_TxMailbox1CompleteCallback       0x080021cb   Thumb Code     2  stm32f4xx_hal_can.o(i.HAL_CAN_TxMailbox1CompleteCallback)
    HAL_CAN_TxMailbox2AbortCallback          0x080021cd   Thumb Code     2  stm32f4xx_hal_can.o(i.HAL_CAN_TxMailbox2AbortCallback)
    HAL_CAN_TxMailbox2CompleteCallback       0x080021cf   Thumb Code     2  stm32f4xx_hal_can.o(i.HAL_CAN_TxMailbox2CompleteCallback)
    HAL_CAN_WakeUpFromRxMsgCallback          0x080021d1   Thumb Code     2  stm32f4xx_hal_can.o(i.HAL_CAN_WakeUpFromRxMsgCallback)
    HAL_DMA_Abort                            0x080021d3   Thumb Code   146  stm32f4xx_hal_dma.o(i.HAL_DMA_Abort)
    HAL_DMA_Abort_IT                         0x08002265   Thumb Code    36  stm32f4xx_hal_dma.o(i.HAL_DMA_Abort_IT)
    HAL_DMA_IRQHandler                       0x08002289   Thumb Code   412  stm32f4xx_hal_dma.o(i.HAL_DMA_IRQHandler)
    HAL_DMA_Init                             0x08002429   Thumb Code   206  stm32f4xx_hal_dma.o(i.HAL_DMA_Init)
    HAL_DMA_Start_IT                         0x080024fd   Thumb Code   110  stm32f4xx_hal_dma.o(i.HAL_DMA_Start_IT)
    HAL_Delay                                0x0800256d   Thumb Code    32  stm32f4xx_hal.o(i.HAL_Delay)
    HAL_GPIO_EXTI_Callback                   0x08002591   Thumb Code     2  stm32f4xx_hal_gpio.o(i.HAL_GPIO_EXTI_Callback)
    HAL_GPIO_EXTI_IRQHandler                 0x08002595   Thumb Code    18  stm32f4xx_hal_gpio.o(i.HAL_GPIO_EXTI_IRQHandler)
    HAL_GPIO_Init                            0x080025ad   Thumb Code   510  stm32f4xx_hal_gpio.o(i.HAL_GPIO_Init)
    HAL_GPIO_ReadPin                         0x080027e1   Thumb Code    10  stm32f4xx_hal_gpio.o(i.HAL_GPIO_ReadPin)
    HAL_GPIO_TogglePin                       0x080027eb   Thumb Code    16  stm32f4xx_hal_gpio.o(i.HAL_GPIO_TogglePin)
    HAL_GPIO_WritePin                        0x080027fb   Thumb Code    10  stm32f4xx_hal_gpio.o(i.HAL_GPIO_WritePin)
    HAL_GetTick                              0x08002805   Thumb Code     6  stm32f4xx_hal.o(i.HAL_GetTick)
    HAL_IncTick                              0x08002811   Thumb Code    12  stm32f4xx_hal.o(i.HAL_IncTick)
    HAL_Init                                 0x08002821   Thumb Code    48  stm32f4xx_hal.o(i.HAL_Init)
    HAL_InitTick                             0x08002855   Thumb Code   132  stm32f4xx_hal_timebase_tim.o(i.HAL_InitTick)
    HAL_MspInit                              0x080028ed   Thumb Code    42  stm32f4xx_hal_msp.o(i.HAL_MspInit)
    HAL_NVIC_EnableIRQ                       0x0800291d   Thumb Code    26  stm32f4xx_hal_cortex.o(i.HAL_NVIC_EnableIRQ)
    HAL_NVIC_SetPriority                     0x08002939   Thumb Code    60  stm32f4xx_hal_cortex.o(i.HAL_NVIC_SetPriority)
    HAL_NVIC_SetPriorityGrouping             0x08002979   Thumb Code    26  stm32f4xx_hal_cortex.o(i.HAL_NVIC_SetPriorityGrouping)
    HAL_PWREx_EnableOverDrive                0x0800299d   Thumb Code    98  stm32f4xx_hal_pwr_ex.o(i.HAL_PWREx_EnableOverDrive)
    HAL_RCC_ClockConfig                      0x08002a0d   Thumb Code   288  stm32f4xx_hal_rcc.o(i.HAL_RCC_ClockConfig)
    HAL_RCC_GetClockConfig                   0x08002b41   Thumb Code    54  stm32f4xx_hal_rcc.o(i.HAL_RCC_GetClockConfig)
    HAL_RCC_GetPCLK1Freq                     0x08002b81   Thumb Code    20  stm32f4xx_hal_rcc.o(i.HAL_RCC_GetPCLK1Freq)
    HAL_RCC_GetPCLK2Freq                     0x08002ba1   Thumb Code    20  stm32f4xx_hal_rcc.o(i.HAL_RCC_GetPCLK2Freq)
    HAL_RCC_GetSysClockFreq                  0x08002bc1   Thumb Code    88  stm32f4xx_hal_rcc.o(i.HAL_RCC_GetSysClockFreq)
    HAL_RCC_OscConfig                        0x08002c25   Thumb Code   856  stm32f4xx_hal_rcc.o(i.HAL_RCC_OscConfig)
    HAL_SPI_Init                             0x08002f91   Thumb Code   188  stm32f4xx_hal_spi.o(i.HAL_SPI_Init)
    HAL_SPI_MspInit                          0x0800304d   Thumb Code    94  spi.o(i.HAL_SPI_MspInit)
    HAL_SPI_TransmitReceive                  0x080030b9   Thumb Code   496  stm32f4xx_hal_spi.o(i.HAL_SPI_TransmitReceive)
    HAL_TIMEx_BreakCallback                  0x080032a9   Thumb Code     2  stm32f4xx_hal_tim_ex.o(i.HAL_TIMEx_BreakCallback)
    HAL_TIMEx_CommutCallback                 0x080032ab   Thumb Code     2  stm32f4xx_hal_tim_ex.o(i.HAL_TIMEx_CommutCallback)
    HAL_TIMEx_MasterConfigSynchronization    0x080032ad   Thumb Code   116  stm32f4xx_hal_tim_ex.o(i.HAL_TIMEx_MasterConfigSynchronization)
    HAL_TIM_Base_Init                        0x0800333d   Thumb Code    90  stm32f4xx_hal_tim.o(i.HAL_TIM_Base_Init)
    HAL_TIM_Base_MspInit                     0x08003399   Thumb Code   122  tim.o(i.HAL_TIM_Base_MspInit)
    HAL_TIM_Base_Start_IT                    0x08003421   Thumb Code   100  stm32f4xx_hal_tim.o(i.HAL_TIM_Base_Start_IT)
    HAL_TIM_ConfigClockSource                0x080034a1   Thumb Code   220  stm32f4xx_hal_tim.o(i.HAL_TIM_ConfigClockSource)
    HAL_TIM_IC_CaptureCallback               0x0800357d   Thumb Code     2  stm32f4xx_hal_tim.o(i.HAL_TIM_IC_CaptureCallback)
    HAL_TIM_IRQHandler                       0x0800357f   Thumb Code   304  stm32f4xx_hal_tim.o(i.HAL_TIM_IRQHandler)
    HAL_TIM_MspPostInit                      0x080036b1   Thumb Code   112  tim.o(i.HAL_TIM_MspPostInit)
    HAL_TIM_OC_DelayElapsedCallback          0x08003731   Thumb Code     2  stm32f4xx_hal_tim.o(i.HAL_TIM_OC_DelayElapsedCallback)
    HAL_TIM_PWM_ConfigChannel                0x08003733   Thumb Code   204  stm32f4xx_hal_tim.o(i.HAL_TIM_PWM_ConfigChannel)
    HAL_TIM_PWM_Init                         0x080037ff   Thumb Code    90  stm32f4xx_hal_tim.o(i.HAL_TIM_PWM_Init)
    HAL_TIM_PWM_MspInit                      0x08003859   Thumb Code    30  tim.o(i.HAL_TIM_PWM_MspInit)
    HAL_TIM_PWM_PulseFinishedCallback        0x08003881   Thumb Code     2  stm32f4xx_hal_tim.o(i.HAL_TIM_PWM_PulseFinishedCallback)
    HAL_TIM_PWM_Start                        0x08003885   Thumb Code   172  stm32f4xx_hal_tim.o(i.HAL_TIM_PWM_Start)
    HAL_TIM_PeriodElapsedCallback            0x0800394d   Thumb Code    52  user_tim.o(i.HAL_TIM_PeriodElapsedCallback)
    HAL_TIM_TriggerCallback                  0x08003991   Thumb Code     2  stm32f4xx_hal_tim.o(i.HAL_TIM_TriggerCallback)
    HAL_UARTEx_RxEventCallback               0x08003993   Thumb Code     2  stm32f4xx_hal_uart.o(i.HAL_UARTEx_RxEventCallback)
    HAL_UART_ErrorCallback                   0x08003995   Thumb Code     2  stm32f4xx_hal_uart.o(i.HAL_UART_ErrorCallback)
    HAL_UART_IRQHandler                      0x08003999   Thumb Code   636  stm32f4xx_hal_uart.o(i.HAL_UART_IRQHandler)
    HAL_UART_Init                            0x08003c19   Thumb Code   100  stm32f4xx_hal_uart.o(i.HAL_UART_Init)
    HAL_UART_MspInit                         0x08003c7d   Thumb Code   964  usart.o(i.HAL_UART_MspInit)
    HAL_UART_Receive_DMA                     0x08004081   Thumb Code    28  stm32f4xx_hal_uart.o(i.HAL_UART_Receive_DMA)
    HAL_UART_Receive_IT                      0x0800409d   Thumb Code    28  stm32f4xx_hal_uart.o(i.HAL_UART_Receive_IT)
    HAL_UART_RxCpltCallback                  0x080040b9   Thumb Code   100  user_usart.o(i.HAL_UART_RxCpltCallback)
    HAL_UART_RxHalfCpltCallback              0x08004131   Thumb Code     2  stm32f4xx_hal_uart.o(i.HAL_UART_RxHalfCpltCallback)
    HAL_UART_TxCpltCallback                  0x08004133   Thumb Code     2  stm32f4xx_hal_uart.o(i.HAL_UART_TxCpltCallback)
    HardFault_Handler                        0x08004135   Thumb Code     2  stm32f4xx_it.o(i.HardFault_Handler)
    IMU_DMA_RxCpltHandler                    0x08004139   Thumb Code    16  usart6.o(i.IMU_DMA_RxCpltHandler)
    IMU_GetOutputInfo                        0x08004151   Thumb Code     4  usart6.o(i.IMU_GetOutputInfo)
    IMU_Process_Task                         0x08004159   Thumb Code     4  usart6.o(i.IMU_Process_Task)
    IMU_USART_Init                           0x0800415d   Thumb Code    34  usart6.o(i.IMU_USART_Init)
    IMU_USART_ProcessData                    0x0800418d   Thumb Code   116  usart6.o(i.IMU_USART_ProcessData)
    IMU_USART_StartReceive                   0x08004209   Thumb Code    18  usart6.o(i.IMU_USART_StartReceive)
    MX_CAN1_Init                             0x08004225   Thumb Code    58  can.o(i.MX_CAN1_Init)
    MX_CAN2_Init                             0x08004269   Thumb Code    62  can.o(i.MX_CAN2_Init)
    MX_DMA_Init                              0x080042b1   Thumb Code   168  dma.o(i.MX_DMA_Init)
    MX_GPIO_Init                             0x0800435d   Thumb Code   478  gpio.o(i.MX_GPIO_Init)
    MX_SPI4_Init                             0x08004561   Thumb Code    62  spi.o(i.MX_SPI4_Init)
    MX_TIM12_Init                            0x080045a9   Thumb Code    80  tim.o(i.MX_TIM12_Init)
    MX_TIM2_Init                             0x08004601   Thumb Code   194  tim.o(i.MX_TIM2_Init)
    MX_TIM3_Init                             0x080046c9   Thumb Code    96  tim.o(i.MX_TIM3_Init)
    MX_TIM5_Init                             0x08004731   Thumb Code    94  tim.o(i.MX_TIM5_Init)
    MX_UART7_Init                            0x08004799   Thumb Code    48  usart.o(i.MX_UART7_Init)
    MX_UART8_Init                            0x080047d1   Thumb Code    48  usart.o(i.MX_UART8_Init)
    MX_USART1_UART_Init                      0x08004809   Thumb Code    46  usart.o(i.MX_USART1_UART_Init)
    MX_USART2_UART_Init                      0x08004845   Thumb Code    48  usart.o(i.MX_USART2_UART_Init)
    MX_USART3_UART_Init                      0x0800487d   Thumb Code    48  usart.o(i.MX_USART3_UART_Init)
    MX_USART6_UART_Init                      0x080048b5   Thumb Code    48  usart.o(i.MX_USART6_UART_Init)
    MemManage_Handler                        0x080048ed   Thumb Code     2  stm32f4xx_it.o(i.MemManage_Handler)
    Motor_Emergency_Stop                     0x080048f1   Thumb Code   148  pwm_motor.o(i.Motor_Emergency_Stop)
    Motor_Init                               0x08004995   Thumb Code    64  pwm_motor.o(i.Motor_Init)
    Motor_Init_All                           0x080049dd   Thumb Code    30  pwm_motor.o(i.Motor_Init_All)
    Motor_Is_Locked                          0x080049fd   Thumb Code     6  pwm_motor.o(i.Motor_Is_Locked)
    Motor_Lock_All                           0x08004a09   Thumb Code     4  pwm_motor.o(i.Motor_Lock_All)
    Motor_SetDirection                       0x08004a0d   Thumb Code    40  pwm_motor.o(i.Motor_SetDirection)
    Motor_SetSpeed                           0x08004a39   Thumb Code   164  pwm_motor.o(i.Motor_SetSpeed)
    Motor_Stop                               0x08004af5   Thumb Code    74  pwm_motor.o(i.Motor_Stop)
    Motor_Stop_All                           0x08004b4d   Thumb Code    30  pwm_motor.o(i.Motor_Stop_All)
    Motor_Unlock_All                         0x08004b6d   Thumb Code    10  pwm_motor.o(i.Motor_Unlock_All)
    NMI_Handler                              0x08004b7d   Thumb Code     2  stm32f4xx_it.o(i.NMI_Handler)
    PID_Init                                 0x08004b81   Thumb Code    22  pid.o(i.PID_Init)
    PID_Loop_1ms                             0x08004b9d   Thumb Code   312  pid.o(i.PID_Loop_1ms)
    PID_SetTargetSpeed                       0x08004d05   Thumb Code    16  pid.o(i.PID_SetTargetSpeed)
    PS2_Cmd                                  0x08004d19   Thumb Code   118  ps2.o(i.PS2_Cmd)
    PS2_Control_Init                         0x08004d9d   Thumb Code    38  ps2_control.o(i.PS2_Control_Init)
    PS2_Control_TIM3_Callback                0x08004dc9   Thumb Code   124  ps2_control.o(i.PS2_Control_TIM3_Callback)
    PS2_Delay_US                             0x08004e51   Thumb Code    20  ps2.o(i.PS2_Delay_US)
    PS2_EnterConfing                         0x08004e65   Thumb Code    94  ps2.o(i.PS2_EnterConfing)
    PS2_ExitConfing                          0x08004ec9   Thumb Code    94  ps2.o(i.PS2_ExitConfing)
    PS2_Filter_Get_LX                        0x08004f2d   Thumb Code    10  ps2_filter.o(i.PS2_Filter_Get_LX)
    PS2_Filter_Get_LY                        0x08004f3d   Thumb Code    10  ps2_filter.o(i.PS2_Filter_Get_LY)
    PS2_Filter_Get_RX                        0x08004f51   Thumb Code    10  ps2_filter.o(i.PS2_Filter_Get_RX)
    PS2_Filter_Get_RY                        0x08004f65   Thumb Code    10  ps2_filter.o(i.PS2_Filter_Get_RY)
    PS2_Filter_Init                          0x08004f75   Thumb Code    72  ps2_filter.o(i.PS2_Filter_Init)
    PS2_Init                                 0x08004fc1   Thumb Code    82  ps2.o(i.PS2_Init)
    PS2_ReadData                             0x0800501d   Thumb Code    74  ps2.o(i.PS2_ReadData)
    PS2_ShortPoll                            0x08005075   Thumb Code    70  ps2.o(i.PS2_ShortPoll)
    PS2_TurnOnAnalogMode                     0x080050c1   Thumb Code    94  ps2.o(i.PS2_TurnOnAnalogMode)
    PendSV_Handler                           0x08005125   Thumb Code     2  stm32f4xx_it.o(i.PendSV_Handler)
    Print_Task                               0x08005129   Thumb Code   272  user_usart.o(i.Print_Task)
    Read_PQY13_Encoder                       0x0800535d   Thumb Code   112  spi4.o(i.Read_PQY13_Encoder)
    SVC_Handler                              0x08005511   Thumb Code     2  stm32f4xx_it.o(i.SVC_Handler)
    SysTick_Handler                          0x08005513   Thumb Code     2  stm32f4xx_it.o(i.SysTick_Handler)
    SystemClock_Config                       0x08005515   Thumb Code   150  main.o(i.SystemClock_Config)
    SystemInit                               0x080055b5   Thumb Code    12  system_stm32f4xx.o(i.SystemInit)
    TIM2_IRQHandler                          0x080055c5   Thumb Code     6  stm32f4xx_it.o(i.TIM2_IRQHandler)
    TIM3_IRQHandler                          0x080055d1   Thumb Code     6  stm32f4xx_it.o(i.TIM3_IRQHandler)
    TIM3_PeriodElapsed_Handler               0x080055dd   Thumb Code    54  user_tim.o(i.TIM3_PeriodElapsed_Handler)
    TIM3_Task_Execute                        0x08005619   Thumb Code    50  user_tim.o(i.TIM3_Task_Execute)
    TIM5_IRQHandler                          0x08005651   Thumb Code     6  stm32f4xx_it.o(i.TIM5_IRQHandler)
    TIM6_DAC_IRQHandler                      0x0800565d   Thumb Code     6  stm32f4xx_it.o(i.TIM6_DAC_IRQHandler)
    TIM_Base_SetConfig                       0x08005669   Thumb Code   164  stm32f4xx_hal_tim.o(i.TIM_Base_SetConfig)
    TIM_CCxChannelCmd                        0x08005739   Thumb Code    26  stm32f4xx_hal_tim.o(i.TIM_CCxChannelCmd)
    TIM_ETR_SetConfig                        0x08005753   Thumb Code    20  stm32f4xx_hal_tim.o(i.TIM_ETR_SetConfig)
    TIM_OC2_SetConfig                        0x080057d9   Thumb Code    98  stm32f4xx_hal_tim.o(i.TIM_OC2_SetConfig)
    UART_Start_Receive_DMA                   0x08005c79   Thumb Code   146  stm32f4xx_hal_uart.o(i.UART_Start_Receive_DMA)
    UART_Start_Receive_IT                    0x08005d19   Thumb Code    54  stm32f4xx_hal_uart.o(i.UART_Start_Receive_IT)
    USART1_IRQHandler                        0x08005d51   Thumb Code     6  stm32f4xx_it.o(i.USART1_IRQHandler)
    USART2_IRQHandler                        0x08005d5d   Thumb Code     6  stm32f4xx_it.o(i.USART2_IRQHandler)
    USART2_init                              0x08005d69   Thumb Code    10  user_usart.o(i.USART2_init)
    USART3_IRQHandler                        0x08005d7d   Thumb Code     6  stm32f4xx_it.o(i.USART3_IRQHandler)
    USART6_IRQHandler                        0x08005d89   Thumb Code     6  stm32f4xx_it.o(i.USART6_IRQHandler)
    UsageFault_Handler                       0x08005d95   Thumb Code     2  stm32f4xx_it.o(i.UsageFault_Handler)
    __ARM_fpclassify                         0x08005d97   Thumb Code    48  fpclassify.o(i.__ARM_fpclassify)
    _is_digit                                0x08005de7   Thumb Code    14  __printf_wp.o(i._is_digit)
    _sys_exit                                0x08005df5   Thumb Code     2  user_usart.o(i._sys_exit)
    analysis_data                            0x08005df7   Thumb Code   138  analysis_data.o(i.analysis_data)
    calc_checksum                            0x08005e81   Thumb Code    50  analysis_data.o(i.calc_checksum)
    can_filter_init                          0x08005eb5   Thumb Code    52  bsp_can.o(i.can_filter_init)
    check_data_len_by_id                     0x08005eed   Thumb Code   760  analysis_data.o(i.check_data_len_by_id)
    fputc                                    0x080062a1   Thumb Code    18  user_usart.o(i.fputc)
    get_chassis_motor_measure_point          0x080062b9   Thumb Code    16  can_receive.o(i.get_chassis_motor_measure_point)
    get_signed_int                           0x080062f5   Thumb Code    22  analysis_data.o(i.get_signed_int)
    main                                     0x080063ad   Thumb Code   154  main.o(i.main)
    ps2_get_anolog_data                      0x080067bd   Thumb Code     6  ps2.o(i.ps2_get_anolog_data)
    ps2_get_key_state                        0x080067c9   Thumb Code    16  ps2.o(i.ps2_get_key_state)
    ps2_key_serch                            0x080067dd   Thumb Code    68  ps2.o(i.ps2_key_serch)
    ps2_mode_get                             0x08006829   Thumb Code    30  ps2.o(i.ps2_mode_get)
    _get_lc_numeric                          0x08006995   Thumb Code    44  lc_numeric_c.o(locale$$code)
    __aeabi_i2d                              0x080069c1   Thumb Code     0  dflt_clz.o(x$fpl$dflt)
    _dflt                                    0x080069c1   Thumb Code    46  dflt_clz.o(x$fpl$dflt)
    __aeabi_dmul                             0x080069f1   Thumb Code     0  dmul.o(x$fpl$dmul)
    _dmul                                    0x080069f1   Thumb Code   332  dmul.o(x$fpl$dmul)
    __fpl_dnaninf                            0x08006b45   Thumb Code   156  dnaninf.o(x$fpl$dnaninf)
    __fpl_dretinf                            0x08006be1   Thumb Code    12  dretinf.o(x$fpl$dretinf)
    __aeabi_f2d                              0x08006bed   Thumb Code     0  f2d.o(x$fpl$f2d)
    _f2d                                     0x08006bed   Thumb Code    86  f2d.o(x$fpl$f2d)
    __fpl_fnaninf                            0x08006c43   Thumb Code   140  fnaninf.o(x$fpl$fnaninf)
    _fp_init                                 0x08006ccf   Thumb Code    10  fpinit.o(x$fpl$fpinit)
    __fplib_config_fpu_vfp                   0x08006cd7   Thumb Code     0  fpinit.o(x$fpl$fpinit)
    __fplib_config_pureend_doubles           0x08006cd7   Thumb Code     0  fpinit.o(x$fpl$fpinit)
    _printf_fp_dec                           0x08006cd9   Thumb Code     4  printf1.o(x$fpl$printf1)
    __I$use$fp                               0x08006cdc   Number         0  usenofp.o(x$fpl$usenofp)
    AHBPrescTable                            0x08006ce4   Data          16  system_stm32f4xx.o(.constdata)
    APBPrescTable                            0x08006cf4   Data           8  system_stm32f4xx.o(.constdata)
    Region$$Table$$Base                      0x08006da0   Number         0  anon$$obj.o(Region$$Table)
    Region$$Table$$Limit                     0x08006dc0   Number         0  anon$$obj.o(Region$$Table)
    uwTickFreq                               0x20000000   Data           1  stm32f4xx_hal.o(.data)
    uwTickPrio                               0x20000004   Data           4  stm32f4xx_hal.o(.data)
    uwTick                                   0x20000008   Data           4  stm32f4xx_hal.o(.data)
    SystemCoreClock                          0x2000000c   Data           4  system_stm32f4xx.o(.data)
    motor_A                                  0x2000001d   Data           4  pwm_motor.o(.data)
    motor_B                                  0x20000021   Data           4  pwm_motor.o(.data)
    motor_C                                  0x20000025   Data           4  pwm_motor.o(.data)
    motor_D                                  0x20000029   Data           4  pwm_motor.o(.data)
    tim3_flag                                0x2000002d   Data           1  user_tim.o(.data)
    g_rx_buffer                              0x2000002e   Data           1  user_usart.o(.data)
    g_usart_rx_sta                           0x20000030   Data           2  user_usart.o(.data)
    __stdout                                 0x20000034   Data           4  user_usart.o(.data)
    ps2_mode                                 0x20000038   Data           1  ps2.o(.data)
    Handkey                                  0x2000003c   Data           4  ps2.o(.data)
    Comd                                     0x20000040   Data           9  ps2.o(.data)
    MASK                                     0x2000004c   Data         128  ps2.o(.data)
    print_mode                               0x200000cf   Data           1  ps2_control.o(.data)
    CAN_MOTOR_SPEED                          0x200000e0   Data           4  ps2_control.o(.data)
    PWM_MOTOR_SPEED                          0x200000e4   Data           4  ps2_control.o(.data)
    g_imu_frame_ready                        0x20000110   Data           1  usart6.o(.data)
    hcan1                                    0x20000124   Data          40  can.o(.bss)
    hcan2                                    0x2000014c   Data          40  can.o(.bss)
    hspi4                                    0x20000174   Data          88  spi.o(.bss)
    htim2                                    0x200001cc   Data          72  tim.o(.bss)
    htim3                                    0x20000214   Data          72  tim.o(.bss)
    htim5                                    0x2000025c   Data          72  tim.o(.bss)
    htim12                                   0x200002a4   Data          72  tim.o(.bss)
    huart7                                   0x200002ec   Data          72  usart.o(.bss)
    huart8                                   0x20000334   Data          72  usart.o(.bss)
    huart1                                   0x2000037c   Data          72  usart.o(.bss)
    huart2                                   0x200003c4   Data          72  usart.o(.bss)
    huart3                                   0x2000040c   Data          72  usart.o(.bss)
    huart6                                   0x20000454   Data          72  usart.o(.bss)
    hdma_usart1_rx                           0x2000049c   Data          96  usart.o(.bss)
    hdma_usart1_tx                           0x200004fc   Data          96  usart.o(.bss)
    hdma_usart2_rx                           0x2000055c   Data          96  usart.o(.bss)
    hdma_usart2_tx                           0x200005bc   Data          96  usart.o(.bss)
    hdma_usart3_rx                           0x2000061c   Data          96  usart.o(.bss)
    hdma_usart3_tx                           0x2000067c   Data          96  usart.o(.bss)
    hdma_usart6_rx                           0x200006dc   Data          96  usart.o(.bss)
    hdma_usart6_tx                           0x2000073c   Data          96  usart.o(.bss)
    htim6                                    0x2000079c   Data          72  stm32f4xx_hal_timebase_tim.o(.bss)
    tim3_mgr                                 0x200007e4   Data          16  user_tim.o(.bss)
    g_usart_rx_buf                           0x200007f4   Data         200  user_usart.o(.bss)
    encoder_data                             0x200008bc   Data          12  spi4.o(.bss)
    Data                                     0x200008c8   Data           9  ps2.o(.bss)
    g_uart_rx_buf                            0x200008d1   Data         130  analysis_data.o(.bss)
    g_output_info                            0x20000953   Data         116  analysis_data.o(.bss)
    g_imu_rx                                 0x200009c8   Data         138  usart6.o(.bss)
    motor_chassis                            0x20000a98   Data          40  can_receive.o(.bss)
    __libspace_start                         0x20000b30   Data          96  libspace.o(.bss)
    __temporary_stack_top$libspace           0x20000b90   Data           0  libspace.o(.bss)



==============================================================================

Memory Map of the image

  Image Entry point : 0x080001ad

  Load Region LR_IROM1 (Base: 0x08000000, Size: 0x00006f00, Max: 0x00200000, ABSOLUTE)

    Execution Region ER_IROM1 (Exec base: 0x08000000, Load base: 0x08000000, Size: 0x00006ddc, Max: 0x00200000, ABSOLUTE)

    Exec Addr    Load Addr    Size         Type   Attr      Idx    E Section Name        Object

    0x08000000   0x08000000   0x000001ac   Data   RO            3    RESET               startup_stm32f427xx.o
    0x080001ac   0x080001ac   0x00000008   Code   RO         5124  * !!!main             c_w.l(__main.o)
    0x080001b4   0x080001b4   0x00000034   Code   RO         5371    !!!scatter          c_w.l(__scatter.o)
    0x080001e8   0x080001e8   0x0000001a   Code   RO         5373    !!handler_copy      c_w.l(__scatter_copy.o)
    0x08000202   0x08000202   0x00000002   PAD
    0x08000204   0x08000204   0x0000001c   Code   RO         5375    !!handler_zi        c_w.l(__scatter_zi.o)
    0x08000220   0x08000220   0x00000000   Code   RO         5115    .ARM.Collect$$_printf_percent$$00000000  c_w.l(_printf_percent.o)
    0x08000220   0x08000220   0x00000006   Code   RO         5114    .ARM.Collect$$_printf_percent$$00000003  c_w.l(_printf_f.o)
    0x08000226   0x08000226   0x00000006   Code   RO         5112    .ARM.Collect$$_printf_percent$$00000009  c_w.l(_printf_d.o)
    0x0800022c   0x0800022c   0x00000004   Code   RO         5159    .ARM.Collect$$_printf_percent$$00000017  c_w.l(_printf_percent_end.o)
    0x08000230   0x08000230   0x00000002   Code   RO         5251    .ARM.Collect$$libinit$$00000000  c_w.l(libinit.o)
    0x08000232   0x08000232   0x00000004   Code   RO         5252    .ARM.Collect$$libinit$$00000001  c_w.l(libinit2.o)
    0x08000236   0x08000236   0x00000000   Code   RO         5255    .ARM.Collect$$libinit$$00000004  c_w.l(libinit2.o)
    0x08000236   0x08000236   0x00000000   Code   RO         5258    .ARM.Collect$$libinit$$0000000A  c_w.l(libinit2.o)
    0x08000236   0x08000236   0x00000000   Code   RO         5260    .ARM.Collect$$libinit$$0000000C  c_w.l(libinit2.o)
    0x08000236   0x08000236   0x00000000   Code   RO         5262    .ARM.Collect$$libinit$$0000000E  c_w.l(libinit2.o)
    0x08000236   0x08000236   0x00000006   Code   RO         5263    .ARM.Collect$$libinit$$0000000F  c_w.l(libinit2.o)
    0x0800023c   0x0800023c   0x00000000   Code   RO         5265    .ARM.Collect$$libinit$$00000011  c_w.l(libinit2.o)
    0x0800023c   0x0800023c   0x00000000   Code   RO         5267    .ARM.Collect$$libinit$$00000013  c_w.l(libinit2.o)
    0x0800023c   0x0800023c   0x00000000   Code   RO         5269    .ARM.Collect$$libinit$$00000015  c_w.l(libinit2.o)
    0x0800023c   0x0800023c   0x0000000a   Code   RO         5270    .ARM.Collect$$libinit$$00000016  c_w.l(libinit2.o)
    0x08000246   0x08000246   0x00000000   Code   RO         5271    .ARM.Collect$$libinit$$00000017  c_w.l(libinit2.o)
    0x08000246   0x08000246   0x00000000   Code   RO         5273    .ARM.Collect$$libinit$$00000019  c_w.l(libinit2.o)
    0x08000246   0x08000246   0x00000000   Code   RO         5275    .ARM.Collect$$libinit$$0000001B  c_w.l(libinit2.o)
    0x08000246   0x08000246   0x00000000   Code   RO         5277    .ARM.Collect$$libinit$$0000001D  c_w.l(libinit2.o)
    0x08000246   0x08000246   0x00000000   Code   RO         5279    .ARM.Collect$$libinit$$0000001F  c_w.l(libinit2.o)
    0x08000246   0x08000246   0x00000000   Code   RO         5281    .ARM.Collect$$libinit$$00000021  c_w.l(libinit2.o)
    0x08000246   0x08000246   0x00000000   Code   RO         5283    .ARM.Collect$$libinit$$00000023  c_w.l(libinit2.o)
    0x08000246   0x08000246   0x00000000   Code   RO         5285    .ARM.Collect$$libinit$$00000025  c_w.l(libinit2.o)
    0x08000246   0x08000246   0x00000000   Code   RO         5289    .ARM.Collect$$libinit$$0000002C  c_w.l(libinit2.o)
    0x08000246   0x08000246   0x00000000   Code   RO         5291    .ARM.Collect$$libinit$$0000002E  c_w.l(libinit2.o)
    0x08000246   0x08000246   0x00000000   Code   RO         5293    .ARM.Collect$$libinit$$00000030  c_w.l(libinit2.o)
    0x08000246   0x08000246   0x00000000   Code   RO         5295    .ARM.Collect$$libinit$$00000032  c_w.l(libinit2.o)
    0x08000246   0x08000246   0x00000002   Code   RO         5296    .ARM.Collect$$libinit$$00000033  c_w.l(libinit2.o)
    0x08000248   0x08000248   0x00000002   Code   RO         5334    .ARM.Collect$$libshutdown$$00000000  c_w.l(libshutdown.o)
    0x0800024a   0x0800024a   0x00000000   Code   RO         5352    .ARM.Collect$$libshutdown$$00000002  c_w.l(libshutdown2.o)
    0x0800024a   0x0800024a   0x00000000   Code   RO         5354    .ARM.Collect$$libshutdown$$00000004  c_w.l(libshutdown2.o)
    0x0800024a   0x0800024a   0x00000000   Code   RO         5356    .ARM.Collect$$libshutdown$$00000006  c_w.l(libshutdown2.o)
    0x0800024a   0x0800024a   0x00000000   Code   RO         5359    .ARM.Collect$$libshutdown$$00000009  c_w.l(libshutdown2.o)
    0x0800024a   0x0800024a   0x00000000   Code   RO         5362    .ARM.Collect$$libshutdown$$0000000C  c_w.l(libshutdown2.o)
    0x0800024a   0x0800024a   0x00000000   Code   RO         5364    .ARM.Collect$$libshutdown$$0000000E  c_w.l(libshutdown2.o)
    0x0800024a   0x0800024a   0x00000000   Code   RO         5367    .ARM.Collect$$libshutdown$$00000011  c_w.l(libshutdown2.o)
    0x0800024a   0x0800024a   0x00000002   Code   RO         5368    .ARM.Collect$$libshutdown$$00000012  c_w.l(libshutdown2.o)
    0x0800024c   0x0800024c   0x00000000   Code   RO         5140    .ARM.Collect$$rtentry$$00000000  c_w.l(__rtentry.o)
    0x0800024c   0x0800024c   0x00000000   Code   RO         5170    .ARM.Collect$$rtentry$$00000002  c_w.l(__rtentry2.o)
    0x0800024c   0x0800024c   0x00000006   Code   RO         5182    .ARM.Collect$$rtentry$$00000004  c_w.l(__rtentry4.o)
    0x08000252   0x08000252   0x00000000   Code   RO         5172    .ARM.Collect$$rtentry$$00000009  c_w.l(__rtentry2.o)
    0x08000252   0x08000252   0x00000004   Code   RO         5173    .ARM.Collect$$rtentry$$0000000A  c_w.l(__rtentry2.o)
    0x08000256   0x08000256   0x00000000   Code   RO         5175    .ARM.Collect$$rtentry$$0000000C  c_w.l(__rtentry2.o)
    0x08000256   0x08000256   0x00000008   Code   RO         5176    .ARM.Collect$$rtentry$$0000000D  c_w.l(__rtentry2.o)
    0x0800025e   0x0800025e   0x00000002   Code   RO         5297    .ARM.Collect$$rtexit$$00000000  c_w.l(rtexit.o)
    0x08000260   0x08000260   0x00000000   Code   RO         5310    .ARM.Collect$$rtexit$$00000002  c_w.l(rtexit2.o)
    0x08000260   0x08000260   0x00000004   Code   RO         5311    .ARM.Collect$$rtexit$$00000003  c_w.l(rtexit2.o)
    0x08000264   0x08000264   0x00000006   Code   RO         5312    .ARM.Collect$$rtexit$$00000004  c_w.l(rtexit2.o)
    0x0800026a   0x0800026a   0x00000002   PAD
    0x0800026c   0x0800026c   0x00000040   Code   RO            4    .text               startup_stm32f427xx.o
    0x080002ac   0x080002ac   0x00000002   Code   RO         5073    .text               c_w.l(use_no_semi_2.o)
    0x080002ae   0x080002ae   0x000000ee   Code   RO         5075    .text               c_w.l(lludivv7m.o)
    0x0800039c   0x0800039c   0x00000018   Code   RO         5077    .text               c_w.l(__2printf.o)
    0x080003b4   0x080003b4   0x00000078   Code   RO         5089    .text               c_w.l(_printf_dec.o)
    0x0800042c   0x0800042c   0x0000010e   Code   RO         5099    .text               c_w.l(__printf_wp.o)
    0x0800053a   0x0800053a   0x0000008a   Code   RO         5116    .text               c_w.l(rt_memcpy_v6.o)
    0x080005c4   0x080005c4   0x00000044   Code   RO         5118    .text               c_w.l(rt_memclr.o)
    0x08000608   0x08000608   0x0000004e   Code   RO         5120    .text               c_w.l(rt_memclr_w.o)
    0x08000656   0x08000656   0x00000006   Code   RO         5122    .text               c_w.l(heapauxi.o)
    0x0800065c   0x0800065c   0x00000002   Code   RO         5138    .text               c_w.l(use_no_semi.o)
    0x0800065e   0x0800065e   0x000000b2   Code   RO         5145    .text               c_w.l(_printf_intcommon.o)
    0x08000710   0x08000710   0x0000041e   Code   RO         5147    .text               c_w.l(_printf_fp_dec.o)
    0x08000b2e   0x08000b2e   0x00000002   PAD
    0x08000b30   0x08000b30   0x00000030   Code   RO         5149    .text               c_w.l(_printf_char_common.o)
    0x08000b60   0x08000b60   0x00000024   Code   RO         5157    .text               c_w.l(_printf_char_file.o)
    0x08000b84   0x08000b84   0x00000064   Code   RO         5160    .text               c_w.l(rt_memcpy_w.o)
    0x08000be8   0x08000be8   0x00000008   Code   RO         5189    .text               c_w.l(rt_locale_intlibspace.o)
    0x08000bf0   0x08000bf0   0x0000008a   Code   RO         5191    .text               c_w.l(lludiv10.o)
    0x08000c7a   0x08000c7a   0x00000002   PAD
    0x08000c7c   0x08000c7c   0x00000080   Code   RO         5193    .text               c_w.l(_printf_fp_infnan.o)
    0x08000cfc   0x08000cfc   0x000000e4   Code   RO         5197    .text               c_w.l(bigflt0.o)
    0x08000de0   0x08000de0   0x00000008   Code   RO         5222    .text               c_w.l(ferror.o)
    0x08000de8   0x08000de8   0x00000008   Code   RO         5233    .text               c_w.l(libspace.o)
    0x08000df0   0x08000df0   0x0000004a   Code   RO         5236    .text               c_w.l(sys_stackheap_outer.o)
    0x08000e3a   0x08000e3a   0x00000012   Code   RO         5238    .text               c_w.l(exit.o)
    0x08000e4c   0x08000e4c   0x00000080   Code   RO         5244    .text               c_w.l(strcmpv7m.o)
    0x08000ecc   0x08000ecc   0x0000003e   Code   RO         5200    CL$$btod_d2e        c_w.l(btod.o)
    0x08000f0a   0x08000f0a   0x00000046   Code   RO         5202    CL$$btod_d2e_denorm_low  c_w.l(btod.o)
    0x08000f50   0x08000f50   0x00000060   Code   RO         5201    CL$$btod_d2e_norm_op1  c_w.l(btod.o)
    0x08000fb0   0x08000fb0   0x00000338   Code   RO         5210    CL$$btod_div_common  c_w.l(btod.o)
    0x080012e8   0x080012e8   0x000000dc   Code   RO         5207    CL$$btod_e2e        c_w.l(btod.o)
    0x080013c4   0x080013c4   0x0000002a   Code   RO         5204    CL$$btod_ediv       c_w.l(btod.o)
    0x080013ee   0x080013ee   0x0000002a   Code   RO         5203    CL$$btod_emul       c_w.l(btod.o)
    0x08001418   0x08001418   0x00000244   Code   RO         5209    CL$$btod_mult_common  c_w.l(btod.o)
    0x0800165c   0x0800165c   0x00000028   Code   RO         3965    i.BT_Init           bluetooth_motor.o
    0x08001684   0x08001684   0x00000002   Code   RO         3700    i.BusFault_Handler  stm32f4xx_it.o
    0x08001686   0x08001686   0x00000002   PAD
    0x08001688   0x08001688   0x00000018   Code   RO         4020    i.Buzzer_Init       buzzer.o
    0x080016a0   0x080016a0   0x00000010   Code   RO         4021    i.Buzzer_Off        buzzer.o
    0x080016b0   0x080016b0   0x00000020   Code   RO         4022    i.Buzzer_On         buzzer.o
    0x080016d0   0x080016d0   0x00000030   Code   RO         4023    i.Buzzer_SetFreq    buzzer.o
    0x08001700   0x08001700   0x00000062   Code   RO         4025    i.Buzzer_StartUp_Sound  buzzer.o
    0x08001762   0x08001762   0x00000002   PAD
    0x08001764   0x08001764   0x0000000c   Code   RO         3701    i.CAN1_RX0_IRQHandler  stm32f4xx_it.o
    0x08001770   0x08001770   0x0000000c   Code   RO         3702    i.CAN1_TX_IRQHandler  stm32f4xx_it.o
    0x0800177c   0x0800177c   0x0000000c   Code   RO         3703    i.CAN2_RX0_IRQHandler  stm32f4xx_it.o
    0x08001788   0x08001788   0x0000000c   Code   RO         3704    i.CAN2_TX_IRQHandler  stm32f4xx_it.o
    0x08001794   0x08001794   0x00000048   Code   RO         4921    i.CAN_cmd_chassis   can_receive.o
    0x080017dc   0x080017dc   0x0000000c   Code   RO         3705    i.DMA1_Stream1_IRQHandler  stm32f4xx_it.o
    0x080017e8   0x080017e8   0x0000000c   Code   RO         3706    i.DMA1_Stream3_IRQHandler  stm32f4xx_it.o
    0x080017f4   0x080017f4   0x0000000c   Code   RO         3707    i.DMA1_Stream5_IRQHandler  stm32f4xx_it.o
    0x08001800   0x08001800   0x0000000c   Code   RO         3708    i.DMA1_Stream6_IRQHandler  stm32f4xx_it.o
    0x0800180c   0x0800180c   0x0000000c   Code   RO         3709    i.DMA2_Stream1_IRQHandler  stm32f4xx_it.o
    0x08001818   0x08001818   0x0000000c   Code   RO         3710    i.DMA2_Stream2_IRQHandler  stm32f4xx_it.o
    0x08001824   0x08001824   0x0000000c   Code   RO         3711    i.DMA2_Stream6_IRQHandler  stm32f4xx_it.o
    0x08001830   0x08001830   0x0000000c   Code   RO         3712    i.DMA2_Stream7_IRQHandler  stm32f4xx_it.o
    0x0800183c   0x0800183c   0x00000028   Code   RO         1831    i.DMA_CalcBaseAndBitshift  stm32f4xx_hal_dma.o
    0x08001864   0x08001864   0x00000054   Code   RO         1832    i.DMA_CheckFifoParam  stm32f4xx_hal_dma.o
    0x080018b8   0x080018b8   0x00000028   Code   RO         1833    i.DMA_SetConfig     stm32f4xx_hal_dma.o
    0x080018e0   0x080018e0   0x00000002   Code   RO         3713    i.DebugMon_Handler  stm32f4xx_it.o
    0x080018e2   0x080018e2   0x00000006   Code   RO         3714    i.EXTI2_IRQHandler  stm32f4xx_it.o
    0x080018e8   0x080018e8   0x00000044   Code   RO         4971    i.Encoder_Counter_Init  encoder_counter.o
    0x0800192c   0x0800192c   0x00000028   Code   RO         4972    i.Encoder_Counter_Reset  encoder_counter.o
    0x08001954   0x08001954   0x00000054   Code   RO         4973    i.Encoder_Counter_Update  encoder_counter.o
    0x080019a8   0x080019a8   0x0000001c   Code   RO         4976    i.Encoder_Get_Turn_Count  encoder_counter.o
    0x080019c4   0x080019c4   0x00000004   Code   RO         3275    i.Error_Handler     main.o
    0x080019c8   0x080019c8   0x00000024   Code   RO         1087    i.HAL_CAN_ActivateNotification  stm32f4xx_hal_can.o
    0x080019ec   0x080019ec   0x000000d0   Code   RO         1088    i.HAL_CAN_AddTxMessage  stm32f4xx_hal_can.o
    0x08001abc   0x08001abc   0x0000010c   Code   RO         1089    i.HAL_CAN_ConfigFilter  stm32f4xx_hal_can.o
    0x08001bc8   0x08001bc8   0x00000002   Code   RO         1092    i.HAL_CAN_ErrorCallback  stm32f4xx_hal_can.o
    0x08001bca   0x08001bca   0x000000f4   Code   RO         1095    i.HAL_CAN_GetRxMessage  stm32f4xx_hal_can.o
    0x08001cbe   0x08001cbe   0x000001fc   Code   RO         1099    i.HAL_CAN_IRQHandler  stm32f4xx_hal_can.o
    0x08001eba   0x08001eba   0x0000011a   Code   RO         1100    i.HAL_CAN_Init      stm32f4xx_hal_can.o
    0x08001fd4   0x08001fd4   0x0000011c   Code   RO         3436    i.HAL_CAN_MspInit   can.o
    0x080020f0   0x080020f0   0x00000002   Code   RO         1107    i.HAL_CAN_RxFifo0FullCallback  stm32f4xx_hal_can.o
    0x080020f2   0x080020f2   0x00000002   PAD
    0x080020f4   0x080020f4   0x00000070   Code   RO         4923    i.HAL_CAN_RxFifo0MsgPendingCallback  can_receive.o
    0x08002164   0x08002164   0x00000002   Code   RO         1109    i.HAL_CAN_RxFifo1FullCallback  stm32f4xx_hal_can.o
    0x08002166   0x08002166   0x00000002   Code   RO         1110    i.HAL_CAN_RxFifo1MsgPendingCallback  stm32f4xx_hal_can.o
    0x08002168   0x08002168   0x00000002   Code   RO         1111    i.HAL_CAN_SleepCallback  stm32f4xx_hal_can.o
    0x0800216a   0x0800216a   0x00000002   PAD
    0x0800216c   0x0800216c   0x00000058   Code   RO         1112    i.HAL_CAN_Start     stm32f4xx_hal_can.o
    0x080021c4   0x080021c4   0x00000002   Code   RO         1114    i.HAL_CAN_TxMailbox0AbortCallback  stm32f4xx_hal_can.o
    0x080021c6   0x080021c6   0x00000002   Code   RO         1115    i.HAL_CAN_TxMailbox0CompleteCallback  stm32f4xx_hal_can.o
    0x080021c8   0x080021c8   0x00000002   Code   RO         1116    i.HAL_CAN_TxMailbox1AbortCallback  stm32f4xx_hal_can.o
    0x080021ca   0x080021ca   0x00000002   Code   RO         1117    i.HAL_CAN_TxMailbox1CompleteCallback  stm32f4xx_hal_can.o
    0x080021cc   0x080021cc   0x00000002   Code   RO         1118    i.HAL_CAN_TxMailbox2AbortCallback  stm32f4xx_hal_can.o
    0x080021ce   0x080021ce   0x00000002   Code   RO         1119    i.HAL_CAN_TxMailbox2CompleteCallback  stm32f4xx_hal_can.o
    0x080021d0   0x080021d0   0x00000002   Code   RO         1121    i.HAL_CAN_WakeUpFromRxMsgCallback  stm32f4xx_hal_can.o
    0x080021d2   0x080021d2   0x00000092   Code   RO         1834    i.HAL_DMA_Abort     stm32f4xx_hal_dma.o
    0x08002264   0x08002264   0x00000024   Code   RO         1835    i.HAL_DMA_Abort_IT  stm32f4xx_hal_dma.o
    0x08002288   0x08002288   0x000001a0   Code   RO         1839    i.HAL_DMA_IRQHandler  stm32f4xx_hal_dma.o
    0x08002428   0x08002428   0x000000d4   Code   RO         1840    i.HAL_DMA_Init      stm32f4xx_hal_dma.o
    0x080024fc   0x080024fc   0x0000006e   Code   RO         1844    i.HAL_DMA_Start_IT  stm32f4xx_hal_dma.o
    0x0800256a   0x0800256a   0x00000002   PAD
    0x0800256c   0x0800256c   0x00000024   Code   RO         2289    i.HAL_Delay         stm32f4xx_hal.o
    0x08002590   0x08002590   0x00000002   Code   RO         1725    i.HAL_GPIO_EXTI_Callback  stm32f4xx_hal_gpio.o
    0x08002592   0x08002592   0x00000002   PAD
    0x08002594   0x08002594   0x00000018   Code   RO         1726    i.HAL_GPIO_EXTI_IRQHandler  stm32f4xx_hal_gpio.o
    0x080025ac   0x080025ac   0x00000234   Code   RO         1727    i.HAL_GPIO_Init     stm32f4xx_hal_gpio.o
    0x080027e0   0x080027e0   0x0000000a   Code   RO         1729    i.HAL_GPIO_ReadPin  stm32f4xx_hal_gpio.o
    0x080027ea   0x080027ea   0x00000010   Code   RO         1730    i.HAL_GPIO_TogglePin  stm32f4xx_hal_gpio.o
    0x080027fa   0x080027fa   0x0000000a   Code   RO         1731    i.HAL_GPIO_WritePin  stm32f4xx_hal_gpio.o
    0x08002804   0x08002804   0x0000000c   Code   RO         2297    i.HAL_GetTick       stm32f4xx_hal.o
    0x08002810   0x08002810   0x00000010   Code   RO         2303    i.HAL_IncTick       stm32f4xx_hal.o
    0x08002820   0x08002820   0x00000034   Code   RO         2304    i.HAL_Init          stm32f4xx_hal.o
    0x08002854   0x08002854   0x00000098   Code   RO         3926    i.HAL_InitTick      stm32f4xx_hal_timebase_tim.o
    0x080028ec   0x080028ec   0x00000030   Code   RO         3902    i.HAL_MspInit       stm32f4xx_hal_msp.o
    0x0800291c   0x0800291c   0x0000001a   Code   RO         2137    i.HAL_NVIC_EnableIRQ  stm32f4xx_hal_cortex.o
    0x08002936   0x08002936   0x00000002   PAD
    0x08002938   0x08002938   0x00000040   Code   RO         2143    i.HAL_NVIC_SetPriority  stm32f4xx_hal_cortex.o
    0x08002978   0x08002978   0x00000024   Code   RO         2144    i.HAL_NVIC_SetPriorityGrouping  stm32f4xx_hal_cortex.o
    0x0800299c   0x0800299c   0x00000070   Code   RO         2063    i.HAL_PWREx_EnableOverDrive  stm32f4xx_hal_pwr_ex.o
    0x08002a0c   0x08002a0c   0x00000134   Code   RO         1321    i.HAL_RCC_ClockConfig  stm32f4xx_hal_rcc.o
    0x08002b40   0x08002b40   0x00000040   Code   RO         1325    i.HAL_RCC_GetClockConfig  stm32f4xx_hal_rcc.o
    0x08002b80   0x08002b80   0x00000020   Code   RO         1328    i.HAL_RCC_GetPCLK1Freq  stm32f4xx_hal_rcc.o
    0x08002ba0   0x08002ba0   0x00000020   Code   RO         1329    i.HAL_RCC_GetPCLK2Freq  stm32f4xx_hal_rcc.o
    0x08002bc0   0x08002bc0   0x00000064   Code   RO         1330    i.HAL_RCC_GetSysClockFreq  stm32f4xx_hal_rcc.o
    0x08002c24   0x08002c24   0x0000036c   Code   RO         1333    i.HAL_RCC_OscConfig  stm32f4xx_hal_rcc.o
    0x08002f90   0x08002f90   0x000000bc   Code   RO         2563    i.HAL_SPI_Init      stm32f4xx_hal_spi.o
    0x0800304c   0x0800304c   0x0000006c   Code   RO         3509    i.HAL_SPI_MspInit   spi.o
    0x080030b8   0x080030b8   0x000001f0   Code   RO         2572    i.HAL_SPI_TransmitReceive  stm32f4xx_hal_spi.o
    0x080032a8   0x080032a8   0x00000002   Code   RO          819    i.HAL_TIMEx_BreakCallback  stm32f4xx_hal_tim_ex.o
    0x080032aa   0x080032aa   0x00000002   Code   RO          820    i.HAL_TIMEx_CommutCallback  stm32f4xx_hal_tim_ex.o
    0x080032ac   0x080032ac   0x00000090   Code   RO          838    i.HAL_TIMEx_MasterConfigSynchronization  stm32f4xx_hal_tim_ex.o
    0x0800333c   0x0800333c   0x0000005a   Code   RO           15    i.HAL_TIM_Base_Init  stm32f4xx_hal_tim.o
    0x08003396   0x08003396   0x00000002   PAD
    0x08003398   0x08003398   0x00000088   Code   RO         3551    i.HAL_TIM_Base_MspInit  tim.o
    0x08003420   0x08003420   0x00000080   Code   RO           20    i.HAL_TIM_Base_Start_IT  stm32f4xx_hal_tim.o
    0x080034a0   0x080034a0   0x000000dc   Code   RO           24    i.HAL_TIM_ConfigClockSource  stm32f4xx_hal_tim.o
    0x0800357c   0x0800357c   0x00000002   Code   RO           49    i.HAL_TIM_IC_CaptureCallback  stm32f4xx_hal_tim.o
    0x0800357e   0x0800357e   0x00000130   Code   RO           63    i.HAL_TIM_IRQHandler  stm32f4xx_hal_tim.o
    0x080036ae   0x080036ae   0x00000002   PAD
    0x080036b0   0x080036b0   0x00000080   Code   RO         3552    i.HAL_TIM_MspPostInit  tim.o
    0x08003730   0x08003730   0x00000002   Code   RO           66    i.HAL_TIM_OC_DelayElapsedCallback  stm32f4xx_hal_tim.o
    0x08003732   0x08003732   0x000000cc   Code   RO           87    i.HAL_TIM_PWM_ConfigChannel  stm32f4xx_hal_tim.o
    0x080037fe   0x080037fe   0x0000005a   Code   RO           90    i.HAL_TIM_PWM_Init  stm32f4xx_hal_tim.o
    0x08003858   0x08003858   0x00000028   Code   RO         3554    i.HAL_TIM_PWM_MspInit  tim.o
    0x08003880   0x08003880   0x00000002   Code   RO           93    i.HAL_TIM_PWM_PulseFinishedCallback  stm32f4xx_hal_tim.o
    0x08003882   0x08003882   0x00000002   PAD
    0x08003884   0x08003884   0x000000c8   Code   RO           95    i.HAL_TIM_PWM_Start  stm32f4xx_hal_tim.o
    0x0800394c   0x0800394c   0x00000044   Code   RO         4280    i.HAL_TIM_PeriodElapsedCallback  user_tim.o
    0x08003990   0x08003990   0x00000002   Code   RO          106    i.HAL_TIM_TriggerCallback  stm32f4xx_hal_tim.o
    0x08003992   0x08003992   0x00000002   Code   RO         2886    i.HAL_UARTEx_RxEventCallback  stm32f4xx_hal_uart.o
    0x08003994   0x08003994   0x00000002   Code   RO         2900    i.HAL_UART_ErrorCallback  stm32f4xx_hal_uart.o
    0x08003996   0x08003996   0x00000002   PAD
    0x08003998   0x08003998   0x00000280   Code   RO         2903    i.HAL_UART_IRQHandler  stm32f4xx_hal_uart.o
    0x08003c18   0x08003c18   0x00000064   Code   RO         2904    i.HAL_UART_Init     stm32f4xx_hal_uart.o
    0x08003c7c   0x08003c7c   0x00000404   Code   RO         3629    i.HAL_UART_MspInit  usart.o
    0x08004080   0x08004080   0x0000001c   Code   RO         2908    i.HAL_UART_Receive_DMA  stm32f4xx_hal_uart.o
    0x0800409c   0x0800409c   0x0000001c   Code   RO         2909    i.HAL_UART_Receive_IT  stm32f4xx_hal_uart.o
    0x080040b8   0x080040b8   0x00000078   Code   RO         4323    i.HAL_UART_RxCpltCallback  user_usart.o
    0x08004130   0x08004130   0x00000002   Code   RO         2911    i.HAL_UART_RxHalfCpltCallback  stm32f4xx_hal_uart.o
    0x08004132   0x08004132   0x00000002   Code   RO         2915    i.HAL_UART_TxCpltCallback  stm32f4xx_hal_uart.o
    0x08004134   0x08004134   0x00000002   Code   RO         3715    i.HardFault_Handler  stm32f4xx_it.o
    0x08004136   0x08004136   0x00000002   PAD
    0x08004138   0x08004138   0x00000018   Code   RO         4732    i.IMU_DMA_RxCpltHandler  usart6.o
    0x08004150   0x08004150   0x00000008   Code   RO         4733    i.IMU_GetOutputInfo  usart6.o
    0x08004158   0x08004158   0x00000004   Code   RO         4735    i.IMU_Process_Task  usart6.o
    0x0800415c   0x0800415c   0x00000030   Code   RO         4737    i.IMU_USART_Init    usart6.o
    0x0800418c   0x0800418c   0x0000007c   Code   RO         4738    i.IMU_USART_ProcessData  usart6.o
    0x08004208   0x08004208   0x0000001c   Code   RO         4739    i.IMU_USART_StartReceive  usart6.o
    0x08004224   0x08004224   0x00000044   Code   RO         3437    i.MX_CAN1_Init      can.o
    0x08004268   0x08004268   0x00000048   Code   RO         3438    i.MX_CAN2_Init      can.o
    0x080042b0   0x080042b0   0x000000ac   Code   RO         3484    i.MX_DMA_Init       dma.o
    0x0800435c   0x0800435c   0x00000204   Code   RO         3411    i.MX_GPIO_Init      gpio.o
    0x08004560   0x08004560   0x00000048   Code   RO         3510    i.MX_SPI4_Init      spi.o
    0x080045a8   0x080045a8   0x00000058   Code   RO         3555    i.MX_TIM12_Init     tim.o
    0x08004600   0x08004600   0x000000c8   Code   RO         3556    i.MX_TIM2_Init      tim.o
    0x080046c8   0x080046c8   0x00000068   Code   RO         3557    i.MX_TIM3_Init      tim.o
    0x08004730   0x08004730   0x00000068   Code   RO         3558    i.MX_TIM5_Init      tim.o
    0x08004798   0x08004798   0x00000038   Code   RO         3630    i.MX_UART7_Init     usart.o
    0x080047d0   0x080047d0   0x00000038   Code   RO         3631    i.MX_UART8_Init     usart.o
    0x08004808   0x08004808   0x0000003c   Code   RO         3632    i.MX_USART1_UART_Init  usart.o
    0x08004844   0x08004844   0x00000038   Code   RO         3633    i.MX_USART2_UART_Init  usart.o
    0x0800487c   0x0800487c   0x00000038   Code   RO         3634    i.MX_USART3_UART_Init  usart.o
    0x080048b4   0x080048b4   0x00000038   Code   RO         3635    i.MX_USART6_UART_Init  usart.o
    0x080048ec   0x080048ec   0x00000002   Code   RO         3716    i.MemManage_Handler  stm32f4xx_it.o
    0x080048ee   0x080048ee   0x00000002   PAD
    0x080048f0   0x080048f0   0x000000a4   Code   RO         4149    i.Motor_Emergency_Stop  pwm_motor.o
    0x08004994   0x08004994   0x00000048   Code   RO         4152    i.Motor_Init        pwm_motor.o
    0x080049dc   0x080049dc   0x0000001e   Code   RO         4153    i.Motor_Init_All    pwm_motor.o
    0x080049fa   0x080049fa   0x00000002   PAD
    0x080049fc   0x080049fc   0x0000000c   Code   RO         4154    i.Motor_Is_Locked   pwm_motor.o
    0x08004a08   0x08004a08   0x00000004   Code   RO         4155    i.Motor_Lock_All    pwm_motor.o
    0x08004a0c   0x08004a0c   0x0000002c   Code   RO         4157    i.Motor_SetDirection  pwm_motor.o
    0x08004a38   0x08004a38   0x000000bc   Code   RO         4158    i.Motor_SetSpeed    pwm_motor.o
    0x08004af4   0x08004af4   0x00000058   Code   RO         4162    i.Motor_Stop        pwm_motor.o
    0x08004b4c   0x08004b4c   0x0000001e   Code   RO         4163    i.Motor_Stop_All    pwm_motor.o
    0x08004b6a   0x08004b6a   0x00000002   PAD
    0x08004b6c   0x08004b6c   0x00000010   Code   RO         4164    i.Motor_Unlock_All  pwm_motor.o
    0x08004b7c   0x08004b7c   0x00000002   Code   RO         3717    i.NMI_Handler       stm32f4xx_it.o
    0x08004b7e   0x08004b7e   0x00000002   PAD
    0x08004b80   0x08004b80   0x0000001c   Code   RO         5027    i.PID_Init          pid.o
    0x08004b9c   0x08004b9c   0x00000168   Code   RO         5028    i.PID_Loop_1ms      pid.o
    0x08004d04   0x08004d04   0x00000014   Code   RO         5029    i.PID_SetTargetSpeed  pid.o
    0x08004d18   0x08004d18   0x00000084   Code   RO         4430    i.PS2_Cmd           ps2.o
    0x08004d9c   0x08004d9c   0x0000002c   Code   RO         4551    i.PS2_Control_Init  ps2_control.o
    0x08004dc8   0x08004dc8   0x00000088   Code   RO         4552    i.PS2_Control_TIM3_Callback  ps2_control.o
    0x08004e50   0x08004e50   0x00000014   Code   RO         4432    i.PS2_Delay_US      ps2.o
    0x08004e64   0x08004e64   0x00000064   Code   RO         4433    i.PS2_EnterConfing  ps2.o
    0x08004ec8   0x08004ec8   0x00000064   Code   RO         4434    i.PS2_ExitConfing   ps2.o
    0x08004f2c   0x08004f2c   0x00000010   Code   RO         4625    i.PS2_Filter_Get_LX  ps2_filter.o
    0x08004f3c   0x08004f3c   0x00000014   Code   RO         4626    i.PS2_Filter_Get_LY  ps2_filter.o
    0x08004f50   0x08004f50   0x00000014   Code   RO         4627    i.PS2_Filter_Get_RX  ps2_filter.o
    0x08004f64   0x08004f64   0x00000010   Code   RO         4628    i.PS2_Filter_Get_RY  ps2_filter.o
    0x08004f74   0x08004f74   0x0000004c   Code   RO         4629    i.PS2_Filter_Init   ps2_filter.o
    0x08004fc0   0x08004fc0   0x0000005c   Code   RO         4435    i.PS2_Init          ps2.o
    0x0800501c   0x0800501c   0x00000058   Code   RO         4436    i.PS2_ReadData      ps2.o
    0x08005074   0x08005074   0x0000004c   Code   RO         4437    i.PS2_ShortPoll     ps2.o
    0x080050c0   0x080050c0   0x00000064   Code   RO         4438    i.PS2_TurnOnAnalogMode  ps2.o
    0x08005124   0x08005124   0x00000002   Code   RO         3718    i.PendSV_Handler    stm32f4xx_it.o
    0x08005126   0x08005126   0x00000002   PAD
    0x08005128   0x08005128   0x00000234   Code   RO         4324    i.Print_Task        user_usart.o
    0x0800535c   0x0800535c   0x0000008c   Code   RO         4399    i.Read_PQY13_Encoder  spi4.o
    0x080053e8   0x080053e8   0x0000006c   Code   RO         2601    i.SPI_EndRxTxTransaction  stm32f4xx_hal_spi.o
    0x08005454   0x08005454   0x000000bc   Code   RO         2606    i.SPI_WaitFlagStateUntilTimeout  stm32f4xx_hal_spi.o
    0x08005510   0x08005510   0x00000002   Code   RO         3719    i.SVC_Handler       stm32f4xx_it.o
    0x08005512   0x08005512   0x00000002   Code   RO         3720    i.SysTick_Handler   stm32f4xx_it.o
    0x08005514   0x08005514   0x000000a0   Code   RO         3276    i.SystemClock_Config  main.o
    0x080055b4   0x080055b4   0x00000010   Code   RO         3238    i.SystemInit        system_stm32f4xx.o
    0x080055c4   0x080055c4   0x0000000c   Code   RO         3721    i.TIM2_IRQHandler   stm32f4xx_it.o
    0x080055d0   0x080055d0   0x0000000c   Code   RO         3722    i.TIM3_IRQHandler   stm32f4xx_it.o
    0x080055dc   0x080055dc   0x0000003c   Code   RO         4281    i.TIM3_PeriodElapsed_Handler  user_tim.o
    0x08005618   0x08005618   0x00000038   Code   RO         4282    i.TIM3_Task_Execute  user_tim.o
    0x08005650   0x08005650   0x0000000c   Code   RO         3723    i.TIM5_IRQHandler   stm32f4xx_it.o
    0x0800565c   0x0800565c   0x0000000c   Code   RO         3724    i.TIM6_DAC_IRQHandler  stm32f4xx_it.o
    0x08005668   0x08005668   0x000000d0   Code   RO          108    i.TIM_Base_SetConfig  stm32f4xx_hal_tim.o
    0x08005738   0x08005738   0x0000001a   Code   RO          109    i.TIM_CCxChannelCmd  stm32f4xx_hal_tim.o
    0x08005752   0x08005752   0x00000014   Code   RO          119    i.TIM_ETR_SetConfig  stm32f4xx_hal_tim.o
    0x08005766   0x08005766   0x00000010   Code   RO          120    i.TIM_ITRx_SetConfig  stm32f4xx_hal_tim.o
    0x08005776   0x08005776   0x00000002   PAD
    0x08005778   0x08005778   0x00000060   Code   RO          121    i.TIM_OC1_SetConfig  stm32f4xx_hal_tim.o
    0x080057d8   0x080057d8   0x0000006c   Code   RO          122    i.TIM_OC2_SetConfig  stm32f4xx_hal_tim.o
    0x08005844   0x08005844   0x00000068   Code   RO          123    i.TIM_OC3_SetConfig  stm32f4xx_hal_tim.o
    0x080058ac   0x080058ac   0x00000050   Code   RO          124    i.TIM_OC4_SetConfig  stm32f4xx_hal_tim.o
    0x080058fc   0x080058fc   0x00000022   Code   RO          126    i.TIM_TI1_ConfigInputStage  stm32f4xx_hal_tim.o
    0x0800591e   0x0800591e   0x00000024   Code   RO          128    i.TIM_TI2_ConfigInputStage  stm32f4xx_hal_tim.o
    0x08005942   0x08005942   0x0000000e   Code   RO         2917    i.UART_DMAAbortOnError  stm32f4xx_hal_uart.o
    0x08005950   0x08005950   0x0000004a   Code   RO         2918    i.UART_DMAError     stm32f4xx_hal_uart.o
    0x0800599a   0x0800599a   0x00000086   Code   RO         2919    i.UART_DMAReceiveCplt  stm32f4xx_hal_uart.o
    0x08005a20   0x08005a20   0x0000001e   Code   RO         2921    i.UART_DMARxHalfCplt  stm32f4xx_hal_uart.o
    0x08005a3e   0x08005a3e   0x0000004e   Code   RO         2927    i.UART_EndRxTransfer  stm32f4xx_hal_uart.o
    0x08005a8c   0x08005a8c   0x0000001c   Code   RO         2928    i.UART_EndTxTransfer  stm32f4xx_hal_uart.o
    0x08005aa8   0x08005aa8   0x000000c2   Code   RO         2929    i.UART_Receive_IT   stm32f4xx_hal_uart.o
    0x08005b6a   0x08005b6a   0x00000002   PAD
    0x08005b6c   0x08005b6c   0x0000010c   Code   RO         2930    i.UART_SetConfig    stm32f4xx_hal_uart.o
    0x08005c78   0x08005c78   0x000000a0   Code   RO         2931    i.UART_Start_Receive_DMA  stm32f4xx_hal_uart.o
    0x08005d18   0x08005d18   0x00000036   Code   RO         2932    i.UART_Start_Receive_IT  stm32f4xx_hal_uart.o
    0x08005d4e   0x08005d4e   0x00000002   PAD
    0x08005d50   0x08005d50   0x0000000c   Code   RO         3725    i.USART1_IRQHandler  stm32f4xx_it.o
    0x08005d5c   0x08005d5c   0x0000000c   Code   RO         3726    i.USART2_IRQHandler  stm32f4xx_it.o
    0x08005d68   0x08005d68   0x00000014   Code   RO         4325    i.USART2_init       user_usart.o
    0x08005d7c   0x08005d7c   0x0000000c   Code   RO         3727    i.USART3_IRQHandler  stm32f4xx_it.o
    0x08005d88   0x08005d88   0x0000000c   Code   RO         3728    i.USART6_IRQHandler  stm32f4xx_it.o
    0x08005d94   0x08005d94   0x00000002   Code   RO         3729    i.UsageFault_Handler  stm32f4xx_it.o
    0x08005d96   0x08005d96   0x00000030   Code   RO         5231    i.__ARM_fpclassify  m_wm.l(fpclassify.o)
    0x08005dc6   0x08005dc6   0x00000020   Code   RO         2150    i.__NVIC_SetPriority  stm32f4xx_hal_cortex.o
    0x08005de6   0x08005de6   0x0000000e   Code   RO         5101    i._is_digit         c_w.l(__printf_wp.o)
    0x08005df4   0x08005df4   0x00000002   Code   RO         4327    i._sys_exit         user_usart.o
    0x08005df6   0x08005df6   0x0000008a   Code   RO         4684    i.analysis_data     analysis_data.o
    0x08005e80   0x08005e80   0x00000032   Code   RO         4685    i.calc_checksum     analysis_data.o
    0x08005eb2   0x08005eb2   0x00000002   PAD
    0x08005eb4   0x08005eb4   0x00000038   Code   RO         4824    i.can_filter_init   bsp_can.o
    0x08005eec   0x08005eec   0x0000030c   Code   RO         4686    i.check_data_len_by_id  analysis_data.o
    0x080061f8   0x080061f8   0x0000000a   Code   RO         4740    i.copy_frame        usart6.o
    0x08006202   0x08006202   0x0000009e   Code   RO         4630    i.filter_update     ps2_filter.o
    0x080062a0   0x080062a0   0x00000018   Code   RO         4329    i.fputc             user_usart.o
    0x080062b8   0x080062b8   0x00000014   Code   RO         4924    i.get_chassis_motor_measure_point  can_receive.o
    0x080062cc   0x080062cc   0x00000028   Code   RO         4165    i.get_motor_instance  pwm_motor.o
    0x080062f4   0x080062f4   0x00000016   Code   RO         4687    i.get_signed_int    analysis_data.o
    0x0800630a   0x0800630a   0x00000002   PAD
    0x0800630c   0x0800630c   0x00000064   Code   RO         4554    i.handle_mode_switch  ps2_control.o
    0x08006370   0x08006370   0x00000020   Code   RO         4631    i.is_ly_anomaly     ps2_filter.o
    0x08006390   0x08006390   0x0000001a   Code   RO         4632    i.is_rx_anomaly     ps2_filter.o
    0x080063aa   0x080063aa   0x00000002   PAD
    0x080063ac   0x080063ac   0x000000a8   Code   RO         3277    i.main              main.o
    0x08006454   0x08006454   0x0000004c   Code   RO         4555    i.printmode_switch  ps2_control.o
    0x080064a0   0x080064a0   0x00000100   Code   RO         4556    i.process_can_control  ps2_control.o
    0x080065a0   0x080065a0   0x0000021c   Code   RO         4557    i.process_motor_control  ps2_control.o
    0x080067bc   0x080067bc   0x0000000c   Code   RO         4441    i.ps2_get_anolog_data  ps2.o
    0x080067c8   0x080067c8   0x00000014   Code   RO         4442    i.ps2_get_key_state  ps2.o
    0x080067dc   0x080067dc   0x0000004c   Code   RO         4443    i.ps2_key_serch     ps2.o
    0x08006828   0x08006828   0x00000028   Code   RO         4444    i.ps2_mode_get      ps2.o
    0x08006850   0x08006850   0x00000026   Code   RO         4558    i.stick_to_speed    ps2_control.o
    0x08006876   0x08006876   0x00000002   PAD
    0x08006878   0x08006878   0x0000011c   Code   RO         4166    i.update_motor_gpio  pwm_motor.o
    0x08006994   0x08006994   0x0000002c   Code   RO         5227    locale$$code        c_w.l(lc_numeric_c.o)
    0x080069c0   0x080069c0   0x0000002e   Code   RO         5127    x$fpl$dflt          fz_wm.l(dflt_clz.o)
    0x080069ee   0x080069ee   0x00000002   PAD
    0x080069f0   0x080069f0   0x00000154   Code   RO         5132    x$fpl$dmul          fz_wm.l(dmul.o)
    0x08006b44   0x08006b44   0x0000009c   Code   RO         5162    x$fpl$dnaninf       fz_wm.l(dnaninf.o)
    0x08006be0   0x08006be0   0x0000000c   Code   RO         5164    x$fpl$dretinf       fz_wm.l(dretinf.o)
    0x08006bec   0x08006bec   0x00000056   Code   RO         5134    x$fpl$f2d           fz_wm.l(f2d.o)
    0x08006c42   0x08006c42   0x0000008c   Code   RO         5166    x$fpl$fnaninf       fz_wm.l(fnaninf.o)
    0x08006cce   0x08006cce   0x0000000a   Code   RO         5307    x$fpl$fpinit        fz_wm.l(fpinit.o)
    0x08006cd8   0x08006cd8   0x00000004   Code   RO         5136    x$fpl$printf1       fz_wm.l(printf1.o)
    0x08006cdc   0x08006cdc   0x00000000   Code   RO         5168    x$fpl$usenofp       fz_wm.l(usenofp.o)
    0x08006cdc   0x08006cdc   0x00000008   Data   RO         1846    .constdata          stm32f4xx_hal_dma.o
    0x08006ce4   0x08006ce4   0x00000010   Data   RO         3239    .constdata          system_stm32f4xx.o
    0x08006cf4   0x08006cf4   0x00000008   Data   RO         3240    .constdata          system_stm32f4xx.o
    0x08006cfc   0x08006cfc   0x00000010   Data   RO         4167    .constdata          pwm_motor.o
    0x08006d0c   0x08006d0c   0x00000094   Data   RO         5198    .constdata          c_w.l(bigflt0.o)
    0x08006da0   0x08006da0   0x00000020   Data   RO         5369    Region$$Table       anon$$obj.o
    0x08006dc0   0x08006dc0   0x0000001c   Data   RO         5226    locale$$data        c_w.l(lc_numeric_c.o)


    Execution Region RW_IRAM2 (Exec base: 0x10000000, Load base: 0x08006f00, Size: 0x00000000, Max: 0x00010000, ABSOLUTE)

    **** No section assigned to this execution region ****


    Execution Region RW_IRAM1 (Exec base: 0x20000000, Load base: 0x08006ddc, Size: 0x00001190, Max: 0x00030000, ABSOLUTE)

    Exec Addr    Load Addr    Size         Type   Attr      Idx    E Section Name        Object

    0x20000000   0x08006ddc   0x0000000c   Data   RW         2311    .data               stm32f4xx_hal.o
    0x2000000c   0x08006de8   0x00000004   Data   RW         3241    .data               system_stm32f4xx.o
    0x20000010   0x08006dec   0x00000004   Data   RW         3440    .data               can.o
    0x20000014   0x08006df0   0x00000008   Data   RW         3971    .data               bluetooth_motor.o
    0x2000001c   0x08006df8   0x00000011   Data   RW         4168    .data               pwm_motor.o
    0x2000002d   0x08006e09   0x00000001   Data   RW         4284    .data               user_tim.o
    0x2000002e   0x08006e0a   0x00000004   Data   RW         4331    .data               user_usart.o
    0x20000032   0x08006e0e   0x00000002   PAD
    0x20000034   0x08006e10   0x00000004   Data   RW         4332    .data               user_usart.o
    0x20000038   0x08006e14   0x00000094   Data   RW         4447    .data               ps2.o
    0x200000cc   0x08006ea8   0x00000024   Data   RW         4559    .data               ps2_control.o
    0x200000f0   0x08006ecc   0x00000020   Data   RW         4633    .data               ps2_filter.o
    0x20000110   0x08006eec   0x00000008   Data   RW         4742    .data               usart6.o
    0x20000118   0x08006ef4   0x00000009   Data   RW         4926    .data               can_receive.o
    0x20000121   0x08006efd   0x00000001   PAD
    0x20000122   0x08006efe   0x00000002   Data   RW         5031    .data               pid.o
    0x20000124        -       0x00000050   Zero   RW         3439    .bss                can.o
    0x20000174        -       0x00000058   Zero   RW         3511    .bss                spi.o
    0x200001cc        -       0x00000120   Zero   RW         3559    .bss                tim.o
    0x200002ec        -       0x000004b0   Zero   RW         3636    .bss                usart.o
    0x2000079c        -       0x00000048   Zero   RW         3929    .bss                stm32f4xx_hal_timebase_tim.o
    0x200007e4        -       0x00000010   Zero   RW         4283    .bss                user_tim.o
    0x200007f4        -       0x000000c8   Zero   RW         4330    .bss                user_usart.o
    0x200008bc        -       0x0000000c   Zero   RW         4400    .bss                spi4.o
    0x200008c8        -       0x00000009   Zero   RW         4445    .bss                ps2.o
    0x200008d1        -       0x000000f6   Zero   RW         4689    .bss                analysis_data.o
    0x200009c7   0x08006f00   0x00000001   PAD
    0x200009c8        -       0x000000cd   Zero   RW         4741    .bss                usart6.o
    0x20000a95   0x08006f00   0x00000003   PAD
    0x20000a98        -       0x00000040   Zero   RW         4925    .bss                can_receive.o
    0x20000ad8        -       0x00000030   Zero   RW         4977    .bss                encoder_counter.o
    0x20000b08        -       0x00000028   Zero   RW         5030    .bss                pid.o
    0x20000b30        -       0x00000060   Zero   RW         5234    .bss                c_w.l(libspace.o)
    0x20000b90        -       0x00000200   Zero   RW            2    HEAP                startup_stm32f427xx.o
    0x20000d90        -       0x00000400   Zero   RW            1    STACK               startup_stm32f427xx.o


==============================================================================

Image component sizes


      Code (inc. data)   RO Data    RW Data    ZI Data      Debug   Object Name

       990         20          0          0        246       6834   analysis_data.o
        40         12          0          8          0       1270   bluetooth_motor.o
        56          4          0          0          0     612082   bsp_can.o
       218         24          0          0          0       2919   buzzer.o
       424         44          0          4         80       2454   can.o
       204         24          0          9         64       3488   can_receive.o
       172          4          0          0          0        850   dma.o
       220         20          0          0         48       4205   encoder_counter.o
       516         38          0          0          0       1211   gpio.o
       332         24          0          0          0       4632   main.o
       408         58          0          2         40       3563   pid.o
       856         90          0        148          9       8209   ps2.o
      1190         56          0         36          0       6756   ps2_control.o
       364         36          0         32          0       6122   ps2_filter.o
       972         94         16         17          0       8981   pwm_motor.o
       180         24          0          0         88       1653   spi.o
       140         28          0          0         12       1212   spi4.o
        64         26        428          0       1536        836   startup_stm32f427xx.o
       116         18          0         12          0       8802   stm32f4xx_hal.o
      1658          6          0          0          0      14131   stm32f4xx_hal_can.o
       158         14          0          0          0      32998   stm32f4xx_hal_cortex.o
      1084         16          8          0          0       7266   stm32f4xx_hal_dma.o
       626         60          0          0          0       4632   stm32f4xx_hal_gpio.o
        48          6          0          0          0        842   stm32f4xx_hal_msp.o
       112         14          0          0          0       1268   stm32f4xx_hal_pwr_ex.o
      1412         86          0          0          0       5853   stm32f4xx_hal_rcc.o
       980         16          0          0          0       4857   stm32f4xx_hal_spi.o
      1972        136          0          0          0     774820   stm32f4xx_hal_tim.o
       148         28          0          0          0       2449   stm32f4xx_hal_tim_ex.o
       152         20          0          0         72       1451   stm32f4xx_hal_timebase_tim.o
      1838         28          0          0          0      13890   stm32f4xx_hal_uart.o
       264        120          0          0          0      13807   stm32f4xx_it.o
        16          4         24          4          0       1103   system_stm32f4xx.o
       800         72          0          0        288       5059   tim.o
      1368        118          0          0       1200       5967   usart.o
       246         44          0          8        205       6822   usart6.o
       184         28          0          1         16       3042   user_tim.o
       730        328          0          8        200       5293   user_usart.o

    ----------------------------------------------------------------------
     21306       1788        508        292       4108    1591629   Object Totals
         0          0         32          0          0          0   (incl. Generated)
        48          0          0          3          4          0   (incl. Padding)

    ----------------------------------------------------------------------

      Code (inc. data)   RO Data    RW Data    ZI Data      Debug   Library Member Name

        24          4          0          0          0         84   __2printf.o
         8          0          0          0          0         68   __main.o
       284          0          0          0          0        156   __printf_wp.o
         0          0          0          0          0          0   __rtentry.o
        12          0          0          0          0          0   __rtentry2.o
         6          0          0          0          0          0   __rtentry4.o
        52          8          0          0          0          0   __scatter.o
        26          0          0          0          0          0   __scatter_copy.o
        28          0          0          0          0          0   __scatter_zi.o
        48          6          0          0          0         96   _printf_char_common.o
        36          4          0          0          0         80   _printf_char_file.o
         6          0          0          0          0          0   _printf_d.o
       120         16          0          0          0         92   _printf_dec.o
         6          0          0          0          0          0   _printf_f.o
      1054          0          0          0          0        216   _printf_fp_dec.o
       128         16          0          0          0         84   _printf_fp_infnan.o
       178          0          0          0          0         88   _printf_intcommon.o
         0          0          0          0          0          0   _printf_percent.o
         4          0          0          0          0          0   _printf_percent_end.o
       228          4        148          0          0         96   bigflt0.o
      1936        128          0          0          0        672   btod.o
        18          0          0          0          0         80   exit.o
         8          0          0          0          0         68   ferror.o
         6          0          0          0          0        152   heapauxi.o
        44         10         28          0          0         76   lc_numeric_c.o
         2          0          0          0          0          0   libinit.o
        22          0          0          0          0          0   libinit2.o
         2          0          0          0          0          0   libshutdown.o
         2          0          0          0          0          0   libshutdown2.o
         8          4          0          0         96         68   libspace.o
       138          0          0          0          0         80   lludiv10.o
       238          0          0          0          0        100   lludivv7m.o
         8          4          0          0          0         68   rt_locale_intlibspace.o
        68          0          0          0          0         68   rt_memclr.o
        78          0          0          0          0         80   rt_memclr_w.o
       138          0          0          0          0         68   rt_memcpy_v6.o
       100          0          0          0          0         80   rt_memcpy_w.o
         2          0          0          0          0          0   rtexit.o
        10          0          0          0          0          0   rtexit2.o
       128          0          0          0          0         68   strcmpv7m.o
        74          0          0          0          0         80   sys_stackheap_outer.o
         2          0          0          0          0         68   use_no_semi.o
         2          0          0          0          0         68   use_no_semi_2.o
        46          0          0          0          0        116   dflt_clz.o
       340         12          0          0          0        152   dmul.o
       156          4          0          0          0        140   dnaninf.o
        12          0          0          0          0        116   dretinf.o
        86          4          0          0          0        132   f2d.o
       140          4          0          0          0        132   fnaninf.o
        10          0          0          0          0        116   fpinit.o
         4          0          0          0          0        116   printf1.o
         0          0          0          0          0          0   usenofp.o
        48          0          0          0          0        124   fpclassify.o

    ----------------------------------------------------------------------
      6134        228        176          0         96       4148   Library Totals
        10          0          0          0          0          0   (incl. Padding)

    ----------------------------------------------------------------------

      Code (inc. data)   RO Data    RW Data    ZI Data      Debug   Library Name

      5282        204        176          0         96       3004   c_w.l
       794         24          0          0          0       1020   fz_wm.l
        48          0          0          0          0        124   m_wm.l

    ----------------------------------------------------------------------
      6134        228        176          0         96       4148   Library Totals

    ----------------------------------------------------------------------

==============================================================================


      Code (inc. data)   RO Data    RW Data    ZI Data      Debug   

     27440       2016        684        292       4204    1571413   Grand Totals
     27440       2016        684        292       4204    1571413   ELF Image Totals
     27440       2016        684        292          0          0   ROM Totals

==============================================================================

    Total RO  Size (Code + RO Data)                28124 (  27.46kB)
    Total RW  Size (RW Data + ZI Data)              4496 (   4.39kB)
    Total ROM Size (Code + RO Data + RW Data)      28416 (  27.75kB)

==============================================================================

