<html>
<body>
<pre>
<h1>礦ision Build Log</h1>
<h2>Tool Versions:</h2>
IDE-Version: μVision V5.42.0.0
Copyright (C) 2025 ARM Ltd and ARM Germany GmbH. All rights reserved.
License Information: 天津大学 天津大学, 天津大学, LIC=AK1BF-6U3ZU-SGR7K-ZK89S-VSY46-SSYQX
 
Tool Versions:
Toolchain:       MDK-ARM Professional  Version: 5.42.0.0
Toolchain Path:  D:\keil5\Keil_v5\ARM\ARM_Compiler_5.06u7\Bin
C Compiler:      Armcc.exe V5.06 update 7 (build 960)
Assembler:       Armasm.exe V5.06 update 7 (build 960)
Linker/Locator:  ArmLink.exe V5.06 update 7 (build 960)
Library Manager: ArmAr.exe V5.06 update 7 (build 960)
Hex Converter:   FromElf.exe V5.06 update 7 (build 960)
CPU DLL:         SARMCM3.DLL V5.42.0.0
Dialog DLL:      DCM.DLL V1.17.5.0
Target DLL:      STLink\ST-LINKIII-KEIL_SWO.dll V3.3.0.0
Dialog DLL:      TCM.DLL V1.56.6.0
 
<h2>Project:</h2>
F:\control_progaram\a_climb\MDK-ARM\main.uvprojx
Project File Date:  05/15/2026

<h2>Output:</h2>
*** Using Compiler 'V5.06 update 7 (build 960)', folder: 'D:\keil5\Keil_v5\ARM\ARM_Compiler_5.06u7\Bin'
Rebuild target 'main'
assembling startup_stm32f427xx.s...
compiling stm32f4xx_hal_gpio.c...
compiling stm32f4xx_hal_flash_ramfunc.c...
compiling stm32f4xx_hal_flash.c...
compiling stm32f4xx_hal_pwr.c...
compiling stm32f4xx_hal_dma.c...
compiling stm32f4xx_hal_rcc_ex.c...
compiling stm32f4xx_hal_flash_ex.c...
compiling stm32f4xx_hal_tim_ex.c...
compiling stm32f4xx_hal_can.c...
compiling stm32f4xx_hal_rcc.c...
compiling stm32f4xx_hal_dma_ex.c...
compiling stm32f4xx_hal_tim.c...
compiling stm32f4xx_hal_pwr_ex.c...
compiling stm32f4xx_hal_cortex.c...
compiling stm32f4xx_hal.c...
compiling stm32f4xx_hal_exti.c...
compiling stm32f4xx_hal_spi.c...
compiling dma.c...
compiling system_stm32f4xx.c...
compiling spi.c...
compiling gpio.c...
compiling can.c...
compiling main.c...
compiling stm32f4xx_hal_msp.c...
compiling tim.c...
compiling stm32f4xx_hal_timebase_tim.c...
compiling stm32f4xx_hal_uart.c...
compiling stm32f4xx_it.c...
compiling usart.c...
compiling ps2_filter.c...
compiling analysis_data.c...
..\Hardware\imu\analysis_data.c(354): warning:  #177-D: variable "check_sum"  was declared but never referenced
  	unsigned short check_sum = 0;
..\Hardware\imu\analysis_data.c(356): warning:  #177-D: variable "ret"  was declared but never referenced
  	unsigned char ret = 0xff;
..\Hardware\imu\analysis_data.c(359): warning:  #177-D: variable "Head_buf"  was declared but never referenced
  	static uint8_t Head_buf[5];
..\Hardware\imu\analysis_data.c(363): warning:  #177-D: variable "CRC16_buf"  was declared but never referenced
  	static uint8_t CRC16_buf[2];
..\Hardware\imu\analysis_data.c(364): warning:  #177-D: variable "crc16_count"  was declared but never referenced
  	static uint8_t crc16_count=0; //需要复位的变量值
..\Hardware\imu\analysis_data.c(366): warning:  #177-D: variable "recv_counts"  was declared but never referenced
  	static uint8_t recv_counts=0;//接收到的数据计数值 //需要复位的变量值
..\Hardware\imu\analysis_data.c: 6 warnings, 0 errors
compiling buzzer.c...
compiling led.c...
compiling bluetooth_motor.c...
compiling num_command.c...
compiling encoder_counter.c...
..\Hardware\can\encoder_counter.c(16): warning:  #223-D: function "HAL_Delay" declared implicitly
      HAL_Delay(50);
..\Hardware\can\encoder_counter.c: 1 warning, 0 errors
compiling PID.c...
compiling pwm_motor.c...
compiling user_tim.c...
compiling spi4.c...
compiling ps2.c...
compiling user_usart.c...
compiling bsp_can.c...
compiling ps2_control.c...
compiling usart6.c...
compiling CAN_receive.c...
compiling climb_control.c...
..\Hardware\climb\climb_control.c(17): warning:  #177-D: variable "L4_RIGHT"  was declared but never referenced
  static const float L4_RIGHT = 0.59f;
..\Hardware\climb\climb_control.c: 1 warning, 0 errors
linking...
Program Size: Code=30728 RO-data=728 RW-data=292 ZI-data=4292  
FromELF: creating hex file...
"main\main.axf" - 0 Error(s), 8 Warning(s).

<h2>Software Packages used:</h2>

Package Vendor: ARM
                https://www.keil.com/pack/ARM.CMSIS.6.2.0.pack
                ARM::CMSIS@6.2.0
                CMSIS (Common Microcontroller Software Interface Standard)
   * Component: CORE Version: 6.1.1

Package Vendor: Keil
                https://www.keil.com/pack/Keil.STM32F4xx_DFP.3.1.1.pack
                Keil::STM32F4xx_DFP@3.1.1
                STMicroelectronics STM32F4 Series Device Support

<h2>Collection of Component include folders:</h2>
  ./RTE/_main
  D:/keil5/Packs/ARM/CMSIS/6.2.0/CMSIS/Core/Include

<h2>Collection of Component Files used:</h2>

   * Component: ARM::CMSIS:CORE@6.1.1
Build Time Elapsed:  00:00:22
</pre>
</body>
</html>
